 ac97smpl

 Timestamp is 69a4cfae (Mon Mar 02 01:45:50 2026)

 Preferred load address is 00010000

 Start         Length     Name                   Class
 0001:00000000 00002676H .text                   CODE
 0002:00000000 00000090H .idata$5                DATA
 0002:00000090 000013e3H .rdata                  DATA
 0003:00000000 00000d5dH .data                   DATA
 0003:00000d60 00000690H .bss                    DATA
 0004:00000000 0000cce9H PAGE                    CODE
 0005:00000000 0000003cH .idata$2                CODE
 0005:0000003c 00000014H .idata$3                CODE
 0005:00000050 00000090H .idata$4                CODE
 0005:000000e0 000002dcH .idata$6                CODE
 0006:00000000 00000058H .rsrc$01                DATA
 0006:00000060 00000390H .rsrc$02                DATA

  Address         Publics by Value              Rva+Base     Lib:Object

 0001:00000000       ?AddRef@CMiniportWaveICH@@UAGKXZ 000102e0 f i common.obj
 0001:00000000       ?AddRef@CAdapterCommon@@UAGKXZ 000102e0 f i common.obj
 0001:00000014       ?Release@CAdapterCommon@@UAGKXZ 000102f4 f i common.obj
 0001:00000014       ?Release@CMiniportWaveICH@@UAGKXZ 000102f4 f i common.obj
 0001:00000028       ?GetPinConfig@CAdapterCommon@@UAGHW4TopoPinConfig@@@Z 00010308 f i common.obj
 0001:0000003a       ?SetPinConfig@CAdapterCommon@@UAGXW4TopoPinConfig@@H@Z 0001031a f i common.obj
 0001:0000004e       ?GetNodeConfig@CAdapterCommon@@UAGHW4TopoNodeConfig@@@Z 0001032e f i common.obj
 0001:00000060       ?SetNodeConfig@CAdapterCommon@@UAGXW4TopoNodeConfig@@H@Z 00010340 f i common.obj
 0001:00000074       ?GetNodeReg@CAdapterCommon@@UAG?AW4AC97Register@@W4TopoNodes@@@Z 00010354 f i common.obj
 0001:00000086       ?GetNodeMask@CAdapterCommon@@UAGGW4TopoNodes@@@Z 00010366 f i common.obj
 0001:00000098       ??_GCAdapterCommon@@UAEPAXI@Z 00010378 f i common.obj
 0001:00000098       ??_ECAdapterCommon@@UAEPAXI@Z 00010378 f i common.obj
 0001:00000126       ?WriteBMControlRegister@CAdapterCommon@@UAGXKE@Z 00010406 f   common.obj
 0001:0000020a       ?WriteBMControlRegister@CAdapterCommon@@UAGXKG@Z 000104ea f   common.obj
 0001:000002f2       ?WriteBMControlRegister@CAdapterCommon@@UAGXKK@Z 000105d2 f   common.obj
 0001:000003d0       ?ReadBMControlRegister8@CAdapterCommon@@UAGEK@Z 000106b0 f   common.obj
 0001:000004ae       ?ReadBMControlRegister16@CAdapterCommon@@UAGGK@Z 0001078e f   common.obj
 0001:0000058c       ?ReadBMControlRegister32@CAdapterCommon@@UAGKK@Z 0001086c f   common.obj
 0001:00000608       ?AddRef@CMiniportWaveICH@@W3AGKXZ 000108e8 f i common.obj
 0001:00000608       ?AddRef@CAdapterCommon@@W3AGKXZ 000108e8 f i common.obj
 0001:00000612       ?AddRef@CMiniportTopologyICH@@UAGKXZ 000108f2 f i mintopo.obj
 0001:00000612       ?AddRef@CMiniportWaveICHStream@@UAGKXZ 000108f2 f i mintopo.obj
 0001:00000626       ??_ECMiniportTopologyICH@@UAEPAXI@Z 00010906 f i mintopo.obj
 0001:00000626       ??_GCMiniportTopologyICH@@UAEPAXI@Z 00010906 f i mintopo.obj
 0001:0000064a       ?TransNodeNrToNodeDef@CMiniportTopologyICH@@AAE?AW4TopoNodes@@H@Z 0001092a f i mintopo.obj
 0001:00000692       ?TransPinNrToPinDef@CMiniportTopologyICH@@AAE?AW4TopoPins@@H@Z 00010972 f i mintopo.obj
 0001:000006d6       ?TransNodeDefToNodeNr@CMiniportTopologyICH@@AAEHW4TopoNodes@@@Z 000109b6 f i mintopo.obj
 0001:0000071e       ?TransPinDefToPinNr@CMiniportTopologyICH@@AAEHW4TopoPins@@@Z 000109fe f i mintopo.obj
 0001:00000762       ?QueryInterface@CMiniportWaveICH@@UAGJABU_GUID@@PAPAX@Z 00010a42 f i minwave.obj
 0001:00000762       ?QueryInterface@CAdapterCommon@@UAGJABU_GUID@@PAPAX@Z 00010a42 f i minwave.obj
 0001:0000077a       ??_GCMiniportWaveICH@@UAEPAXI@Z 00010a5a f i minwave.obj
 0001:0000077a       ??_ECMiniportWaveICH@@UAEPAXI@Z 00010a5a f i minwave.obj
 0001:0000079e       ?Service@CMiniportWaveICH@@UAGXXZ 00010a7e f   minwave.obj
 0001:000008b8       ?InterruptServiceRoutine@CMiniportWaveICH@@SGJPAUIInterruptSync@@PAX@Z 00010b98 f   minwave.obj
 0001:00000a6e       ?QueryInterface@CAdapterCommon@@W3AGJABU_GUID@@PAPAX@Z 00010d4e f i minwave.obj
 0001:00000a6e       ?QueryInterface@CMiniportWaveICH@@W3AGJABU_GUID@@PAPAX@Z 00010d4e f i minwave.obj
 0001:00000a78       ?Release@CMiniportWaveICH@@W3AGKXZ 00010d58 f i minwave.obj
 0001:00000a78       ?Release@CAdapterCommon@@W3AGKXZ 00010d58 f i minwave.obj
 0001:00000a82       ?QueryInterface@CMiniportWaveICHStream@@UAGJABU_GUID@@PAPAX@Z 00010d62 f i ichwave.obj
 0001:00000a82       ?QueryInterface@CMiniportTopologyICH@@UAGJABU_GUID@@PAPAX@Z 00010d62 f i ichwave.obj
 0001:00000a9a       ?Release@CMiniportWaveICHStream@@UAGKXZ 00010d7a f i ichwave.obj
 0001:00000a9a       ?Release@CMiniportTopologyICH@@UAGKXZ 00010d7a f i ichwave.obj
 0001:00000aae       ??_GCMiniportWaveICHStream@@UAEPAXI@Z 00010d8e f i ichwave.obj
 0001:00000aae       ??_ECMiniportWaveICHStream@@UAEPAXI@Z 00010d8e f i ichwave.obj
 0001:00000b90       ?PowerChangeNotify@CMiniportWaveICHStream@@QAEJT_POWER_STATE@@@Z 00010e70 f   ichwave.obj
 0001:00000da6       ?MoveBDList@CMiniportWaveICHStream@@AAEXHHH@Z 00011086 f   ichwave.obj
 0001:0000108a       ?CheckBDList@CMiniportWaveICHStream@@AAEXXZ 0001136a f   ichwave.obj
 0001:00001362       ?Service@CMiniportWaveICHStream@@UAGXXZ 00011642 f   ichwave.obj
 0001:000013dc       ?NormalizePhysicalPosition@CMiniportWaveICHStream@@UAGJPA_J@Z 000116bc f   ichwave.obj
 0001:00001485       ?GetPosition@CMiniportWaveICHStream@@UAGJPA_K@Z 00011765 f   ichwave.obj
 0001:000016bc       ?RevokeMappings@CMiniportWaveICHStream@@UAGJPAX0PAK@Z 0001199c f   ichwave.obj
 0001:00001a5e       ?MappingAvailable@CMiniportWaveICHStream@@UAGXXZ 00011d3e f   ichwave.obj
 0001:00001bc6       ?GetNewMappings@CMiniportWaveICHStream@@AAEJXZ 00011ea6 f   ichwave.obj
 0001:00001ed8       ?ReleaseUsedMappings@CMiniportWaveICHStream@@AAEJXZ 000121b8 f   ichwave.obj
 0001:00002160       ?SetState@CMiniportWaveICHStream@@UAGJW4KSSTATE@@@Z 00012440 f   ichwave.obj
 0001:000022d6       ?ResetDMA@CMiniportWaveICHStream@@AAEJXZ 000125b6 f   ichwave.obj
 0001:000023fc       ?PauseDMA@CMiniportWaveICHStream@@AAEJXZ 000126dc f   ichwave.obj
 0001:0000247a       ?ResumeDMA@CMiniportWaveICHStream@@AAEJXZ 0001275a f   ichwave.obj
 0001:000024e8       _DbgPrint                  000127c8 f   ntoskrnl:ntoskrnl.exe
 0001:000024ee       __alldiv                   000127ce f   ntoskrnl:ntoskrnl.exe
 0001:000024f4       __allmul                   000127d4 f   ntoskrnl:ntoskrnl.exe
 0001:000024fa       _PcRegisterSubdevice@12    000127da f   portcls:portcls.sys
 0001:00002500       _PcNewMiniport@8           000127e0 f   portcls:portcls.sys
 0001:00002506       _PcNewPort@8               000127e6 f   portcls:portcls.sys
 0001:0000250c       _PcRegisterPhysicalConnection@20 000127ec f   portcls:portcls.sys
 0001:00002512       _PcRegisterAdapterPowerManagement@8 000127f2 f   portcls:portcls.sys
 0001:00002518       _PcAddAdapterDevice@20     000127f8 f   portcls:portcls.sys
 0001:0000251e       _PcInitializeAdapterDriver@12 000127fe f   portcls:portcls.sys
 0001:00002524       _PcGetTimeInterval@8       00012804 f   portcls:portcls.sys
 0001:0000252a       _PcNewRegistryKey@36       0001280a f   portcls:portcls.sys
 0001:00002530       _PcNewInterruptSync@20     00012810 f   portcls:portcls.sys
 0001:00002536       _PcNewServiceGroup@8       00012816 f   portcls:portcls.sys
 0001:0000253c       ??0CUnknown@@QAE@PAUIUnknown@@@Z 0001281c f   stdunk:stdunk.obj
 0001:0000255e       ??_ECUnknown@@UAEPAXI@Z    0001283e f i stdunk:stdunk.obj
 0001:0000255e       ??_GCUnknown@@UAEPAXI@Z    0001283e f i stdunk:stdunk.obj
 0001:0000257d       ??1CUnknown@@UAE@XZ        0001285d f   stdunk:stdunk.obj
 0001:00002584       ?NonDelegatingAddRef@CUnknown@@UAGKXZ 00012864 f   stdunk:stdunk.obj
 0001:000025b7       ?NonDelegatingRelease@CUnknown@@UAGKXZ 00012897 f   stdunk:stdunk.obj
 0001:00002603       ?NonDelegatingQueryInterface@CUnknown@@UAGJABU_GUID@@PAPAX@Z 000128e3 f   stdunk:stdunk.obj
 0002:00000000       __imp__WRITE_PORT_UCHAR@8  00012960     hal:HAL.dll
 0002:00000004       __imp__KeGetCurrentIrql@0  00012964     hal:HAL.dll
 0002:00000008       __imp__KeStallExecutionProcessor@4 00012968     hal:HAL.dll
 0002:0000000c       __imp__WRITE_PORT_USHORT@8 0001296c     hal:HAL.dll
 0002:00000010       __imp__READ_PORT_USHORT@4  00012970     hal:HAL.dll
 0002:00000014       __imp_@KfReleaseSpinLock@8 00012974     hal:HAL.dll
 0002:00000018       __imp__WRITE_PORT_ULONG@8  00012978     hal:HAL.dll
 0002:0000001c       __imp__READ_PORT_UCHAR@4   0001297c     hal:HAL.dll
 0002:00000020       __imp_@KfAcquireSpinLock@4 00012980     hal:HAL.dll
 0002:00000024       __imp__READ_PORT_ULONG@4   00012984     hal:HAL.dll
 0002:00000028       \177HAL_NULL_THUNK_DATA    00012988     hal:HAL.dll
 0002:0000002c       __imp_@KefAcquireSpinLockAtDpcLevel@4 0001298c     ntoskrnl:ntoskrnl.exe
 0002:00000030       __imp__KeInitializeSpinLock@4 00012990     ntoskrnl:ntoskrnl.exe
 0002:00000034       __imp___allmul             00012994     ntoskrnl:ntoskrnl.exe
 0002:00000038       __imp___alldiv             00012998     ntoskrnl:ntoskrnl.exe
 0002:0000003c       __imp_@KefReleaseSpinLockFromDpcLevel@4 0001299c     ntoskrnl:ntoskrnl.exe
 0002:00000040       __imp__DbgPrint            000129a0     ntoskrnl:ntoskrnl.exe
 0002:00000044       __imp__RtlAssert@16        000129a4     ntoskrnl:ntoskrnl.exe
 0002:00000048       __imp__RtlInitUnicodeString@8 000129a8     ntoskrnl:ntoskrnl.exe
 0002:0000004c       __imp__ExAllocatePoolWithTag@12 000129ac     ntoskrnl:ntoskrnl.exe
 0002:00000050       __imp__ExFreePool@4        000129b0     ntoskrnl:ntoskrnl.exe
 0002:00000054       __imp_@InterlockedDecrement@4 000129b4     ntoskrnl:ntoskrnl.exe
 0002:00000058       __imp_@InterlockedIncrement@4 000129b8     ntoskrnl:ntoskrnl.exe
 0002:0000005c       \177ntoskrnl_NULL_THUNK_DATA 000129bc     ntoskrnl:ntoskrnl.exe
 0002:00000060       __imp__PcRegisterSubdevice@12 000129c0     portcls:portcls.sys
 0002:00000064       __imp__PcRegisterPhysicalConnection@20 000129c4     portcls:portcls.sys
 0002:00000068       __imp__PcRegisterAdapterPowerManagement@8 000129c8     portcls:portcls.sys
 0002:0000006c       __imp__PcAddAdapterDevice@20 000129cc     portcls:portcls.sys
 0002:00000070       __imp__PcNewMiniport@8     000129d0     portcls:portcls.sys
 0002:00000074       __imp__PcNewPort@8         000129d4     portcls:portcls.sys
 0002:00000078       __imp__PcNewRegistryKey@36 000129d8     portcls:portcls.sys
 0002:0000007c       __imp__PcNewInterruptSync@20 000129dc     portcls:portcls.sys
 0002:00000080       __imp__PcNewServiceGroup@8 000129e0     portcls:portcls.sys
 0002:00000084       __imp__PcInitializeAdapterDriver@12 000129e4     portcls:portcls.sys
 0002:00000088       __imp__PcGetTimeInterval@8 000129e8     portcls:portcls.sys
 0002:0000008c       \177portcls_NULL_THUNK_DATA 000129ec     portcls:portcls.sys
 0002:000000e8       _IID_IMiniportTopologyICH  00012a48     adapter.obj
 0002:000000f8       _IID_IAdapterCommon        00012a58     adapter.obj
 0002:00000108       _CLSID_PortWavePci         00012a68     adapter.obj
 0002:00000118       _CLSID_PortWaveCyclic      00012a78     adapter.obj
 0002:00000128       _CLSID_PortTopology        00012a88     adapter.obj
 0002:00000138       _IID_IPortEvents           00012a98     adapter.obj
 0002:00000148       _IID_IPowerNotify          00012aa8     adapter.obj
 0002:00000158       _IID_IAdapterPowerManagment 00012ab8     adapter.obj
 0002:00000168       _IID_IMiniportWavePciStream 00012ac8     adapter.obj
 0002:00000178       _IID_IMiniportWavePci      00012ad8     adapter.obj
 0002:00000188       _IID_IPortWavePci          00012ae8     adapter.obj
 0002:00000198       _IID_IMiniportTopology     00012af8     adapter.obj
 0002:000001a8       _IID_IServiceSink          00012b08     adapter.obj
 0002:000001b8       _IID_IMiniport             00012b18     adapter.obj
 0002:000001c8       _IID_IUnknown              00012b28     adapter.obj
 0002:000001d8       ??_C@_1CC@CCAO@?$AAD?$AAi?$AAs?$AAa?$AAb?$AAl?$AAe?$AAC?$AAe?$AAn?$AAt?$AAe?$AAr?$AAL?$AAF?$AAE?$AA?$AA@ 00012b38     common.obj
 0002:000001fc       ??_C@_1CA@HMIJ@?$AAD?$AAi?$AAs?$AAa?$AAb?$AAl?$AAe?$AAS?$AAu?$AAr?$AAr?$AAo?$AAu?$AAn?$AAd?$AA?$AA@ 00012b5c     common.obj
 0002:0000021c       ??_C@_1BE@DCLA@?$AAD?$AAi?$AAs?$AAa?$AAb?$AAl?$AAe?$AAC?$AAD?$AA?$AA@ 00012b7c     common.obj
 0002:00000230       ??_C@_1BM@HKPL@?$AAD?$AAi?$AAs?$AAa?$AAb?$AAl?$AAe?$AAL?$AAi?$AAn?$AAe?$AAI?$AAn?$AA?$AA@ 00012b90     common.obj
 0002:0000024c       ??_C@_1BG@OEIB@?$AAD?$AAi?$AAs?$AAa?$AAb?$AAl?$AAe?$AAM?$AAi?$AAc?$AA?$AA@ 00012bac     common.obj
 0002:00000264       ??_C@_1BK@PFJA@?$AAD?$AAi?$AAs?$AAa?$AAb?$AAl?$AAe?$AAM?$AAi?$AAc?$AAI?$AAn?$AA?$AA@ 00012bc4     common.obj
 0002:00000280       ??_C@_1BO@PIPO@?$AAD?$AAi?$AAs?$AAa?$AAb?$AAl?$AAe?$AAM?$AAo?$AAn?$AAo?$AAO?$AAu?$AAt?$AA?$AA@ 00012be0     common.obj
 0002:000002a0       ??_C@_1CC@CCGC@?$AAD?$AAi?$AAs?$AAa?$AAb?$AAl?$AAe?$AAH?$AAe?$AAa?$AAd?$AAp?$AAh?$AAo?$AAn?$AAe?$AA?$AA@ 00012c00     common.obj
 0002:000002c4       ??_C@_1BG@KIAL@?$AAD?$AAi?$AAs?$AAa?$AAb?$AAl?$AAe?$AAA?$AAU?$AAX?$AA?$AA@ 00012c24     common.obj
 0002:000002dc       ??_C@_1BK@CIGJ@?$AAD?$AAi?$AAs?$AAa?$AAb?$AAl?$AAe?$AAV?$AAi?$AAd?$AAe?$AAo?$AA?$AA@ 00012c3c     common.obj
 0002:000002f8       ??_C@_1BI@JAOF@?$AAD?$AAi?$AAs?$AAa?$AAb?$AAl?$AAe?$AAM?$AAi?$AAc?$AA2?$AA?$AA@ 00012c58     common.obj
 0002:00000310       ??_C@_1BK@EHMP@?$AAD?$AAi?$AAs?$AAa?$AAb?$AAl?$AAe?$AAP?$AAh?$AAo?$AAn?$AAe?$AA?$AA@ 00012c70     common.obj
 0002:0000032c       ??_C@_1BM@PILN@?$AAD?$AAi?$AAs?$AAa?$AAb?$AAl?$AAe?$AAP?$AAC?$AAB?$AAe?$AAe?$AAp?$AA?$AA@ 00012c8c     common.obj
 0002:00000348       ??_C@_1BO@JOMD@?$AAS?$AAu?$AAr?$AAr?$AAo?$AAu?$AAn?$AAd?$AAV?$AAo?$AAl?$AAu?$AAm?$AAe?$AA?$AA@ 00012ca8     common.obj
 0002:00000368       ??_C@_1CA@OMBI@?$AAC?$AAe?$AAn?$AAt?$AAe?$AAr?$AAL?$AAF?$AAE?$AAV?$AAo?$AAl?$AAu?$AAm?$AAe?$AA?$AA@ 00012cc8     common.obj
 0002:00000388       ??_C@_1BK@CLDB@?$AAE?$AAx?$AAt?$AAA?$AAu?$AAd?$AAi?$AAo?$AAC?$AAt?$AAr?$AAl?$AA?$AA@ 00012ce8     common.obj
 0002:000003a4       ??_C@_1BE@HGFD@?$AAP?$AAo?$AAw?$AAe?$AAr?$AAD?$AAo?$AAw?$AAn?$AA?$AA@ 00012d04     common.obj
 0002:000003b8       ??_C@_1BE@MCJM@?$AA3?$AAD?$AAC?$AAo?$AAn?$AAt?$AAr?$AAo?$AAl?$AA?$AA@ 00012d18     common.obj
 0002:000003cc       ??_C@_1BO@GINH@?$AAG?$AAe?$AAn?$AAe?$AAr?$AAa?$AAl?$AAP?$AAu?$AAr?$AAp?$AAo?$AAs?$AAe?$AA?$AA@ 00012d2c     common.obj
 0002:000003ec       ??_C@_1BM@FBK@?$AAR?$AAe?$AAc?$AAo?$AAr?$AAd?$AAG?$AAa?$AAi?$AAn?$AAM?$AAi?$AAc?$AA?$AA@ 00012d4c     common.obj
 0002:00000408       ??_C@_1BG@EIJC@?$AAR?$AAe?$AAc?$AAo?$AAr?$AAd?$AAG?$AAa?$AAi?$AAn?$AA?$AA@ 00012d68     common.obj
 0002:00000420       ??_C@_1BK@EIDI@?$AAR?$AAe?$AAc?$AAo?$AAr?$AAd?$AAS?$AAe?$AAl?$AAe?$AAc?$AAt?$AA?$AA@ 00012d80     common.obj
 0002:0000043c       ??_C@_1BM@ILDF@?$AAW?$AAa?$AAv?$AAe?$AAO?$AAu?$AAt?$AAV?$AAo?$AAl?$AAu?$AAm?$AAe?$AA?$AA@ 00012d9c     common.obj
 0002:00000458       ??_C@_1BE@CANN@?$AAA?$AAU?$AAX?$AAV?$AAo?$AAl?$AAu?$AAm?$AAe?$AA?$AA@ 00012db8     common.obj
 0002:0000046c       ??_C@_1BI@JIGF@?$AAV?$AAi?$AAd?$AAe?$AAo?$AAV?$AAo?$AAl?$AAu?$AAm?$AAe?$AA?$AA@ 00012dcc     common.obj
 0002:00000484       ??_C@_1BC@BEOL@?$AAC?$AAD?$AAV?$AAo?$AAl?$AAu?$AAm?$AAe?$AA?$AA@ 00012de4     common.obj
 0002:00000498       ??_C@_1BK@HJOE@?$AAL?$AAi?$AAn?$AAe?$AAI?$AAn?$AAV?$AAo?$AAl?$AAu?$AAm?$AAe?$AA?$AA@ 00012df8     common.obj
 0002:000004b4       ??_C@_1BE@LDGF@?$AAM?$AAi?$AAc?$AAV?$AAo?$AAl?$AAu?$AAm?$AAe?$AA?$AA@ 00012e14     common.obj
 0002:000004c8       ??_C@_1BI@JPEG@?$AAP?$AAh?$AAo?$AAn?$AAe?$AAV?$AAo?$AAl?$AAu?$AAm?$AAe?$AA?$AA@ 00012e28     common.obj
 0002:000004e0       ??_C@_1BG@KNGA@?$AAB?$AAe?$AAe?$AAp?$AAV?$AAo?$AAl?$AAu?$AAm?$AAe?$AA?$AA@ 00012e40     common.obj
 0002:000004f8       ??_C@_1BK@MCOG@?$AAT?$AAo?$AAn?$AAe?$AAC?$AAo?$AAn?$AAt?$AAr?$AAo?$AAl?$AAs?$AA?$AA@ 00012e58     common.obj
 0002:00000514       ??_C@_1BM@MANC@?$AAM?$AAo?$AAn?$AAo?$AAo?$AAu?$AAt?$AAV?$AAo?$AAl?$AAu?$AAm?$AAe?$AA?$AA@ 00012e74     common.obj
 0002:00000530       ??_C@_1CA@JIDE@?$AAH?$AAe?$AAa?$AAd?$AAp?$AAh?$AAo?$AAn?$AAe?$AAV?$AAo?$AAl?$AAu?$AAm?$AAe?$AA?$AA@ 00012e90     common.obj
 0002:00000550       ??_C@_1BK@LBLD@?$AAM?$AAa?$AAs?$AAt?$AAe?$AAr?$AAV?$AAo?$AAl?$AAu?$AAm?$AAe?$AA?$AA@ 00012eb0     common.obj
 0002:00000788       ??_C@_0O@DFPB@REG_RESERVED2?$AA@ 000130e8     common.obj
 0002:00000798       ??_C@_0BE@MMJ@REG_SURROUND_VOLUME?$AA@ 000130f8     common.obj
 0002:000007ac       ??_C@_0BG@DOOJ@REG_CENTER_LFE_VOLUME?$AA@ 0001310c     common.obj
 0002:000007c4       ??_C@_0BD@GBKH@REG_MIC_SAMPLERATE?$AA@ 00013124     common.obj
 0002:000007d8       ??_C@_0BG@KDDI@REG_RECORD_SAMPLERATE?$AA@ 00013138     common.obj
 0002:000007f0       ??_C@_0BD@JAOH@REG_LFE_SAMPLERATE?$AA@ 00013150     common.obj
 0002:00000804       ??_C@_0BI@CNED@REG_SURROUND_SAMPLERATE?$AA@ 00013164     common.obj
 0002:0000081c       ??_C@_0BF@GGEI@REG_FRONT_SAMPLERATE?$AA@ 0001317c     common.obj
 0002:00000834       ??_C@_0BD@LAMI@REG_EXT_AUDIO_CTRL?$AA@ 00013194     common.obj
 0002:00000848       ??_C@_0BB@GINL@REG_EXT_AUDIO_ID?$AA@ 000131a8     common.obj
 0002:0000085c       ??_C@_0O@OB@REG_POWERDOWN?$AA@ 000131bc     common.obj
 0002:0000086c       ??_C@_0N@EPEI@REG_RESERVED?$AA@ 000131cc     common.obj
 0002:0000087c       ??_C@_0P@BCML@REG_3D_CONTROL?$AA@ 000131dc     common.obj
 0002:0000088c       ??_C@_0M@HPBJ@REG_GENERAL?$AA@ 000131ec     common.obj
 0002:00000898       ??_C@_0BE@PNAB@REG_RECORD_GAIN_MIC?$AA@ 000131f8     common.obj
 0002:000008ac       ??_C@_0BA@NGLJ@REG_RECORD_GAIN?$AA@ 0001320c     common.obj
 0002:000008bc       ??_C@_0BC@BPAK@REG_RECORD_SELECT?$AA@ 0001321c     common.obj
 0002:000008d0       ??_C@_0BC@FFIH@REG_PCMOUT_VOLUME?$AA@ 00013230     common.obj
 0002:000008e4       ??_C@_0P@BADO@REG_AUX_VOLUME?$AA@ 00013244     common.obj
 0002:000008f4       ??_C@_0BB@MOJD@REG_VIDEO_VOLUME?$AA@ 00013254     common.obj
 0002:00000908       ??_C@_0O@COPH@REG_CD_VOLUME?$AA@ 00013268     common.obj
 0002:00000918       ??_C@_0BC@LCF@REG_LINEIN_VOLUME?$AA@ 00013278     common.obj
 0002:0000092c       ??_C@_0P@HFCI@REG_MIC_VOLUME?$AA@ 0001328c     common.obj
 0002:0000093c       ??_C@_0BB@CDIH@REG_PHONE_VOLUME?$AA@ 0001329c     common.obj
 0002:00000950       ??_C@_0BA@IGCF@REG_BEEP_VOLUME?$AA@ 000132b0     common.obj
 0002:00000960       ??_C@_0BA@DEMA@REG_MASTER_TONE?$AA@ 000132c0     common.obj
 0002:00000970       ??_C@_0BB@NJKC@REG_MMONO_VOLUME?$AA@ 000132d0     common.obj
 0002:00000984       ??_C@_0BC@FKMN@REG_HPHONE_VOLUME?$AA@ 000132e4     common.obj
 0002:00000998       ??_C@_0BC@CIO@REG_MASTER_VOLUME?$AA@ 000132f8     common.obj
 0002:000009ac       ??_C@_09PHKE@REG_RESET?$AA@ 0001330c     common.obj
 0002:000009b8       ??_7CAdapterCommon@@6BCUnknown@@@ 00013318     common.obj
 0002:000009c8       ??_7CAdapterCommon@@6BIAdapterPowerManagement@@@ 00013328     common.obj
 0002:000009e0       ??_7CAdapterCommon@@6BIAdapterCommon@@@ 00013340     common.obj
 0002:00000c88       ??_C@_08KGKI@LFE_MUTE?$AA@ 000135e8     mintopo.obj
 0002:00000c94       ??_C@_0L@LIBA@LFE_VOLUME?$AA@ 000135f4     mintopo.obj
 0002:00000ca0       ??_C@_0M@HFCK@CENTER_MUTE?$AA@ 00013600     mintopo.obj
 0002:00000cac       ??_C@_0O@IGFP@CENTER_VOLUME?$AA@ 0001360c     mintopo.obj
 0002:00000cbc       ??_C@_0O@ONM@SURROUND_MUTE?$AA@ 0001361c     mintopo.obj
 0002:00000ccc       ??_C@_0BA@OIKD@SURROUND_VOLUME?$AA@ 0001362c     mintopo.obj
 0002:00000cdc       ??_C@_0L@MNPI@MICIN_MUTE?$AA@ 0001363c     mintopo.obj
 0002:00000ce8       ??_C@_0N@HPEF@MICIN_VOLUME?$AA@ 00013648     mintopo.obj
 0002:00000cf8       ??_C@_0BK@LPFK@MASTER_INPUT_VOLUME_PHONE?$AA@ 00013658     mintopo.obj
 0002:00000d14       ??_C@_0CC@IDAP@MASTER_INPUT_VOLUME_TONE_MIX_MON@ 00013674     mintopo.obj
 0002:00000d38       ??_C@_0BN@LLLE@MASTER_INPUT_VOLUME_TONE_MIX?$AA@ 00013698     mintopo.obj
 0002:00000d58       ??_C@_0BL@IFDB@MASTER_INPUT_VOLUME_LINEIN?$AA@ 000136b8     mintopo.obj
 0002:00000d74       ??_C@_0BI@GMMI@MASTER_INPUT_VOLUME_AUX?$AA@ 000136d4     mintopo.obj
 0002:00000d8c       ??_C@_0BK@LDGE@MASTER_INPUT_VOLUME_VIDEO?$AA@ 000136ec     mintopo.obj
 0002:00000da8       ??_C@_0BH@OOJJ@MASTER_INPUT_VOLUME_CD?$AA@ 00013708     mintopo.obj
 0002:00000dc0       ??_C@_0BI@DDAB@MASTER_INPUT_VOLUME_MIC?$AA@ 00013720     mintopo.obj
 0002:00000dd8       ??_C@_0O@HHNI@WAVEIN_SELECT?$AA@ 00013738     mintopo.obj
 0002:00000de8       ??_C@_0BD@LLBD@MONOOUT_VOLUME_MIC?$AA@ 00013748     mintopo.obj
 0002:00000dfc       ??_C@_0BG@CHHG@MONOOUT_VOLUME_3D_MIX?$AA@ 0001375c     mintopo.obj
 0002:00000e14       ??_C@_0P@KINE@MONOOUT_SELECT?$AA@ 00013774     mintopo.obj
 0002:00000e24       ??_C@_0L@BDJE@HPOUT_MUTE?$AA@ 00013784     mintopo.obj
 0002:00000e30       ??_C@_0N@JODA@HPOUT_VOLUME?$AA@ 00013790     mintopo.obj
 0002:00000e40       ??_C@_0M@JMNG@MASTER_MUTE?$AA@ 000137a0     mintopo.obj
 0002:00000e4c       ??_C@_0O@OBME@MASTER_VOLUME?$AA@ 000137ac     mintopo.obj
 0002:00000e5c       ??_C@_0N@HGLG@SIMUL_STEREO?$AA@ 000137bc     mintopo.obj
 0002:00000e6c       ??_C@_08DMEJ@LOUDNESS?$AA@ 000137cc     mintopo.obj
 0002:00000e78       ??_C@_06KII@TREBLE?$AA@    000137d8     mintopo.obj
 0002:00000e80       ??_C@_04MBGH@BASS?$AA@     000137e0     mintopo.obj
 0002:00000e88       ??_C@_08IFPB@BEEP_MIX?$AA@ 000137e8     mintopo.obj
 0002:00000e94       ??_C@_09CCLP@3D_ENABLE?$AA@ 000137f4     mintopo.obj
 0002:00000ea0       ??_C@_08JFFM@3D_DEPTH?$AA@ 00013800     mintopo.obj
 0002:00000eac       ??_C@_09PMGC@3D_CENTER?$AA@ 0001380c     mintopo.obj
 0002:00000eb8       ??_C@_08LODL@MAIN_MIX?$AA@ 00013818     mintopo.obj
 0002:00000ec4       ??_C@_08CBIP@AUX_MUTE?$AA@ 00013824     mintopo.obj
 0002:00000ed0       ??_C@_0L@LPJK@AUX_VOLUME?$AA@ 00013830     mintopo.obj
 0002:00000edc       ??_C@_0L@HMBK@VIDEO_MUTE?$AA@ 0001383c     mintopo.obj
 0002:00000ee8       ??_C@_0N@IEIG@VIDEO_VOLUME?$AA@ 00013848     mintopo.obj
 0002:00000ef8       ??_C@_07MNKA@CD_MUTE?$AA@  00013858     mintopo.obj
 0002:00000f00       ??_C@_09IKNP@CD_VOLUME?$AA@ 00013860     mintopo.obj
 0002:00000f0c       ??_C@_0M@FAFP@LINEIN_MUTE?$AA@ 0001386c     mintopo.obj
 0002:00000f18       ??_C@_0O@OIGP@LINEIN_VOLUME?$AA@ 00013878     mintopo.obj
 0002:00000f28       ??_C@_08COAD@MIC_MUTE?$AA@ 00013888     mintopo.obj
 0002:00000f34       ??_C@_0L@NKIM@MIC_VOLUME?$AA@ 00013894     mintopo.obj
 0002:00000f40       ??_C@_09NDLF@MIC_BOOST?$AA@ 000138a0     mintopo.obj
 0002:00000f4c       ??_C@_0L@LIOK@MIC_SELECT?$AA@ 000138ac     mintopo.obj
 0002:00000f58       ??_C@_0L@IGIK@PHONE_MUTE?$AA@ 000138b8     mintopo.obj
 0002:00000f64       ??_C@_0N@GJJC@PHONE_VOLUME?$AA@ 000138c4     mintopo.obj
 0002:00000f74       ??_C@_0M@DICN@PCBEEP_MUTE?$AA@ 000138d4     mintopo.obj
 0002:00000f80       ??_C@_0O@BCLC@PCBEEP_VOLUME?$AA@ 000138e0     mintopo.obj
 0002:00000f90       ??_C@_0BC@ENGJ@WAVEOUT_3D_BYPASS?$AA@ 000138f0     mintopo.obj
 0002:00000fa4       ??_C@_0N@LCCE@WAVEOUT_MUTE?$AA@ 00013904     mintopo.obj
 0002:00000fb4       ??_C@_0P@NBBD@WAVEOUT_VOLUME?$AA@ 00013914     mintopo.obj
 0002:00000fc4       ??_C@_07KGBD@INVALID?$AA@  00013924     mintopo.obj
 0002:00000fcc       ??_C@_0M@BCEI@TOP_ELEMENT?$AA@ 0001392c     mintopo.obj
 0002:00000fd8       ??_C@_0P@KCIC@PIN_MICIN_DEST?$AA@ 00013938     mintopo.obj
 0002:00000fe8       ??_C@_0BA@FOKF@PIN_WAVEIN_DEST?$AA@ 00013948     mintopo.obj
 0002:00000ff8       ??_C@_0BB@BPGH@PIN_MONOOUT_DEST?$AA@ 00013958     mintopo.obj
 0002:0000100c       ??_C@_0P@HMOO@PIN_HPOUT_DEST?$AA@ 0001396c     mintopo.obj
 0002:0000101c       ??_C@_0BD@IEEG@PIN_MASTEROUT_DEST?$AA@ 0001397c     mintopo.obj
 0002:00001030       ??_C@_0N@FMIN@PIN_VIRT_LFE?$AA@ 00013990     mintopo.obj
 0002:00001040       ??_C@_0BA@NLIA@PIN_VIRT_CENTER?$AA@ 000139a0     mintopo.obj
 0002:00001050       ??_C@_0BC@HIG@PIN_VIRT_SURROUND?$AA@ 000139b0     mintopo.obj
 0002:00001064       ??_C@_0BO@DBOE@PIN_VIRT_TONE_MIX_MONO_SOURCE?$AA@ 000139c4     mintopo.obj
 0002:00001084       ??_C@_0BJ@EGI@PIN_VIRT_TONE_MIX_SOURCE?$AA@ 000139e4     mintopo.obj
 0002:000010a0       ??_C@_0BM@KEBF@PIN_VIRT_3D_MIX_MONO_SOURCE?$AA@ 00013a00     mintopo.obj
 0002:000010bc       ??_C@_0BJ@BJBE@PIN_VIRT_3D_DEPTH_SOURCE?$AA@ 00013a1c     mintopo.obj
 0002:000010d8       ??_C@_0BK@GFAI@PIN_VIRT_3D_CENTER_SOURCE?$AA@ 00013a38     mintopo.obj
 0002:000010f4       ??_C@_0P@HJPD@PIN_AUX_SOURCE?$AA@ 00013a54     mintopo.obj
 0002:00001104       ??_C@_0BB@NFEG@PIN_VIDEO_SOURCE?$AA@ 00013a64     mintopo.obj
 0002:00001118       ??_C@_0O@PCK@PIN_CD_SOURCE?$AA@ 00013a78     mintopo.obj
 0002:00001128       ??_C@_0BC@FINC@PIN_LINEIN_SOURCE?$AA@ 00013a88     mintopo.obj
 0002:0000113c       ??_C@_0P@BMOF@PIN_MIC_SOURCE?$AA@ 00013a9c     mintopo.obj
 0002:0000114c       ??_C@_0BB@DIFC@PIN_PHONE_SOURCE?$AA@ 00013aac     mintopo.obj
 0002:00001160       ??_C@_0BC@KCAP@PIN_PCBEEP_SOURCE?$AA@ 00013ac0     mintopo.obj
 0002:00001174       ??_C@_0BD@CLEP@PIN_WAVEOUT_SOURCE?$AA@ 00013ad4     mintopo.obj
 0002:00001188       ??_7CMiniportTopologyICH@@6BCUnknown@@@ 00013ae8     mintopo.obj
 0002:00001198       ??_7CMiniportTopologyICH@@6BIMiniportTopologyICH@@@ 00013af8     mintopo.obj
 0002:000011b4       ??_C@_01BJG@?6?$AA@        00013b14     mintopo.obj
 0002:000011b8       ??_C@_0BE@KCEH@Invalid?5node?5nr?5?$CFu?4?$AA@ 00013b18     mintopo.obj
 0002:000011cc       ??_C@_0BD@KPMP@Invalid?5pin?5nr?5?$CFu?4?$AA@ 00013b2c     mintopo.obj
 0002:000011e0       ??_C@_0BF@EHCG@Invalid?5TopoNode?5?$CFu?4?$AA@ 00013b40     mintopo.obj
 0002:000011f8       ??_C@_0BE@NDKF@Invalid?5TopoPin?5?$CFu?4?$AA@ 00013b58     mintopo.obj
 0002:00001268       ??_7CMiniportWaveICH@@6BCUnknown@@@ 00013bc8     minwave.obj
 0002:00001278       ??_7CMiniportWaveICH@@6BIPowerNotify@@@ 00013bd8     minwave.obj
 0002:00001288       ??_7CMiniportWaveICH@@6BIMiniportWavePci@@@ 00013be8     minwave.obj
 0002:00001380       ??_7CMiniportWaveICHStream@@6BIMiniportWavePciStream@@@ 00013ce0     ichwave.obj
 0002:000013ac       ??_7CMiniportWaveICHStream@@6BCUnknown@@@ 00013d0c     ichwave.obj
 0002:000013bc       ??_C@_0BJ@FPNP@freeCommonBuffer?5?$CB?$DN?5NULL?$AA@ 00013d1c     ichwave.obj
 0002:000013d8       ??_C@_0BD@DIMN@c?3?2ntddk?2inc?2wdm?4h?$AA@ 00013d38     ichwave.obj
 0002:000013ec       ??_C@_0BN@IHIP@allocateCommonBuffer?5?$CB?$DN?5NULL?$AA@ 00013d4c     ichwave.obj
 0002:0000140c       ??_7CUnknown@@6B@          00013d6c     stdunk:stdunk.obj
 0002:0000141c       ??_C@_0BB@CHNF@m_lRefCount?5?$DO?$DN?50?$AA@ 00013d7c     stdunk:stdunk.obj
 0002:00001430       ??_C@_0CJ@OFAO@c?3?2ntddk?2src?2wdm?2audio?2stdunk?2st@ 00013d90     stdunk:stdunk.obj
 0002:0000145c       ??_C@_0BA@HPDB@m_lRefCount?5?$DO?50?$AA@ 00013dbc     stdunk:stdunk.obj
 0002:0000146c       ??_C@_06DPDC@ppVoid?$AA@   00013dcc     stdunk:stdunk.obj
 0003:00000010       ?ulDebugOut@@3KA           00013df0     adapter.obj
 0003:00000028       ?m_stAC97Registers@CAdapterCommon@@0PAUtAC97Registers@@A 00013e08     common.obj
 0003:00000328       ?m_stHardwareConfig@CAdapterCommon@@0UtHardwareConfig@@A 00014108     common.obj
 0003:00000578       __GUID_2aa7a0b1_9f78_4606_b882_66b70f022637 00014358     mintopo.obj
 0003:00000588       __GUID_45ffaaa0_6e1b_11d0_bcf2_444553540000 00014368     mintopo.obj
 0003:00000598       __GUID_f9b41dc3_96e2_11d2_ac4c_00c04f8efb68 00014378     mintopo.obj
 0003:000005a8       __GUID_dff21ce2_f70f_11d0_b917_00a0c9223196 00014388     mintopo.obj
 0003:000005b8       __GUID_185fedf7_9905_11d1_95a9_00c04fb925d3 00014398     mintopo.obj
 0003:000005c8       __GUID_070395e2_be7c_4b4d_b529_40cb9bfcf995 000143a8     mintopo.obj
 0003:000005d8       __GUID_b60c4274_3bfd_430b_8364_d947e7d304b1 000143b8     mintopo.obj
 0003:000005e8       __GUID_2d97372f_9cf6_4fd6_9e56_c68bacdf360d 000143c8     mintopo.obj
 0003:000005f8       __GUID_81fbb14b_1bee_4bf5_92ee_ffc4f75f326d 000143d8     mintopo.obj
 0003:00000608       __GUID_63ff5747_991f_11d2_ac4d_00c04f8efb68 000143e8     mintopo.obj
 0003:00000618       __GUID_9f0670b4_991f_11d2_ac4d_00c04f8efb68 000143f8     mintopo.obj
 0003:00000628       __GUID_00dff078_96e3_11d2_ac4c_00c04f8efb68 00014408     mintopo.obj
 0003:00000638       __GUID_00dff077_96e3_11d2_ac4c_00c04f8efb68 00014418     mintopo.obj
 0003:00000648       __GUID_185fedfe_9905_11d1_95a9_00c04fb925d3 00014428     mintopo.obj
 0003:00000658       __GUID_915daec4_a434_11d2_ac52_00c04f8efb68 00014438     mintopo.obj
 0003:00000668       __GUID_dff21fe1_f70f_11d0_b917_00a0c9223196 00014448     mintopo.obj
 0003:00000678       __GUID_dff220e3_f70f_11d0_b917_00a0c9223196 00014458     mintopo.obj
 0003:00000688       __GUID_185fedf9_9905_11d1_95a9_00c04fb925d3 00014468     mintopo.obj
 0003:00000698       __GUID_dff21fe3_f70f_11d0_b917_00a0c9223196 00014478     mintopo.obj
 0003:000006a8       __GUID_dff21be1_f70f_11d0_b917_00a0c9223196 00014488     mintopo.obj
 0003:000006b8       __GUID_dff21ee1_f70f_11d0_b917_00a0c9223196 00014498     mintopo.obj
 0003:000006c8       __GUID_185fedff_9905_11d1_95a9_00c04fb925d3 000144a8     mintopo.obj
 0003:000006d8       __GUID_dff21ce1_f70f_11d0_b917_00a0c9223196 000144b8     mintopo.obj
 0003:000006e8       __GUID_6994ad04_93ef_11d0_a3cc_00a0c9223196 000144c8     mintopo.obj
 0003:000006f8       __GUID_0a8c1aa9_42b0_11d2_95d2_00c04fb925d3 000144d8     mintopo.obj
 0003:00000708       __GUID_0a8c1ab3_42b0_11d2_95d2_00c04fb925d3 000144e8     mintopo.obj
 0003:00000718       __GUID_0a8c1ab2_42b0_11d2_95d2_00c04fb925d3 000144f8     mintopo.obj
 0003:00000728       __GUID_0a8c1aaf_42b0_11d2_95d2_00c04fb925d3 00014508     mintopo.obj
 0003:00000738       __GUID_22b0eafe_96e3_11d2_ac4c_00c04f8efb68 00014518     mintopo.obj
 0003:00000748       __GUID_1ad247ed_96e3_11d2_ac4c_00c04f8efb68 00014528     mintopo.obj
 0003:00000758       __GUID_0a8c1aae_42b0_11d2_95d2_00c04fb925d3 00014538     mintopo.obj
 0003:00000768       __GUID_2ceaf780_c556_11d0_8a2b_00a0c9255ac1 00014548     mintopo.obj
 0003:00000778       __GUID_0a8c1aa6_42b0_11d2_95d2_00c04fb925d3 00014558     mintopo.obj
 0003:00000788       __GUID_0a8c1aa5_42b0_11d2_95d2_00c04fb925d3 00014568     mintopo.obj
 0003:00000798       __GUID_185fede4_9905_11d1_95a9_00c04fb925d3 00014578     mintopo.obj
 0003:000007a8       __GUID_185fede3_9905_11d1_95a9_00c04fb925d3 00014588     mintopo.obj
 0003:000007b8       __GUID_4a4d9210_c780_4768_bfd2_525fdbf4fcb4 00014598     mintopo.obj
 0003:000007c8       __GUID_455fa6f2_21ec_4df4_b1e4_3155209797f3 000145a8     mintopo.obj
 0003:000007d8       __GUID_beef51ed_1041_43f8_9b96_5863d0a9342d 000145b8     mintopo.obj
 0003:000007e8       __GUID_9b0f1946_abd2_47a8_a778_bb86cde1a167 000145c8     mintopo.obj
 0003:000007f8       __GUID_22654fbc_ac8f_4224_b19f_d858d2e10bdd 000145d8     mintopo.obj
 0003:00000808       __GUID_a4b68ba4_6958_4ab4_bb01_e23c6f027c88 000145e8     mintopo.obj
 0003:00000818       __GUID_b3ad50b5_3849_4983_add7_25e6268f912d 000145f8     mintopo.obj
 0003:00000828       __GUID_185fede1_9905_11d1_95a9_00c04fb925d3 00014608     mintopo.obj
 0003:00000838       __GUID_185fede0_9905_11d1_95a9_00c04fb925d3 00014618     mintopo.obj
 0003:00000848       __GUID_7607e580_c557_11d0_8a2b_00a0c9255ac1 00014628     mintopo.obj
 0003:00000858       __GUID_0a8c1a9f_42b0_11d2_95d2_00c04fb925d3 00014638     mintopo.obj
 0003:00000868       __GUID_0a8c1a9e_42b0_11d2_95d2_00c04fb925d3 00014648     mintopo.obj
 0003:00000878       __GUID_766db5a4_6e94_11d2_9ade_00c04f8efb68 00014658     mintopo.obj
 0003:00000888       __GUID_0a8c1a9b_42b0_11d2_95d2_00c04fb925d3 00014668     mintopo.obj
 0003:00000898       __GUID_da441a60_c556_11d0_8a2b_00a0c9255ac1 00014678     mintopo.obj
 0003:000008a8       __GUID_185fedfd_9905_11d1_95a9_00c04fb925d3 00014688     mintopo.obj
 0003:000008b8       __GUID_185fedfc_9905_11d1_95a9_00c04fb925d3 00014698     mintopo.obj
 0003:000008c8       __GUID_9b46e709_992a_11d2_ac4d_00c04f8efb68 000146a8     mintopo.obj
 0003:000008d8       __GUID_9b46e708_992a_11d2_ac4d_00c04f8efb68 000146b8     mintopo.obj
 0003:000008e8       __GUID_185fedea_9905_11d1_95a9_00c04fb925d3 000146c8     mintopo.obj
 0003:000008f8       __GUID_185fede9_9905_11d1_95a9_00c04fb925d3 000146d8     mintopo.obj
 0003:00000908       __GUID_0a8c1a91_42b0_11d2_95d2_00c04fb925d3 000146e8     mintopo.obj
 0003:00000918       __GUID_185fedf4_9905_11d1_95a9_00c04fb925d3 000146f8     mintopo.obj
 0003:00000928       __GUID_185fedee_9905_11d1_95a9_00c04fb925d3 00014708     mintopo.obj
 0003:00000938       __GUID_185feded_9905_11d1_95a9_00c04fb925d3 00014718     mintopo.obj
 0003:00000948       __GUID_2bc31d6a_96e3_11d2_ac4c_00c04f8efb68 00014728     mintopo.obj
 0003:00000958       __GUID_e88c9ba0_c557_11d0_8a2b_00a0c9255ac1 00014738     mintopo.obj
 0003:00000968       __GUID_2bc31d6b_96e3_11d2_ac4c_00c04f8efb68 00014748     mintopo.obj
 0003:00000978       __GUID_41887440_c558_11d0_8a2b_00a0c9255ac1 00014758     mintopo.obj
 0003:00000988       __GUID_0a8c1a88_42b0_11d2_95d2_00c04fb925d3 00014768     mintopo.obj
 0003:00000998       __GUID_0a8c1a87_42b0_11d2_95d2_00c04fb925d3 00014778     mintopo.obj
 0003:000009a8       __GUID_185fedf1_9905_11d1_95a9_00c04fb925d3 00014788     mintopo.obj
 0003:000009b8       __GUID_185fedf0_9905_11d1_95a9_00c04fb925d3 00014798     mintopo.obj
 0003:000009c8       __GUID_185fede6_9905_11d1_95a9_00c04fb925d3 000147a8     mintopo.obj
 0003:000009d8       __GUID_02b223c0_c557_11d0_8a2b_00a0c9255ac1 000147b8     mintopo.obj
 0003:000009e8       __GUID_185fede5_9905_11d1_95a9_00c04fb925d3 000147c8     mintopo.obj
 0003:000009f8       __GUID_3a5acc00_c557_11d0_8a2b_00a0c9255ac1 000147d8     mintopo.obj
 0003:00000cb0       __GUID_4d837fe0_c555_11d0_8a2b_00a0c9255ac1 00014a90     minwave.obj
 0003:00000cc0       __GUID_507ae360_c554_11d0_8a2b_00a0c9255ac1 00014aa0     minwave.obj
 0003:00000cd0       __GUID_185fedfa_9905_11d1_95a9_00c04fb925d3 00014ab0     minwave.obj
 0003:00000ce0       __GUID_fb6c4281_0353_11d1_905f_0000c0cc16ba 00014ac0     minwave.obj
 0003:00000cf0       __GUID_05589f81_c356_11ce_bf01_00aa0055595a 00014ad0     minwave.obj
 0003:00000d00       __GUID_00000001_0000_0010_8000_00aa00389b71 00014ae0     minwave.obj
 0003:00000d10       __GUID_73647561_0000_0010_8000_00aa00389b71 00014af0     minwave.obj
 0003:00000d20       __GUID_518590a2_a184_11d0_8522_00c04fd9baf3 00014b00     minwave.obj
 0003:00000d40       __GUID_97e99ba0_bdea_11cf_a5d6_28db04c10000 00014b20     prophnd.obj
 0003:00000d60       __GUID_00000000_0000_0000_0000_000000000000 00014b40     adapter.obj
 0004:00000076       ?InstallSubdevice@@YGJPAU_DEVICE_OBJECT@@PAU_IRP@@PAGABU_GUID@@3P6GJPAPAUIUnknown@@3PAU4@W4_POOL_TYPE@@@Z5PAUIResourceList@@3PAPAUIMiniport@@4@Z 00015256 f   adapter.obj
 0004:0000025a       ?ValidateResources@@YGJPAUIResourceList@@@Z 0001543a f   adapter.obj
 0004:000005ee       ?StartDevice@@YGJPAU_DEVICE_OBJECT@@PAU_IRP@@PAUIResourceList@@@Z 000157ce f   adapter.obj
 0004:00000a6e       _AddDevice@8               00015c4e f   adapter.obj
 0004:00000b5e       _DriverEntry@8             00015d3e f   adapter.obj
 0004:00000c7e       ?NewAdapterCommon@@YGJPAPAUIUnknown@@ABU_GUID@@PAU1@W4_POOL_TYPE@@@Z 00015e5e f   common.obj
 0004:00000f60       ?Init@CAdapterCommon@@UAGJPAUIResourceList@@PAU_DEVICE_OBJECT@@@Z 00016140 f   common.obj
 0004:00001188       ??1CAdapterCommon@@UAE@XZ  00016368 f   common.obj
 0004:0000163c       ?DumpConfig@CAdapterCommon@@AAEXXZ 0001681c f   common.obj
 0004:00001dde       ?NonDelegatingQueryInterface@CAdapterCommon@@UAGJABU_GUID@@PAPAX@Z 00016fbe f   common.obj
 0004:00001fb8       ?InitAC97@CAdapterCommon@@AAEJXZ 00017198 f   common.obj
 0004:00002074       ?Check6thBitSupport@CAdapterCommon@@AAEJW4AC97Register@@W4TopoNodeConfig@@@Z 00017254 f   common.obj
 0004:00002186       ?ProbeHWConfig@CAdapterCommon@@AAEJXZ 00017366 f   common.obj
 0004:000028b2       ?AcquireCodecSemiphore@CAdapterCommon@@AAEJXZ 00017a92 f   common.obj
 0004:00002be6       ?ReadCodecRegister@CAdapterCommon@@UAGJW4AC97Register@@PAG@Z 00017dc6 f   common.obj
 0004:00003010       ?WriteCodecRegister@CAdapterCommon@@UAGJW4AC97Register@@GG@Z 000181f0 f   common.obj
 0004:00003290       ?PrimaryCodecReady@CAdapterCommon@@AAEJXZ 00018470 f   common.obj
 0004:0000344e       ?PowerUpCodec@CAdapterCommon@@AAEJXZ 0001862e f   common.obj
 0004:000036fe       ?ProgramSampleRate@CAdapterCommon@@UAGJW4AC97Register@@K@Z 000188de f   common.obj
 0004:00003ae2       ?PowerChangeState@CAdapterCommon@@UAGXT_POWER_STATE@@@Z 00018cc2 f   common.obj
 0004:00003dd6       ?QueryPowerChangeState@CAdapterCommon@@UAGJT_POWER_STATE@@@Z 00018fb6 f   common.obj
 0004:00003f0a       ?QueryDeviceCapabilities@CAdapterCommon@@UAGJPAU_DEVICE_CAPABILITIES@@@Z 000190ea f   common.obj
 0004:00004008       ?SetAC97Default@CAdapterCommon@@AAEJXZ 000191e8 f   common.obj
 0004:00004248       ?DisableAC97Pin@CAdapterCommon@@AAEHW4TopoPinConfig@@@Z 00019428 f   common.obj
 0004:00004400       ?RestoreCodecRegisters@CAdapterCommon@@UAGJXZ 000195e0 f   common.obj
 0004:0000455e       ?ReadChannelConfigDefault@CAdapterCommon@@UAGXPAKPAG@Z 0001973e f   common.obj
 0004:000047e4       ?WriteChannelConfigDefault@CAdapterCommon@@UAGXK@Z 000199c4 f   common.obj
 0004:000049a2       ?CreateMiniportTopologyICH@@YGJPAPAUIUnknown@@ABU_GUID@@PAU1@W4_POOL_TYPE@@@Z 00019b82 f   mintopo.obj
 0004:00004b26       ?NonDelegatingQueryInterface@CMiniportTopologyICH@@UAGJABU_GUID@@PAPAX@Z 00019d06 f   mintopo.obj
 0004:00004cfc       ??1CMiniportTopologyICH@@UAE@XZ 00019edc f   mintopo.obj
 0004:00004dcc       ?DataRangeIntersection@CMiniportTopologyICH@@UAGJKPATKSDATAFORMAT@@0KPAXPAK@Z 00019fac f   mintopo.obj
 0004:00004ece       ?Init@CMiniportTopologyICH@@UAGJPAUIUnknown@@PAUIResourceList@@PAUIPortTopology@@@Z 0001a0ae f   mintopo.obj
 0004:000050a2       ?GetDescription@CMiniportTopologyICH@@UAGJPAPAUPCFILTER_DESCRIPTOR@@@Z 0001a282 f   mintopo.obj
 0004:0000523e       ?DumpTopology@CMiniportTopologyICH@@AAEXXZ 0001a41e f   mintopo.obj
 0004:00005480       ?BuildTopology@CMiniportTopologyICH@@AAEJXZ 0001a660 f   mintopo.obj
 0004:000055c4       ?BuildPinDescriptors@CMiniportTopologyICH@@AAEJXZ 0001a7a4 f   mintopo.obj
 0004:00005afc       ?BuildNodeDescriptors@CMiniportTopologyICH@@AAEJXZ 0001acdc f   mintopo.obj
 0004:000066e6       ?BuildConnectionDescriptors@CMiniportTopologyICH@@AAEJXZ 0001b8c6 f   mintopo.obj
 0004:00007678       ?GetPhysicalConnectionPins@CMiniportTopologyICH@@UAGJPAK00@Z 0001c858 f   mintopo.obj
 0004:00007877       ?PropertyChannelConfig@CMiniportWaveICH@@SGJPAU_PCPROPERTY_REQUEST@@@Z 0001ca57 f   minwave.obj
 0004:00007a82       ?CreateMiniportWaveICH@@YGJPAPAUIUnknown@@ABU_GUID@@PAU1@W4_POOL_TYPE@@@Z 0001cc62 f   minwave.obj
 0004:00007c2e       ?NonDelegatingQueryInterface@CMiniportWaveICH@@UAGJABU_GUID@@PAPAX@Z 0001ce0e f   minwave.obj
 0004:00007e14       ??1CMiniportWaveICH@@UAE@XZ 0001cff4 f   minwave.obj
 0004:00008018       ?Init@CMiniportWaveICH@@UAGJPAUIUnknown@@PAUIResourceList@@PAUIPortWavePci@@PAPAUIServiceGroup@@@Z 0001d1f8 f   minwave.obj
 0004:000082f4       ?ProcessResources@CMiniportWaveICH@@AAEJPAUIResourceList@@@Z 0001d4d4 f   minwave.obj
 0004:00008596       ?BuildDataRangeInformation@CMiniportWaveICH@@AAEJXZ 0001d776 f   minwave.obj
 0004:00008ada       ?NewStream@CMiniportWaveICH@@UAGJPAPAUIMiniportWavePciStream@@PAUIUnknown@@W4_POOL_TYPE@@PAUIPortWavePciStream@@KEPATKSDATAFORMAT@@PAPAUIDmaChannel@@PAPAUIServiceGroup@@@Z 0001dcba f   minwave.obj
 0004:00008e04       ?GetDescription@CMiniportWaveICH@@UAGJPAPAUPCFILTER_DESCRIPTOR@@@Z 0001dfe4 f   minwave.obj
 0004:0000902a       ?DataRangeIntersection@CMiniportWaveICH@@UAGJKPATKSDATAFORMAT@@0KPAXPAK@Z 0001e20a f   minwave.obj
 0004:000095f2       ?TestDataFormat@CMiniportWaveICH@@AAEJPATKSDATAFORMAT@@W4WavePins@@@Z 0001e7d2 f   minwave.obj
 0004:00009b7a       ?PowerChangeNotify@CMiniportWaveICH@@UAGXT_POWER_STATE@@@Z 0001ed5a f   minwave.obj
 0004:00009d96       ?GetDBValues@CMiniportTopologyICH@@SGJPAUIAdapterCommon@@W4TopoNodes@@PAJ2PAK@Z 0001ef76 f   prophnd.obj
 0004:0000a150       ?PropertyHandler_OnOff@CMiniportTopologyICH@@SGJPAU_PCPROPERTY_REQUEST@@@Z 0001f330 f   prophnd.obj
 0004:0000a55e       ?BasicSupportHandler@CMiniportTopologyICH@@SGJPAU_PCPROPERTY_REQUEST@@@Z 0001f73e f   prophnd.obj
 0004:0000a87c       ?PropertyHandler_Level@CMiniportTopologyICH@@SGJPAU_PCPROPERTY_REQUEST@@@Z 0001fa5c f   prophnd.obj
 0004:0000b09c       ?PropertyHandler_Tone@CMiniportTopologyICH@@SGJPAU_PCPROPERTY_REQUEST@@@Z 0002027c f   prophnd.obj
 0004:0000b590       ?PropertyHandler_Ulong@CMiniportTopologyICH@@SGJPAU_PCPROPERTY_REQUEST@@@Z 00020770 f   prophnd.obj
 0004:0000ba69       ?PropertyHandler_CpuResources@CMiniportTopologyICH@@SGJPAU_PCPROPERTY_REQUEST@@@Z 00020c49 f   prophnd.obj
 0004:0000bc7e       ?PropertyHandler_Private@CMiniportTopologyICH@@SGJPAU_PCPROPERTY_REQUEST@@@Z 00020e5e f   prophnd.obj
 0004:0000bf68       ?CreateMiniportWaveICHStream@@YGJPAPAVCMiniportWaveICHStream@@PAUIUnknown@@W4_POOL_TYPE@@@Z 00021148 f   ichwave.obj
 0004:0000c0f2       ??1CMiniportWaveICHStream@@UAE@XZ 000212d2 f   ichwave.obj
 0004:0000c48e       ?Init@CMiniportWaveICHStream@@QAEJPAVCMiniportWaveICH@@PAUIPortWavePciStream@@KEPATKSDATAFORMAT@@PAPAUIServiceGroup@@@Z 0002166e f   ichwave.obj
 0004:0000c824       ?NonDelegatingQueryInterface@CMiniportWaveICHStream@@UAGJABU_GUID@@PAPAX@Z 00021a04 f   ichwave.obj
 0004:0000c9d4       ?GetAllocatorFraming@CMiniportWaveICHStream@@UAGJPAUKSALLOCATOR_FRAMING@@@Z 00021bb4 f   ichwave.obj
 0004:0000cb42       ?SetFormat@CMiniportWaveICHStream@@UAGJPATKSDATAFORMAT@@@Z 00021d22 f   ichwave.obj
 0005:00000000       __IMPORT_DESCRIPTOR_ntoskrnl 00021ee0     ntoskrnl:ntoskrnl.exe
 0005:00000014       __IMPORT_DESCRIPTOR_HAL    00021ef4     hal:HAL.dll
 0005:00000028       __IMPORT_DESCRIPTOR_portcls 00021f08     portcls:portcls.sys
 0005:0000003c       __NULL_IMPORT_DESCRIPTOR   00021f1c     ntoskrnl:ntoskrnl.exe

 entry point at        0004:00000b5e

 Static symbols


 154 bytes saved through ICF

