 DDKSynth

 Timestamp is 69a4cfae (Mon Mar 02 01:45:50 2026)

 Preferred load address is 00010000

 Start         Length     Name                   Class
 0001:00000000 0000aed2H .text                   CODE
 0002:00000000 000000a8H .idata$5                DATA
 0002:000000a8 0000191fH .rdata                  DATA
 0003:00000000 0000028cH .data                   DATA
 0003:0000028c 00000014H .bss                    DATA
 0004:00000000 000000a5H INIT                    CODE
 0004:000000a8 0000003cH .idata$2                CODE
 0004:000000e4 00000014H .idata$3                CODE
 0004:000000f8 000000a8H .idata$4                CODE
 0004:000001a0 0000030aH .idata$6                CODE
 0005:00000000 00000058H .rsrc$01                DATA
 0005:00000060 000003b0H .rsrc$02                DATA

  Address         Publics by Value              Rva+Base     Lib:Object

 0001:0000005a       ?AddDevice@@YGJPAX0@Z      0001031a f   adapter.obj
 0001:000002e4       ?StartDevice@@YGJPAU_DEVICE_OBJECT@@PAU_IRP@@PAUIResourceList@@@Z 000105a4 f   adapter.obj
 0001:0000048a       ?GetCount@CListItem@@QBEJXZ 0001074a f   clist.obj
 0001:00000496       ?Cat@CListItem@@QAEPAV1@PAV1@@Z 00010756 f   clist.obj
 0001:000004fe       ?Remove@CListItem@@QAEPAV1@PAV1@@Z 000107be f   clist.obj
 0001:00000550       ??0CControlLogic@@QAE@XZ   00010810 f   control.obj
 0001:0000062e       ??1CControlLogic@@QAE@XZ   000108ee f   control.obj
 0001:000006d0       ?GMReset@CControlLogic@@AAEXXZ 00010990 f   control.obj
 0001:00000798       ?Init@CControlLogic@@QAEJPAVCInstManager@@PAVCSynth@@@Z 00010a58 f   control.obj
 0001:00000836       ?ClearMIDI@CControlLogic@@QAEX_J@Z 00010af6 f   control.obj
 0001:00000900       ?SetGainAdjust@CControlLogic@@QAEXJ@Z 00010bc0 f   control.obj
 0001:00000910       ?QueueNotes@CControlLogic@@QAEX_J@Z 00010bd0 f   control.obj
 0001:00000f8e       ?Flush@CControlLogic@@QAEX_J@Z 0001124e f   control.obj
 0001:00001064       ?RecordMIDI@CControlLogic@@QAEH_JEEE@Z 00011324 f   control.obj
 0001:0000138e       ?RecordSysEx@CControlLogic@@QAEJKPAE_J@Z 0001164e f   control.obj
 0001:000016a0       ?SetChannelPriority@CControlLogic@@QAEJKK@Z 00011960 f   control.obj
 0001:000016ce       ?GetChannelPriority@CControlLogic@@QAEJKPAK@Z 0001198e f   control.obj
 0001:000016fa       ??0CSynth@@QAE@XZ          000119ba f   csynth.obj
 0001:00001830       ??1CSynth@@QAE@XZ          00011af0 f   csynth.obj
 0001:000018c8       ?SetMaxVoices@CSynth@@QAEJFF@Z 00011b88 f   csynth.obj
 0001:000019d0       ?SetNumChannelGroups@CSynth@@QAEJK@Z 00011c90 f   csynth.obj
 0001:00001ba6       ?SetGainAdjust@CSynth@@QAEXJ@Z 00011e66 f   csynth.obj
 0001:00001bf4       ?Open@CSynth@@QAEJKK@Z     00011eb4 f   csynth.obj
 0001:00001c6e       ?Close@CSynth@@QAEJXZ      00011f2e f   csynth.obj
 0001:00001cfa       ?SetSampleRate@CSynth@@QAEJK@Z 00011fba f   csynth.obj
 0001:00001d8a       ?Activate@CSynth@@QAEJKK@Z 0001204a f   csynth.obj
 0001:00001db8       ?Deactivate@CSynth@@QAEJXZ 00012078 f   csynth.obj
 0001:00001dc0       ?GetPerformanceStats@CSynth@@QAEJPAUPerfStats@@@Z 00012080 f   csynth.obj
 0001:00001e3e       ?Mix@CSynth@@QAEXPAFK_J@Z  000120fe f   csynth.obj
 0001:000020a6       ?OldestVoice@CSynth@@AAEPAVCVoice@@XZ 00012366 f   csynth.obj
 0001:0000213a       ?StealVoice@CSynth@@AAEPAVCVoice@@K@Z 000123fa f   csynth.obj
 0001:000021d0       ?QueueVoice@CSynth@@AAEXPAVCVoice@@@Z 00012490 f   csynth.obj
 0001:00002238       ?StealNotes@CSynth@@AAEX_J@Z 000124f8 f   csynth.obj
 0001:000022cc       ?FinishMix@CSynth@@AAEXPAFK@Z 0001258c f   csynth.obj
 0001:0000232a       ?Unload@CSynth@@QAEJPAXP6GJ00@Z0@Z 000125ea f   csynth.obj
 0001:00002346       ?Download@CSynth@@QAEJPAPAXPAXPAH@Z 00012606 f   csynth.obj
 0001:00002362       ?PlayBuffer@CSynth@@QAEJPAUISynthSinkDMus@@_JPAEKK@Z 00012622 f   csynth.obj
 0001:00002478       ?SetStereoMode@CSynth@@QAEJK@Z 00012738 f   csynth.obj
 0001:0000249e       ?ResetPerformanceStats@CSynth@@QAEXXZ 0001275e f   csynth.obj
 0001:000024c2       ?AllNotesOff@CSynth@@QAEJXZ 00012782 f   csynth.obj
 0001:00002562       ?SetChannelPriority@CSynth@@QAEJKKK@Z 00012822 f   csynth.obj
 0001:000025ba       ?GetChannelPriority@CSynth@@QAEJKKPAK@Z 0001287a f   csynth.obj
 0001:00002612       ??0CSourceLFO@@QAE@XZ      000128d2 f   instr.obj
 0001:00002634       ?Init@CSourceLFO@@QAEXK@Z  000128f4 f   instr.obj
 0001:00002660       ?SetSampleRate@CSourceLFO@@QAEXJ@Z 00012920 f   instr.obj
 0001:000026a6       ?Verify@CSourceLFO@@QAEXXZ 00012966 f   instr.obj
 0001:00002754       ??0CSourceEG@@QAE@XZ       00012a14 f   instr.obj
 0001:00002760       ?Init@CSourceEG@@QAEXXZ    00012a20 f   instr.obj
 0001:00002786       ?SetSampleRate@CSourceEG@@QAEXJ@Z 00012a46 f   instr.obj
 0001:00002806       ?Verify@CSourceEG@@QAEXXZ  00012ac6 f   instr.obj
 0001:000028f2       ??0CSourceArticulation@@QAE@XZ 00012bb2 f   instr.obj
 0001:00002924       ?Init@CSourceArticulation@@QAEXK@Z 00012be4 f   instr.obj
 0001:0000294e       ?SetSampleRate@CSourceArticulation@@QAEXK@Z 00012c0e f   instr.obj
 0001:0000299e       ?Verify@CSourceArticulation@@QAEXXZ 00012c5e f   instr.obj
 0001:000029ba       ?AddRef@CSourceArticulation@@QAEXXZ 00012c7a f   instr.obj
 0001:000029c0       ?Release@CSourceArticulation@@QAEXXZ 00012c80 f   instr.obj
 0001:000029d4       ??0CSourceSample@@QAE@XZ   00012c94 f   instr.obj
 0001:000029fe       ??1CSourceSample@@QAE@XZ   00012cbe f   instr.obj
 0001:00002a0a       ?Verify@CSourceSample@@QAEXXZ 00012cca f   instr.obj
 0001:00002a8e       ?CopyFromWave@CSourceSample@@QAEHXZ 00012d4e f   instr.obj
 0001:00002afe       ??0CWave@@QAE@XZ           00012dbe f   instr.obj
 0001:00002b2a       ??1CWave@@QAE@XZ           00012dea f   instr.obj
 0001:00002b54       ?PlayOn@CWave@@QAEXXZ      00012e14 f   instr.obj
 0001:00002b5e       ?PlayOff@CWave@@QAEXXZ     00012e1e f   instr.obj
 0001:00002b68       ?AddRef@CWave@@QAEXXZ      00012e28 f   instr.obj
 0001:00002b6e       ?Release@CWave@@QAEXXZ     00012e2e f   instr.obj
 0001:00002b90       ??0CSourceRegion@@QAE@XZ   00012e50 f   instr.obj
 0001:00002bbe       ??1CSourceRegion@@QAE@XZ   00012e7e f   instr.obj
 0001:00002bd8       ?SetSampleRate@CSourceRegion@@QAEXK@Z 00012e98 f   instr.obj
 0001:00002bee       ??0CInstrument@@QAE@XZ     00012eae f   instr.obj
 0001:00002bfc       ??1CInstrument@@QAE@XZ     00012ebc f   instr.obj
 0001:00002c2e       ?SetSampleRate@CInstrument@@QAEXK@Z 00012eee f   instr.obj
 0001:00002c4c       ?ScanForRegion@CInstrument@@QAEPAVCSourceRegion@@K@Z 00012f0c f   instr.obj
 0001:00002c70       ?SetSampleRate@CInstManager@@QAEXK@Z 00012f30 f   instr.obj
 0001:00002cc2       ??0CInstManager@@QAE@XZ    00012f82 f   instr.obj
 0001:00002d0a       ??1CInstManager@@QAE@XZ    00012fca f   instr.obj
 0001:00002db4       ?GetInstrument@CInstManager@@QAEPAVCInstrument@@KK@Z 00013074 f   instr.obj
 0001:00002e02       ?TimeCents2Samples@@YGKJK@Z 000130c2 f   instr.obj
 0001:00002e40       ?PitchCents2PitchFract@@YGKJK@Z 00013100 f   instr.obj
 0001:00002e84       ?Download@CSourceArticulation@@QAEJPAU_DMUS_DOWNLOADINFO@@QAPAXKKH@Z 00013144 f   instr.obj
 0001:00003292       ?Download@CSourceRegion@@QAEJPAU_DMUS_DOWNLOADINFO@@QAPAXPAKKH@Z 00013552 f   instr.obj
 0001:0000339e       ?DownloadInstrument@CInstManager@@AAEJPAPAXPAU_DMUS_DOWNLOADINFO@@QAPAXPAXH@Z 0001365e f   instr.obj
 0001:00003622       ?DownloadWave@CInstManager@@AAEJPAPAXPAU_DMUS_DOWNLOADINFO@@QAPAXPAX@Z 000138e2 f   instr.obj
 0001:00003750       ?Download@CInstManager@@QAEJPAPAXPAXPAH@Z 00013a10 f   instr.obj
 0001:0000382a       ?Unload@CInstManager@@QAEJPAXP6GJ00@Z0@Z 00013aea f   instr.obj
 0001:000038da       ??2@YAPAXI@Z               00013b9a f i kernhelp.obj
 0001:00003936       ?InitializeCriticalSection@@YGXPAU_KMUTANT@@@Z 00013bf6 f   kernhelp.obj
 0001:00003948       ?EnterCriticalSection@@YGXPAU_KMUTANT@@@Z 00013c08 f   kernhelp.obj
 0001:0000395e       ?LeaveCriticalSection@@YGXPAU_KMUTANT@@@Z 00013c1e f   kernhelp.obj
 0001:00003970       ?DeleteCriticalSection@@YGXPAU_KMUTANT@@@Z 00013c30 f   kernhelp.obj
 0001:00003970       ?Service@CMiniportDmSynth@@UAGXXZ 00013c30 f   kernhelp.obj
 0001:00003974       ?GetRegValueDword@@YGHPAG0PAK@Z 00013c34 f   kernhelp.obj
 0001:00003a2a       ?GetTheCurrentTime@@YGKXZ  00013cea f   kernhelp.obj
 0001:00003a4e       ?KernHelpGetSysAddrForMdl@@YGPAXPAU_MDL@@@Z 00013d0e f   kernhelp.obj
 0001:00003a92       ??0CMIDIData@@QAE@XZ       00013d52 f   midi.obj
 0001:00003aa2       ??0CMIDIRecorder@@QAE@XZ   00013d62 f   midi.obj
 0001:00003ac0       ??1CMIDIRecorder@@QAE@XZ   00013d80 f   midi.obj
 0001:00003b12       ?Init@CMIDIRecorder@@QAEXXZ 00013dd2 f   midi.obj
 0001:00003bbe       ?FlushMIDI@CMIDIRecorder@@QAEH_J@Z 00013e7e f   midi.obj
 0001:00003c30       ?ClearMIDI@CMIDIRecorder@@QAEH_J@Z 00013ef0 f   midi.obj
 0001:00003cd2       ?VelocityToVolume@CMIDIRecorder@@SGJG@Z 00013f92 f   midi.obj
 0001:00003ce4       ?RecordMIDI@CMIDIRecorder@@QAEH_JJ@Z 00013fa4 f   midi.obj
 0001:00003dd4       ?GetData@CMIDIRecorder@@QAEJ_J@Z 00014094 f   midi.obj
 0001:00003e1e       ?RecordNote@CNoteIn@@QAEH_JPAVCNote@@@Z 000140de f   midi.obj
 0001:00003e46       ?RecordEvent@CNoteIn@@QAEH_JKKE@Z 00014106 f   midi.obj
 0001:00003e6c       ?GetNote@CNoteIn@@QAEH_JPAVCNote@@@Z 0001412c f   midi.obj
 0001:00003f26       ?FlushMIDI@CNoteIn@@QAEX_J@Z 000141e6 f   midi.obj
 0001:00003f86       ??0CPitchBendIn@@QAE@XZ    00014246 f   midi.obj
 0001:00003fa0       ?GetPitch@CPitchBendIn@@QAEJ_J@Z 00014260 f   midi.obj
 0001:00003fc8       ??0CVolumeIn@@QAE@XZ       00014288 f   midi.obj
 0001:00003fdc       ?GetVolume@CVolumeIn@@QAEJ_J@Z 0001429c f   midi.obj
 0001:00003ff6       ??0CExpressionIn@@QAE@XZ   000142b6 f   midi.obj
 0001:0000400a       ?GetVolume@CExpressionIn@@QAEJ_J@Z 000142ca f   midi.obj
 0001:00004024       ??0CPanIn@@QAE@XZ          000142e4 f   midi.obj
 0001:00004038       ?GetModulation@CModWheelIn@@QAEK_J@Z 000142f8 f   midi.obj
 0001:00004038       ?GetPan@CPanIn@@QAEJ_J@Z   000142f8 f   midi.obj
 0001:000040a8       ?MapHRESULT@@YGJJ@Z        00014368 f   miniport.obj
 0001:00004180       ?CreateMiniportDmSynth@@YGJPAPAUIUnknown@@PAU1@W4_POOL_TYPE@@@Z 00014440 f   miniport.obj
 0001:00004234       ?Release@CMiniportDmSynth@@UAGKXZ 000144f4 f i miniport.obj
 0001:00004234       ?Release@CDmSynthStream@@UAGKXZ 000144f4 f i miniport.obj
 0001:00004248       ??_GCMiniportDmSynth@@UAEPAXI@Z 00014508 f i miniport.obj
 0001:00004248       ??_ECMiniportDmSynth@@UAEPAXI@Z 00014508 f i miniport.obj
 0001:00004303       ?NonDelegatingQueryInterface@CMiniportDmSynth@@UAGJABU_GUID@@PAPAX@Z 000145c3 f   miniport.obj
 0001:0000445c       ??1CMiniportDmSynth@@UAE@XZ 0001471c f   miniport.obj
 0001:00004572       ?GetDescription@CMiniportDmSynth@@UAGJPAPAUPCFILTER_DESCRIPTOR@@@Z 00014832 f   miniport.obj
 0001:00004634       ?DataRangeIntersection@CMiniportDmSynth@@UAGJKPATKSDATAFORMAT@@0KPAXPAK@Z 000148f4 f   miniport.obj
 0001:00004789       ?Init@CMiniportDmSynth@@UAGJPAUIUnknown@@PAUIResourceList@@PAUIPortDMus@@PAPAUIServiceGroup@@@Z 00014a49 f   miniport.obj
 0001:000048e4       ?NewStream@CMiniportDmSynth@@UAGJPAPAUIMXF@@PAUIUnknown@@W4_POOL_TYPE@@KW4DMUS_STREAM_TYPE@@PATKSDATAFORMAT@@PAPAUIServiceGroup@@PAUIAllocatorMXF@@PAUIMasterClock@@PA_K@Z 00014ba4 f   miniport.obj
 0001:00004a98       ??0CDmSynthStream@@QAE@PAUIUnknown@@@Z 00014d58 f i miniport.obj
 0001:00004acc       ?QueryInterface@CDmSynthStream@@UAGJABU_GUID@@PAPAX@Z 00014d8c f i miniport.obj
 0001:00004acc       ?QueryInterface@CMiniportDmSynth@@UAGJABU_GUID@@PAPAX@Z 00014d8c f i miniport.obj
 0001:00004ae4       ?AddRef@CDmSynthStream@@UAGKXZ 00014da4 f i miniport.obj
 0001:00004ae4       ?AddRef@CMiniportDmSynth@@UAGKXZ 00014da4 f i miniport.obj
 0001:00004af8       ??_GCDmSynthStream@@UAEPAXI@Z 00014db8 f i miniport.obj
 0001:00004af8       ??_ECDmSynthStream@@UAEPAXI@Z 00014db8 f i miniport.obj
 0001:00004b7a       ??1CDmSynthStream@@UAE@XZ  00014e3a f   miniport.obj
 0001:00004cce       ?Init@CDmSynthStream@@QAEJPAVCMiniportDmSynth@@@Z 00014f8e f   miniport.obj
 0001:00004df8       ?InitMidiIn@CDmSynthStream@@QAEJPAUIAllocatorMXF@@PAUIMasterClock@@@Z 000150b8 f   miniport.obj
 0001:00004ec8       ?InitWaveOut@CDmSynthStream@@QAEJPATKSDATAFORMAT@@@Z 00015188 f   miniport.obj
 0001:00004fdb       ?NonDelegatingQueryInterface@CDmSynthStream@@UAGJABU_GUID@@PAPAX@Z 0001529b f   miniport.obj
 0001:00005120       ?SetState@CDmSynthStream@@UAGJW4KSSTATE@@@Z 000153e0 f   miniport.obj
 0001:000051b4       ?DisconnectOutput@CDmSynthStream@@UAGJPAUIMXF@@@Z 00015474 f   miniport.obj
 0001:000051b4       ?ConnectOutput@CDmSynthStream@@UAGJPAUIMXF@@@Z 00015474 f   miniport.obj
 0001:000051ba       ?PutMessageWorker@@YGXPAX@Z 0001547a f   miniport.obj
 0001:000051ca       ?PutMessageInternal@CDmSynthStream@@QAEXXZ 0001548a f   miniport.obj
 0001:0000525e       ?PutMessage@CDmSynthStream@@UAGJPAU_DMUS_KERNEL_EVENT@@@Z 0001551e f   miniport.obj
 0001:0000537c       ?HandlePropertySupport@CDmSynthStream@@QAEJPAU_PCPROPERTY_REQUEST@@@Z 0001563c f   miniport.obj
 0001:00005614       ?HandlePropertyEffects@CDmSynthStream@@QAEJPAU_PCPROPERTY_REQUEST@@@Z 000158d4 f   miniport.obj
 0001:0000577a       ?HandlePortParams@CDmSynthStream@@QAEJPAU_PCPROPERTY_REQUEST@@@Z 00015a3a f   miniport.obj
 0001:000059a8       ?HandleRunningStats@CDmSynthStream@@QAEJPAU_PCPROPERTY_REQUEST@@@Z 00015c68 f   miniport.obj
 0001:00005be2       ?HandlePropertySynth@CDmSynthStream@@QAEJPAU_PCPROPERTY_REQUEST@@@Z 00015ea2 f   miniport.obj
 0001:00006241       ?HandleDownload@CDmSynthStream@@QAEJPAU_PCPROPERTY_REQUEST@@@Z 00016501 f   miniport.obj
 0001:0000658a       ?HandleUnload@CDmSynthStream@@QAEJPAU_PCPROPERTY_REQUEST@@@Z 0001684a f   miniport.obj
 0001:0000670e       ?HandlePropertySynthDls@CDmSynthStream@@QAEJPAU_PCPROPERTY_REQUEST@@@Z 000169ce f   miniport.obj
 0001:000069c2       ?PropertyHandler_Support@@YGJPAU_PCPROPERTY_REQUEST@@@Z 00016c82 f   miniport.obj
 0001:00006b30       ?PropertyHandler_Effects@@YGJPAU_PCPROPERTY_REQUEST@@@Z 00016df0 f   miniport.obj
 0001:00006c9e       ?PropertyHandler_Synth@@YGJPAU_PCPROPERTY_REQUEST@@@Z 00016f5e f   miniport.obj
 0001:00006dc3       ?PropertyHandler_SynthCaps@@YGJPAU_PCPROPERTY_REQUEST@@@Z 00017083 f   miniport.obj
 0001:00006fe2       ?PropertyHandler_SynthDls@@YGJPAU_PCPROPERTY_REQUEST@@@Z 000172a2 f   miniport.obj
 0001:0000706e       ?Mix8@CDigitalAudio@@AAEKPAFKKJJJJJ@Z 0001732e f   mix.obj
 0001:00007320       ?MixMono8@CDigitalAudio@@AAEKPAFKKJJJJ@Z 000175e0 f   mix.obj
 0001:00007532       ?Mix16@CDigitalAudio@@AAEKPAFKKJJJJJ@Z 000177f2 f   mix.obj
 0001:000077e4       ?MixMono16@CDigitalAudio@@AAEKPAFKKJJJJ@Z 00017aa4 f   mix.obj
 0001:000079f6       ??0CPhaseLockClock@@QAE@XZ 00017cb6 f   plclock.obj
 0001:00007a00       ?Start@CPhaseLockClock@@QAEX_J0@Z 00017cc0 f   plclock.obj
 0001:00007a18       ?GetSlaveTime@CPhaseLockClock@@QAEX_JPA_J@Z 00017cd8 f   plclock.obj
 0001:00007a32       ?SetSlaveTime@CPhaseLockClock@@QAEX_JPA_J@Z 00017cf2 f   plclock.obj
 0001:00007a4e       ?SyncToMaster@CPhaseLockClock@@QAEX_J0@Z 00017d0e f   plclock.obj
 0001:00007a86       ??0CSampleClock@@QAE@XZ    00017d46 f   plclock.obj
 0001:00007aa2       ?Start@CSampleClock@@QAEXPAUIMasterClock@@K_J@Z 00017d62 f   plclock.obj
 0001:00007b06       ?SampleToRefTime@CSampleClock@@QAEX_JPA_J@Z 00017dc6 f   plclock.obj
 0001:00007b44       ?RefTimeToSample@CSampleClock@@QAE_J_J@Z 00017e04 f   plclock.obj
 0001:00007b8c       ?SyncToMaster@CSampleClock@@QAEX_J0@Z 00017e4c f   plclock.obj
 0001:00007c3c       ?Render@CDmSynthStream@@UAGXPAEK_J@Z 00017efc f   syslink.obj
 0001:00007d18       ?SyncToMaster@CDmSynthStream@@UAGJ_JH@Z 00017fd8 f   syslink.obj
 0001:00007dfc       ?SampleToRefTime@CDmSynthStream@@UAGJ_JPA_J@Z 000180bc f   syslink.obj
 0001:00007e76       ?RefTimeToSample@CDmSynthStream@@UAGJ_JPA_J@Z 00018136 f   syslink.obj
 0001:00007eba       ??0CVoiceLFO@@QAE@XZ       0001817a f   voice.obj
 0001:00007eca       ?StartVoice@CVoiceLFO@@QAE_JPAVCSourceLFO@@_JPAVCModWheelIn@@@Z 0001818a f   voice.obj
 0001:00007f30       ?GetLevel@CVoiceLFO@@AAEJ_JPA_J@Z 000181f0 f   voice.obj
 0001:00007f9c       ?GetVolume@CVoiceLFO@@QAEJ_JPA_J@Z 0001825c f   voice.obj
 0001:00007fe8       ?GetPitch@CVoiceLFO@@QAEJ_JPA_J@Z 000182a8 f   voice.obj
 0001:00008034       ??0CVoiceEG@@QAE@XZ        000182f4 f   voice.obj
 0001:00008048       ?StopVoice@CVoiceEG@@QAEX_J@Z 00018308 f   voice.obj
 0001:0000809c       ?QuickStopVoice@CVoiceEG@@QAEX_JK@Z 0001835c f   voice.obj
 0001:0000811a       ?StartVoice@CVoiceEG@@QAE_JPAVCSourceEG@@_JGG@Z 000183da f   voice.obj
 0001:000081fc       ?InRelease@CVoiceEG@@QAEH_J@Z 000184bc f   voice.obj
 0001:0000821e       ?GetLevel@CVoiceEG@@AAEJ_JPA_JH@Z 000184de f   voice.obj
 0001:00008460       ?GetVolume@CVoiceEG@@QAEJ_JPA_J@Z 00018720 f   voice.obj
 0001:00008488       ?GetPitch@CVoiceEG@@QAEJ_JPA_J@Z 00018748 f   voice.obj
 0001:000084ce       ??0CDigitalAudio@@QAE@XZ   0001878e f   voice.obj
 0001:0000852c       ?VRELToVFRACT@CDigitalAudio@@CGJJ@Z 000187ec f   voice.obj
 0001:00008558       ?PRELToPFRACT@CDigitalAudio@@SGJJ@Z 00018818 f   voice.obj
 0001:0000860a       ?ClearVoice@CDigitalAudio@@QAEXXZ 000188ca f   voice.obj
 0001:00008624       ?StartVoice@CDigitalAudio@@QAE_JPAVCSynth@@PAVCSourceSample@@JJJJ@Z 000188e4 f   voice.obj
 0001:0000877a       ?BeforeBigSampleMix@CDigitalAudio@@AAEXXZ 00018a3a f   voice.obj
 0001:00008846       ?AfterBigSampleMix@CDigitalAudio@@AAEXXZ 00018b06 f   voice.obj
 0001:00008884       ?Mix@CDigitalAudio@@QAEHPAFKJJJK@Z 00018b44 f   voice.obj
 0001:00008bd0       ??0CVoice@@QAE@XZ          00018e90 f   voice.obj
 0001:00008c68       ?StopVoice@CVoice@@QAEX_J@Z 00018f28 f   voice.obj
 0001:00008cda       ?QuickStopVoice@CVoice@@QAEX_J@Z 00018f9a f   voice.obj
 0001:00008d84       ?StartVoice@CVoice@@QAEHPAVCSynth@@PAVCSourceRegion@@_JPAVCModWheelIn@@PAVCPitchBendIn@@PAVCExpressionIn@@PAVCVolumeIn@@PAVCPanIn@@GGJJ@Z 00019044 f   voice.obj
 0001:00009034       ?ClearVoice@CVoice@@QAEXXZ 000192f4 f   voice.obj
 0001:00009046       ?GetNewVolume@CVoice@@QAEX_JAAJ1@Z 00019306 f   voice.obj
 0001:0000915c       ?GetNewPitch@CVoice@@QAEJ_J@Z 0001941c f   voice.obj
 0001:000091f6       ?Mix@CVoice@@QAEKPAFK_J1@Z 000194b6 f   voice.obj
 0001:000093de       ?MixMono8X@CDigitalAudio@@AAEKPAFKKJJJJ@Z 0001969e f   mmx.obj
 0001:0000958c       ?Mix8X@CDigitalAudio@@AAAKPAFKKJJJJJ@Z 0001984c f   mmx.obj
 0001:00009768       ?MixMono16X@CDigitalAudio@@AAEKPAFKKJJJJ@Z 00019a28 f   mmx.obj
 0001:00009908       ?Mix16X@CDigitalAudio@@AAAKPAFKKJJJJJ@Z 00019bc8 f   mmx.obj
 0001:00009ad8       ?MultiMediaInstructionsSupported@@YGHXZ 00019d98 f   mmx.obj
 0001:00009b90       _DbgPrint                  00019e50 f   ntoskrnl:ntoskrnl.exe
 0001:00009b96       __alldiv                   00019e56 f   ntoskrnl:ntoskrnl.exe
 0001:00009b9c       __allmul                   00019e5c f   ntoskrnl:ntoskrnl.exe
 0001:00009ba2       __allshr                   00019e62 f   ntoskrnl:ntoskrnl.exe
 0001:00009ba8       __allshl                   00019e68 f   ntoskrnl:ntoskrnl.exe
 0001:00009bae       __except_handler3          00019e6e f   ntoskrnl:ntoskrnl.exe
 0001:00009bb4       __aullshr                  00019e74 f   ntoskrnl:ntoskrnl.exe
 0001:00009bba       _PcInitializeAdapterDriver@12 00019e7a f   portcls:portcls.sys
 0001:00009bc0       _PcAddAdapterDevice@20     00019e80 f   portcls:portcls.sys
 0001:00009bc6       _PcRegisterSubdevice@12    00019e86 f   portcls:portcls.sys
 0001:00009bcc       _PcNewPort@8               00019e8c f   portcls:portcls.sys
 0001:00009bd4       __ftol                     00019e94 f   libcntpr:ftol.obj
 0001:00009bfc       __CIpow                    00019ebc f   libcntpr:pow.obj
 0001:00009c15       _pow                       00019ed5 f   libcntpr:pow.obj
 0001:00009e2d       __fFEXP                    0001a0ed f   libcntpr:87tran.obj
 0001:00009e84       __rtinfpopse               0001a144 f   libcntpr:87tran.obj
 0001:00009e86       __rtinfnpopse              0001a146 f   libcntpr:87tran.obj
 0001:00009e96       __fFLN                     0001a156 f   libcntpr:87tran.obj
 0001:00009f4b       __rtinfpop                 0001a20b f   libcntpr:87tran.obj
 0001:00009f4d       __rtinfnpop                0001a20d f   libcntpr:87tran.obj
 0001:00009f6a       __ffexpm1                  0001a22a f   libcntpr:87tran.obj
 0001:0000a014       __trandisp1                0001a2d4 f   libcntpr:87disp.obj
 0001:0000a07b       __trandisp2                0001a33b f   libcntpr:87disp.obj
 0001:0000a107       __rttospopde               0001a3c7 f   libcntpr:87disp.obj
 0001:0000a10c       __rttospop                 0001a3cc f   libcntpr:87disp.obj
 0001:0000a10e       __rtnospop                 0001a3ce f   libcntpr:87disp.obj
 0001:0000a110       __rttosnpop                0001a3d0 f   libcntpr:87disp.obj
 0001:0000a111       __rtnospopde               0001a3d1 f   libcntpr:87disp.obj
 0001:0000a118       __rtzeropop                0001a3d8 f   libcntpr:87disp.obj
 0001:0000a11a       __rtzeronpop               0001a3da f   libcntpr:87disp.obj
 0001:0000a11f       __rtonepop                 0001a3df f   libcntpr:87disp.obj
 0001:0000a121       __rtonenpop                0001a3e1 f   libcntpr:87disp.obj
 0001:0000a126       __tosnan1                  0001a3e6 f   libcntpr:87disp.obj
 0001:0000a151       __nosnan2                  0001a411 f   libcntpr:87disp.obj
 0001:0000a153       __tosnan2                  0001a413 f   libcntpr:87disp.obj
 0001:0000a17b       __nan2                     0001a43b f   libcntpr:87disp.obj
 0001:0000a1ba       __rtindfpop                0001a47a f   libcntpr:87disp.obj
 0001:0000a1bc       __rtindfnpop               0001a47c f   libcntpr:87disp.obj
 0001:0000a1cd       __rttosnpopde              0001a48d f   libcntpr:87disp.obj
 0001:0000a1d7       __rtchsifneg               0001a497 f   libcntpr:87disp.obj
 0001:0000a1e0       __startTwoArgErrorHandling 0001a4a0 f   libcntpr:genexcep.obj
 0001:0000a1f7       __startOneArgErrorHandling 0001a4b7 f   libcntpr:genexcep.obj
 0001:0000a234       __twoToTOS                 0001a4f4 f   libcntpr:common.obj
 0001:0000a249       __load_CW                  0001a509 f   libcntpr:common.obj
 0001:0000a260       __convertTOStoQNaN         0001a520 f   libcntpr:common.obj
 0001:0000a279       __fload_withFB             0001a539 f   libcntpr:common.obj
 0001:0000a2bc       __checkTOS_withFB          0001a57c f   libcntpr:common.obj
 0001:0000a2d2       __fast_exit                0001a592 f   libcntpr:common.obj
 0001:0000a2df       __math_exit                0001a59f f   libcntpr:common.obj
 0001:0000a309       __check_overflow_exit      0001a5c9 f   libcntpr:common.obj
 0001:0000a31d       __check_range_exit         0001a5dd f   libcntpr:common.obj
 0001:0000a3c0       __powhlp                   0001a680 f   libcntpr:powhlp.obj
 0001:0000a4dd       __d_inttype                0001a79d f   libcntpr:powhlp.obj
 0001:0000a537       __87except                 0001a7f7 f   libcntpr:87except.obj
 0001:0000a608       __set_exp                  0001a8c8 f   libcntpr:util.obj
 0001:0000a631       __sptype                   0001a8f1 f   libcntpr:util.obj
 0001:0000a68b       __decomp                   0001a94b f   libcntpr:util.obj
 0001:0000a73e       __frnd                     0001a9fe f   libcntpr:frnd.obj
 0001:0000a750       __fpclass                  0001aa10 f   libcntpr:ieeemisc.obj
 0001:0000a7e2       _RaiseException@16         0001aaa2 f   libcntpr:fpexcept.obj
 0001:0000a83d       __raise_exc                0001aafd f   libcntpr:fpexcept.obj
 0001:0000aaef       __handle_exc               0001adaf f   libcntpr:fpexcept.obj
 0001:0000acd3       __set_errno                0001af93 f   libcntpr:fpexcept.obj
 0001:0000acf9       __matherr                  0001afb9 f   libcntpr:matherr.obj
 0001:0000acfc       __statfp                   0001afbc f   libcntpr:fpctrl.obj
 0001:0000ad0a       __clrfp                    0001afca f   libcntpr:fpctrl.obj
 0001:0000ad19       __ctrlfp                   0001afd9 f   libcntpr:fpctrl.obj
 0001:0000ad3c       __set_statfp               0001affc f   libcntpr:fpctrl.obj
 0001:0000ad92       ??0CUnknown@@QAE@PAUIUnknown@@@Z 0001b052 f   stdunk:stdunk.obj
 0001:0000adb4       ??_ECUnknown@@UAEPAXI@Z    0001b074 f i stdunk:stdunk.obj
 0001:0000adb4       ??_GCUnknown@@UAEPAXI@Z    0001b074 f i stdunk:stdunk.obj
 0001:0000add3       ??1CUnknown@@UAE@XZ        0001b093 f   stdunk:stdunk.obj
 0001:0000adda       ?NonDelegatingAddRef@CUnknown@@UAGKXZ 0001b09a f   stdunk:stdunk.obj
 0001:0000ae0d       ?NonDelegatingRelease@CUnknown@@UAGKXZ 0001b0cd f   stdunk:stdunk.obj
 0001:0000ae59       ?NonDelegatingQueryInterface@CUnknown@@UAGJABU_GUID@@PAPAX@Z 0001b119 f   stdunk:stdunk.obj
 0001:0000aecc       _RtlRaiseException@4       0001b18c f   ntoskrnl:ntoskrnl.exe
 0002:00000000       __imp_@KfAcquireSpinLock@4 0001b1a0     hal:HAL.dll
 0002:00000004       __imp_@KfReleaseSpinLock@8 0001b1a4     hal:HAL.dll
 0002:00000008       __imp__KeGetCurrentIrql@0  0001b1a8     hal:HAL.dll
 0002:0000000c       \177HAL_NULL_THUNK_DATA    0001b1ac     hal:HAL.dll
 0002:00000010       __imp__DbgPrint            0001b1b0     ntoskrnl:ntoskrnl.exe
 0002:00000014       __imp___allmul             0001b1b4     ntoskrnl:ntoskrnl.exe
 0002:00000018       __imp___allshr             0001b1b8     ntoskrnl:ntoskrnl.exe
 0002:0000001c       __imp___allshl             0001b1bc     ntoskrnl:ntoskrnl.exe
 0002:00000020       __imp__KeInitializeMutex@8 0001b1c0     ntoskrnl:ntoskrnl.exe
 0002:00000024       __imp__KeWaitForSingleObject@20 0001b1c4     ntoskrnl:ntoskrnl.exe
 0002:00000028       __imp__KeReleaseMutex@8    0001b1c8     ntoskrnl:ntoskrnl.exe
 0002:0000002c       __imp__ZwClose@4           0001b1cc     ntoskrnl:ntoskrnl.exe
 0002:00000030       __imp__ZwQueryValueKey@24  0001b1d0     ntoskrnl:ntoskrnl.exe
 0002:00000034       __imp__ZwOpenKey@12        0001b1d4     ntoskrnl:ntoskrnl.exe
 0002:00000038       __imp__RtlInitUnicodeString@8 0001b1d8     ntoskrnl:ntoskrnl.exe
 0002:0000003c       __imp__KeQuerySystemTime@4 0001b1dc     ntoskrnl:ntoskrnl.exe
 0002:00000040       __imp__ExAllocatePoolWithTag@12 0001b1e0     ntoskrnl:ntoskrnl.exe
 0002:00000044       __imp___alldiv             0001b1e4     ntoskrnl:ntoskrnl.exe
 0002:00000048       __imp__ExQueueWorkItem@8   0001b1e8     ntoskrnl:ntoskrnl.exe
 0002:0000004c       __imp_@KefReleaseSpinLockFromDpcLevel@4 0001b1ec     ntoskrnl:ntoskrnl.exe
 0002:00000050       __imp_@KefAcquireSpinLockAtDpcLevel@4 0001b1f0     ntoskrnl:ntoskrnl.exe
 0002:00000054       __imp__ExFreePool@4        0001b1f4     ntoskrnl:ntoskrnl.exe
 0002:00000058       __imp__KeSaveFloatingPointState@4 0001b1f8     ntoskrnl:ntoskrnl.exe
 0002:0000005c       __imp__IoFreeMdl@4         0001b1fc     ntoskrnl:ntoskrnl.exe
 0002:00000060       __imp__MmUnlockPages@4     0001b200     ntoskrnl:ntoskrnl.exe
 0002:00000064       __imp__MmProbeAndLockPages@12 0001b204     ntoskrnl:ntoskrnl.exe
 0002:00000068       __imp__IoAllocateMdl@20    0001b208     ntoskrnl:ntoskrnl.exe
 0002:0000006c       __imp___except_handler3    0001b20c     ntoskrnl:ntoskrnl.exe
 0002:00000070       __imp___aullshr            0001b210     ntoskrnl:ntoskrnl.exe
 0002:00000074       __imp__RtlAssert@16        0001b214     ntoskrnl:ntoskrnl.exe
 0002:00000078       __imp__KeInitializeSpinLock@4 0001b218     ntoskrnl:ntoskrnl.exe
 0002:0000007c       __imp__MmMapLockedPages@8  0001b21c     ntoskrnl:ntoskrnl.exe
 0002:00000080       __imp__KeRestoreFloatingPointState@4 0001b220     ntoskrnl:ntoskrnl.exe
 0002:00000084       __imp_@InterlockedIncrement@4 0001b224     ntoskrnl:ntoskrnl.exe
 0002:00000088       __imp__RtlRaiseException@4 0001b228     ntoskrnl:ntoskrnl.exe
 0002:0000008c       __imp_@InterlockedDecrement@4 0001b22c     ntoskrnl:ntoskrnl.exe
 0002:00000090       \177ntoskrnl_NULL_THUNK_DATA 0001b230     ntoskrnl:ntoskrnl.exe
 0002:00000094       __imp__PcNewPort@8         0001b234     portcls:portcls.sys
 0002:00000098       __imp__PcRegisterSubdevice@12 0001b238     portcls:portcls.sys
 0002:0000009c       __imp__PcAddAdapterDevice@20 0001b23c     portcls:portcls.sys
 0002:000000a0       __imp__PcInitializeAdapterDriver@12 0001b240     portcls:portcls.sys
 0002:000000a4       \177portcls_NULL_THUNK_DATA 0001b244     portcls:portcls.sys
 0002:00000108       _GUID_DMUS_PROP_Effects    0001b2a8     adapter.obj
 0002:00000118       _GUID_DMUS_PROP_DLS1       0001b2b8     adapter.obj
 0002:00000128       _GUID_DMUS_PROP_GS_Capable 0001b2c8     adapter.obj
 0002:00000138       _GUID_DMUS_PROP_XG_Capable 0001b2d8     adapter.obj
 0002:00000148       _GUID_DMUS_PROP_XG_Hardware 0001b2e8     adapter.obj
 0002:00000158       _GUID_DMUS_PROP_GS_Hardware 0001b2f8     adapter.obj
 0002:00000168       _GUID_DMUS_PROP_GM_Hardware 0001b308     adapter.obj
 0002:00000178       _IID_IMiniport             0001b318     adapter.obj
 0002:00000188       _IID_IUnknown              0001b328     adapter.obj
 0002:000001d8       ??_C@_0BB@MCLL@m_pHead?5?$CB?$DN?5pItem?$AA@ 0001b378     control.obj
 0002:000001ec       ??_C@_0CI@KOIB@c?3?2ntddk?2src?2wdm?2audio?2ddksynth?2@ 0001b38c     control.obj
 0002:00000218       __real@8@3fe4da740da740da7800 0001b3b8     instr.obj
 0002:00000220       __real@8@40008000000000000000 0001b3c0     instr.obj
 0002:00000228       __real@8@401fdc00000000000000 0001b3c8     instr.obj
 0002:00000230       __real@8@3ff4da740da740da7800 0001b3d0     instr.obj
 0002:00000238       __real@8@400bd7a0000000000000 0001b3d8     instr.obj
 0002:00000240       __real@8@3fef8000000000000000 0001b3e0     instr.obj
 0002:00000248       ??_C@_01BJG@?6?$AA@        0001b3e8     kernhelp.obj
 0002:0000024c       ??_C@_0CH@PCMG@Couldn?8t?5allocate?5paged?5pool?3?5?$CFd@ 0001b3ec     kernhelp.obj
 0002:00000274       ??_C@_0BI@OFKM@DDKSynth?4sys?3KernHelp?3?5?$AA@ 0001b414     kernhelp.obj
 0002:0000080c       ??_7CMiniportDmSynth@@6BCUnknown@@@ 0001b9ac     miniport.obj
 0002:0000081c       ??_7CMiniportDmSynth@@6BIMiniportDMus@@@ 0001b9bc     miniport.obj
 0002:0000083c       ??_7CDmSynthStream@@6BISynthSinkDMus@@@ 0001b9dc     miniport.obj
 0002:00000868       ??_7CDmSynthStream@@6BCUnknown@@@ 0001ba08     miniport.obj
 0002:00000878       __real@8@4003a000000000000000 0001ba18     miniport.obj
 0002:00000880       __real@8@3ff08000000000000000 0001ba20     miniport.obj
 0002:00000888       __real@8@c005c000000000000000 0001ba28     miniport.obj
 0002:00001824       __DEFAULT_CW_in_mem        0001c9c4     libcntpr:common.obj
 0002:00001826       __pi_by_2_to_61            0001c9c6     libcntpr:common.obj
 0002:00001890       ??_C@_03GAFO@_yn?$AA@      0001ca30     libcntpr:fpexcept.obj
 0002:00001894       ??_C@_03GNLD@_y1?$AA@      0001ca34     libcntpr:fpexcept.obj
 0002:00001898       ??_C@_03MHCE@_y0?$AA@      0001ca38     libcntpr:fpexcept.obj
 0002:0000189c       ??_C@_05PAK@frexp?$AA@     0001ca3c     libcntpr:fpexcept.obj
 0002:000018a4       ??_C@_04JKCH@fmod?$AA@     0001ca44     libcntpr:fpexcept.obj
 0002:000018ac       ??_C@_06GGHF@_hypot?$AA@   0001ca4c     libcntpr:fpexcept.obj
 0002:000018b4       ??_C@_05JNMC@_cabs?$AA@    0001ca54     libcntpr:fpexcept.obj
 0002:000018bc       ??_C@_05MEKH@ldexp?$AA@    0001ca5c     libcntpr:fpexcept.obj
 0002:000018c4       ??_C@_04KAOJ@modf?$AA@     0001ca64     libcntpr:fpexcept.obj
 0002:000018cc       ??_C@_04EHAJ@fabs?$AA@     0001ca6c     libcntpr:fpexcept.obj
 0002:000018d4       ??_C@_05MFBN@floor?$AA@    0001ca74     libcntpr:fpexcept.obj
 0002:000018dc       ??_C@_04JJMP@ceil?$AA@     0001ca7c     libcntpr:fpexcept.obj
 0002:000018e4       ??_C@_03JLPI@tan?$AA@      0001ca84     libcntpr:fpexcept.obj
 0002:000018e8       ??_C@_03DLFL@cos?$AA@      0001ca88     libcntpr:fpexcept.obj
 0002:000018ec       ??_C@_03JAMN@sin?$AA@      0001ca8c     libcntpr:fpexcept.obj
 0002:000018f0       ??_C@_04LMBE@sqrt?$AA@     0001ca90     libcntpr:fpexcept.obj
 0002:000018f8       ??_C@_05BFPO@atan2?$AA@    0001ca98     libcntpr:fpexcept.obj
 0002:00001900       ??_C@_04EAGN@atan?$AA@     0001caa0     libcntpr:fpexcept.obj
 0002:00001908       ??_C@_04OAMO@acos?$AA@     0001caa8     libcntpr:fpexcept.obj
 0002:00001910       ??_C@_04ELFI@asin?$AA@     0001cab0     libcntpr:fpexcept.obj
 0002:00001918       ??_C@_04LFAD@tanh?$AA@     0001cab8     libcntpr:fpexcept.obj
 0002:00001920       ??_C@_04PFKD@cosh?$AA@     0001cac0     libcntpr:fpexcept.obj
 0002:00001928       ??_C@_04NPAI@sinh?$AA@     0001cac8     libcntpr:fpexcept.obj
 0002:00001930       ??_C@_05IJHH@log10?$AA@    0001cad0     libcntpr:fpexcept.obj
 0002:00001938       ??_C@_03BGKD@log?$AA@      0001cad8     libcntpr:fpexcept.obj
 0002:0000193c       ??_C@_03EGFG@pow?$AA@      0001cadc     libcntpr:fpexcept.obj
 0002:00001940       ??_C@_03CDGJ@exp?$AA@      0001cae0     libcntpr:fpexcept.obj
 0002:00001960       ??_7CUnknown@@6B@          0001cb00     stdunk:stdunk.obj
 0002:00001970       ??_C@_0BB@CHNF@m_lRefCount?5?$DO?$DN?50?$AA@ 0001cb10     stdunk:stdunk.obj
 0002:00001984       ??_C@_0CJ@OFAO@c?3?2ntddk?2src?2wdm?2audio?2stdunk?2st@ 0001cb24     stdunk:stdunk.obj
 0002:000019b0       ??_C@_0BA@HPDB@m_lRefCount?5?$DO?50?$AA@ 0001cb50     stdunk:stdunk.obj
 0002:000019c0       ??_C@_06DPDC@ppVoid?$AA@   0001cb60     stdunk:stdunk.obj
 0003:00000000       __GUID_b7902fe9_fb0a_11d1_81b0_0060083316c1 0001cb80     adapter.obj
 0003:00000010       __GUID_94824f88_6183_11d2_8f7a_00c04fbf8fef 0001cb90     miniport.obj
 0003:00000020       __GUID_dff220f3_f70f_11d0_b917_00a0c9223196 0001cba0     miniport.obj
 0003:00000030       __GUID_6994ad04_93ef_11d0_a3cc_00a0c9223196 0001cbb0     miniport.obj
 0003:00000040       __GUID_d2d37597_a312_434c_a2dd_2b4c32e6658a 0001cbc0     miniport.obj
 0003:00000050       __GUID_47a4fa20_a251_11d1_a050_0000f8004788 0001cbd0     miniport.obj
 0003:00000060       __GUID_d523fa2c_dee3_11d1_a789_0000f875ac12 0001cbe0     miniport.obj
 0003:00000070       __GUID_fedfae25_e46e_11d1_aace_0000f875ac12 0001cbf0     miniport.obj
 0003:00000080       __GUID_c096df9d_fb09_11d1_81b0_0060083316c1 0001cc00     miniport.obj
 0003:00000090       __GUID_1f476974_679b_11d2_8f7d_00c04fbf8fef 0001cc10     miniport.obj
 0003:000000a0       __GUID_c096df9e_fb09_11d1_81b0_0060083316c1 0001cc20     miniport.obj
 0003:000000b0       __GUID_820dc38a_1f81_11d3_a82e_0060083316c1 0001cc30     miniport.obj
 0003:000000c0       __fltused                  0001cc40     libcntpr:stubs.obj
 0003:000000c4       __ldused                   0001cc44     libcntpr:stubs.obj
 0003:000000c8       __half                     0001cc48     libcntpr:pow.obj
 0003:000000d4       __infinity                 0001cc54     libcntpr:87tran.obj
 0003:000000de       __minfinity                0001cc5e     libcntpr:87tran.obj
 0003:000000e8       __logemax                  0001cc68     libcntpr:87tran.obj
 0003:00000118       __OP_EXPjmptab             0001cc98     libcntpr:87tran.obj
 0003:00000138       __indefinite               0001ccb8     libcntpr:87disp.obj
 0003:00000142       __piby2                    0001ccc2     libcntpr:87disp.obj
 0003:00000154       __cpower                   0001ccd4     libcntpr:87disp.obj
 0003:00000168       __d_inf                    0001cce8     libcntpr:util.obj
 0003:00000170       __d_ind                    0001ccf0     libcntpr:util.obj
 0003:00000178       __d_max                    0001ccf8     libcntpr:util.obj
 0003:00000180       __d_min                    0001cd00     libcntpr:util.obj
 0003:00000188       __d_mzero                  0001cd08     libcntpr:util.obj
 0003:00000268       __matherr_flag             0001cde8     libcntpr:matherr.obj
 0003:0000028c       ?m_sFreeList@CMIDIRecorder@@2PAVCMIDIDataList@@A 0001ce0c     midi.obj
 0003:00000298       ___fastflag                0001ce18     libcntpr:stubs.obj
 0003:0000029c       _errno                     0001ce1c     <common>
 0004:0000005a       _DriverEntry@8             0001ce7a f   adapter.obj
 0004:000000a8       __IMPORT_DESCRIPTOR_ntoskrnl 0001cec8     ntoskrnl:ntoskrnl.exe
 0004:000000bc       __IMPORT_DESCRIPTOR_HAL    0001cedc     hal:HAL.dll
 0004:000000d0       __IMPORT_DESCRIPTOR_portcls 0001cef0     portcls:portcls.sys
 0004:000000e4       __NULL_IMPORT_DESCRIPTOR   0001cf04     ntoskrnl:ntoskrnl.exe

 entry point at        0004:0000005a

 Static symbols

 0001:00009b70       ?MMXDisabled@@YGHXZ        00019e30 f   mmx.obj
 0001:00001928       ?ChangeVoiceCount@@YGFPAVCVoiceList@@FF@Z 00011be8 f   csynth.obj
 0001:0000a2dd       fast_exit_CW_is_restored   0001a59d f   libcntpr:common.obj
 0001:0000a304       restore_CW                 0001a5c4 f   libcntpr:common.obj
 0001:0000a307       CW_is_restored             0001a5c7 f   libcntpr:common.obj
 0001:0000a26d       tosIsSNaN                  0001a52d f   libcntpr:common.obj
 0001:0000a331       _check_overflow_start      0001a5f1 f   libcntpr:common.obj
 0001:0000a356       have_error                 0001a616 f   libcntpr:common.obj
 0001:0000a362       have_error_in_pow          0001a622 f   libcntpr:common.obj
 0001:0000a369       restore_CW                 0001a629 f   libcntpr:common.obj
 0001:0000a36c       CW_is_restored             0001a62c f   libcntpr:common.obj
 0001:0000a36e       haveunderflow              0001a62e f   libcntpr:common.obj
 0001:0000a397       haveoverflow               0001a657 f   libcntpr:common.obj
 0001:0000a2cd       special_exp                0001a58d f   libcntpr:common.obj
 0001:0000a28b       fpload_special             0001a54b f   libcntpr:common.obj
 0001:0000a200       _ContinueErrorHandling     0001a4c0 f   libcntpr:genexcep.obj
 0001:0000a231       CW_is_restored             0001a4f1 f   libcntpr:genexcep.obj
 0001:0000a107       _$$$00003                  0001a3c7 f   libcntpr:87disp.obj
 0001:0000a092       cwdefault                  0001a352 f   libcntpr:87disp.obj
 0001:0000a096       setcw                      0001a356 f   libcntpr:87disp.obj
 0001:0000a1dd       chsifnegret                0001a49d f   libcntpr:87disp.obj
 0001:0000a1b7       _nan2ret                   0001a477 f   libcntpr:87disp.obj
 0001:0000a178       _tosnan2ret                0001a438 f   libcntpr:87disp.obj
 0001:0000a143       _tossnan1                  0001a403 f   libcntpr:87disp.obj
 0001:0000a171       _tossnan2                  0001a431 f   libcntpr:87disp.obj
 0001:0000a1b0       _snan2                     0001a470 f   libcntpr:87disp.obj
 0001:0000a1cd       setDOMAIN                  0001a48d f   libcntpr:87disp.obj
 0001:0000a1d4       retj                       0001a494 f   libcntpr:87disp.obj
 0001:0000a02b       cwdefault                  0001a2eb f   libcntpr:87disp.obj
 0001:0000a02f       setcw                      0001a2ef f   libcntpr:87disp.obj
 0001:00009e2d       fFEXP                      0001a0ed f   libcntpr:87tran.obj
 0001:00009f5d       _rtforexpinf               0001a21d f   libcntpr:87tran.obj
 0001:00009e1c       _$$$00001                  0001a0dc f   libcntpr:87tran.obj
 0001:00009ecb       fFYL2Xm                    0001a18b f   libcntpr:87tran.obj
 0001:00009fd2       _isintTOSret               0001a292 f   libcntpr:87tran.obj
 0001:00009f3f       zeronpopue                 0001a1ff f   libcntpr:87tran.obj
 0001:00009e1c       fFYTOX                     0001a0dc f   libcntpr:87tran.obj
 0001:00009e7f       negYTOXerror               0001a13f f   libcntpr:87tran.obj
 0001:00009e29       fFXTOY                     0001a0e9 f   libcntpr:87tran.obj
 0001:00009ec0       _rtforloginf               0001a180 f   libcntpr:87tran.obj
 0001:00009e7f       c_0to0                     0001a13f f   libcntpr:87tran.obj
 0001:00009ed9       _rtfor0tox                 0001a199 f   libcntpr:87tran.obj
 0001:0000a012       noerror                    0001a2d2 f   libcntpr:87tran.obj
 0001:00009ec9       fFLNm                      0001a189 f   libcntpr:87tran.obj
 0001:00009e57       ExpScaled                  0001a117 f   libcntpr:87tran.obj
 0001:00009ec5       fFLOGm                     0001a185 f   libcntpr:87tran.obj
 0001:00009ef4       _rtfor0toneg               0001a1b4 f   libcntpr:87tran.obj
 0001:00009e5d       expret                     0001a11d f   libcntpr:87tran.obj
 0001:00009e74       evenexp                    0001a134 f   libcntpr:87tran.obj
 0001:00009f17       tranindfnpop               0001a1d7 f   libcntpr:87tran.obj
 0001:00009fd3       notanint                   0001a293 f   libcntpr:87tran.obj
 0001:00009f0e       tranzeropop                0001a1ce f   libcntpr:87tran.obj
 0001:00009ef3       zerotoxdone                0001a1b3 f   libcntpr:87tran.obj
 0001:00009e3a       fF2X                       0001a0fa f   libcntpr:87tran.obj
 0001:00009e50       ExpNoInvert                0001a110 f   libcntpr:87tran.obj
 0001:00009e62       negYTOX                    0001a122 f   libcntpr:87tran.obj
 0001:00009e7a       _rtfor0to0                 0001a13a f   libcntpr:87tran.obj
 0001:00009e7f       Yl2XArgNegative            0001a13f f   libcntpr:87tran.obj
 0001:00009e96       fFLN                       0001a156 f   libcntpr:87tran.obj
 0001:00009eb0       _rtforln0                  0001a170 f   libcntpr:87tran.obj
 0001:00009ed4       _rtforyto0                 0001a194 f   libcntpr:87tran.obj
 0001:00009f10       tranzeronpop               0001a1d0 f   libcntpr:87tran.obj
 0001:00009f15       tranindfpop                0001a1d5 f   libcntpr:87tran.obj
 0001:00009f1c       ExpArgOutOfRange           0001a1dc f   libcntpr:87tran.obj
 0001:00009f3e       _expbigret                 0001a1fe f   libcntpr:87tran.obj
 0001:00009f55       setOVERFLOW                0001a215 f   libcntpr:87tran.obj
 0001:00009fad       _isintTOS                  0001a26d f   libcntpr:87tran.obj
 0001:00009fda       evenint                    0001a29a f   libcntpr:87tran.obj
 0001:00009fe1       _usepowhlp                 0001a2a1 f   libcntpr:87tran.obj
 0001:00009c1e       start                      00019ede f   libcntpr:pow.obj
 0001:00009c32       CW_is_set_to_default       00019ef2 f   libcntpr:pow.obj
 0001:00009c5e       base_is_not_zero           00019f1e f   libcntpr:pow.obj
 0001:00009c6b       normal                     00019f2b f   libcntpr:pow.obj
 0001:00009c79       exit                       00019f39 f   libcntpr:pow.obj
 0001:00009c96       _ErrorHandling             00019f56 f   libcntpr:pow.obj
 0001:00009cb5       exponent_is_NAN            00019f75 f   libcntpr:pow.obj
 0001:00009cc8       SNaN_detected              00019f88 f   libcntpr:pow.obj
 0001:00009cd1       base_is_NAN                00019f91 f   libcntpr:pow.obj
 0001:00009cd8       one_of_args_is_QNaN        00019f98 f   libcntpr:pow.obj
 0001:00009ce1       special_base               00019fa1 f   libcntpr:pow.obj
 0001:00009ce5       special_exponent           00019fa5 f   libcntpr:pow.obj
 0001:00009cfb       test_base                  00019fbb f   libcntpr:pow.obj
 0001:00009d19       end_of_tests               00019fd9 f   libcntpr:pow.obj
 0001:00009d54       test_if_we_have_zero_base  0001a014 f   libcntpr:pow.obj
 0001:00009d96       ret_inf                    0001a056 f   libcntpr:pow.obj
 0001:00009da0       exp_is_positive            0001a060 f   libcntpr:pow.obj
 0001:00009db1       zero_to_zero               0001a071 f   libcntpr:pow.obj
 0001:00009dc5       ret_zero                   0001a085 f   libcntpr:pow.obj
 0001:00009dcc       test_if_exp_is_int         0001a08c f   libcntpr:pow.obj
 0001:00009df1       _test_weather_TOS_is_int   0001a0b1 f   libcntpr:pow.obj
 0001:00009e15       _odd                       0001a0d5 f   libcntpr:pow.obj
 0001:00009e16       _not_int                   0001a0d6 f   libcntpr:pow.obj

 88 bytes saved through ICF

