Compiling c:\ntddk\src\wdm\audio\fmsynth directory ********************
'nmake.exe /c BUILDMSG=Stop. -i NTTEST= UMTEST= NOLINK=1 386=1'
cl -nologo -Ii386\ -I. -I..\inc -Ic:\NTDDK\inc -Ic:\NTDDK\inc -Ic:\NTDDK\private\inc -Ic:\NTDDK\inc -D_X86_=1 -Di386=1  -DSTD_CALL -DCONDITION_HANDLING=1 -DNT_UP=1  -DNT_INST=0 -DWIN32=100 -D_NT1X_=100 -DWINNT=1 -D_WIN32_WINNT=0x0500 -DWINVER=0x0500 -D_WIN32_IE=0x0501    -DWIN32_LEAN_AND_MEAN=1 -DDBG=1 -DDEVL=1 -DFPO=0    -DNDEBUG -D_WIN32 -DUNICODE -D_UNICODE -DUNDER_NT -DDEBUG_LEVEL=DEBUGLVL_TERSE     /c /Zel /Zp8 /Gy  -W3 -WX /Gz  /QIfdiv- /QIf /QI0f /GB /Gi- /Gm- /GX-  /GR- /GF -Z7 /Oxs /Oy-   -FIc:\NTDDK\inc\warning.h  .\miniport.cpp
miniport.cpp
Слишком много параметров - 2                               
	lib -out:..\lib\i386\fmsynth.lib -debugtype:cv -IGNORE:4001,4037,4039,4044,4065,4070,4078,4087,4089,4198  /newimplib -nodefaultlib -machine:ix86 @C:\WINDOWS\TEMP\nma58287.
Microsoft (R) Library Manager Version 6.00.8168
Copyright (C) Microsoft Corp 1992-1998. All rights reserved.

objchk\i386\miniport.obj 

Stop.
Compiling c:\ntddk\src\wdm\audio\uart directory ********************
'nmake.exe /c BUILDMSG=Stop. -i NTTEST= UMTEST= NOLINK=1 386=1'
cl -nologo -Ii386\ -I. -I..\inc -Ic:\NTDDK\inc -Ic:\NTDDK\inc -Ic:\NTDDK\private\inc -Ic:\NTDDK\inc -D_X86_=1 -Di386=1  -DSTD_CALL -DCONDITION_HANDLING=1 -DNT_UP=1  -DNT_INST=0 -DWIN32=100 -D_NT1X_=100 -DWINNT=1 -D_WIN32_WINNT=0x0500 -DWINVER=0x0500 -D_WIN32_IE=0x0501    -DWIN32_LEAN_AND_MEAN=1 -DDBG=1 -DDEVL=1 -DFPO=0    -DNDEBUG -D_WIN32 -DUNICODE -D_UNICODE -DUNDER_NT -DDEBUG_LEVEL=DEBUGLVL_TERSE     /c /Zel /Zp8 /Gy  -W3 -WX /Gz  /QIfdiv- /QIf /QI0f /GB /Gi- /Gm- /GX-  /GR- /GF -Z7 /Oxs /Oy-   -FIc:\NTDDK\inc\warning.h  .\miniport.cpp
miniport.cpp
cl -nologo -Ii386\ -I. -I..\inc -Ic:\NTDDK\inc -Ic:\NTDDK\inc -Ic:\NTDDK\private\inc -Ic:\NTDDK\inc -D_X86_=1 -Di386=1  -DSTD_CALL -DCONDITION_HANDLING=1 -DNT_UP=1  -DNT_INST=0 -DWIN32=100 -D_NT1X_=100 -DWINNT=1 -D_WIN32_WINNT=0x0500 -DWINVER=0x0500 -D_WIN32_IE=0x0501    -DWIN32_LEAN_AND_MEAN=1 -DDBG=1 -DDEVL=1 -DFPO=0    -DNDEBUG -D_WIN32 -DUNICODE -D_UNICODE -DUNDER_NT -DDEBUG_LEVEL=DEBUGLVL_TERSE     /c /Zel /Zp8 /Gy  -W3 -WX /Gz  /QIfdiv- /QIf /QI0f /GB /Gi- /Gm- /GX-  /GR- /GF -Z7 /Oxs /Oy-   -FIc:\NTDDK\inc\warning.h  .\mpu.cpp
mpu.cpp
Слишком много параметров - 2                               
	lib -out:..\lib\i386\UART.lib -debugtype:cv -IGNORE:4001,4037,4039,4044,4065,4070,4078,4087,4089,4198  /newimplib -nodefaultlib -machine:ix86 @C:\WINDOWS\TEMP\nma58087.
Microsoft (R) Library Manager Version 6.00.8168
Copyright (C) Microsoft Corp 1992-1998. All rights reserved.

objchk\i386\miniport.obj 
objchk\i386\mpu.obj 

Stop.
Compiling c:\ntddk\src\wdm\audio\dmusuart directory ********************
'nmake.exe /c BUILDMSG=Stop. -i NTTEST= UMTEST= NOLINK=1 386=1'
cl -nologo -Ii386\ -I. -I..\inc -Ic:\NTDDK\inc -Ic:\NTDDK\inc -Ic:\NTDDK\private\inc -Ic:\NTDDK\inc -D_X86_=1 -Di386=1  -DSTD_CALL -DCONDITION_HANDLING=1 -DNT_UP=1  -DNT_INST=0 -DWIN32=100 -D_NT1X_=100 -DWINNT=1 -D_WIN32_WINNT=0x0500 -DWINVER=0x0500 -D_WIN32_IE=0x0501    -DWIN32_LEAN_AND_MEAN=1 -DDBG=1 -DDEVL=1 -DFPO=0    -DNDEBUG -D_WIN32 -DUNICODE -D_UNICODE -DUNDER_NT -DDEBUG_LEVEL=DEBUGLVL_TERSE     /c /Zel /Zp8 /Gy  -W3 -WX /Gz  /QIfdiv- /QIf /QI0f /GB /Gi- /Gm- /GX-  /GR- /GF -Z7 /Oxs /Oy-   -FIc:\NTDDK\inc\warning.h  .\miniport.cpp
miniport.cpp
cl -nologo -Ii386\ -I. -I..\inc -Ic:\NTDDK\inc -Ic:\NTDDK\inc -Ic:\NTDDK\private\inc -Ic:\NTDDK\inc -D_X86_=1 -Di386=1  -DSTD_CALL -DCONDITION_HANDLING=1 -DNT_UP=1  -DNT_INST=0 -DWIN32=100 -D_NT1X_=100 -DWINNT=1 -D_WIN32_WINNT=0x0500 -DWINVER=0x0500 -D_WIN32_IE=0x0501    -DWIN32_LEAN_AND_MEAN=1 -DDBG=1 -DDEVL=1 -DFPO=0    -DNDEBUG -D_WIN32 -DUNICODE -D_UNICODE -DUNDER_NT -DDEBUG_LEVEL=DEBUGLVL_TERSE     /c /Zel /Zp8 /Gy  -W3 -WX /Gz  /QIfdiv- /QIf /QI0f /GB /Gi- /Gm- /GX-  /GR- /GF -Z7 /Oxs /Oy-   -FIc:\NTDDK\inc\warning.h  .\mpu.cpp
mpu.cpp
Слишком много параметров - 2                               
	lib -out:..\lib\i386\DMusUART.lib -debugtype:cv -IGNORE:4001,4037,4039,4044,4065,4070,4078,4087,4089,4198  /newimplib -nodefaultlib -machine:ix86 @C:\WINDOWS\TEMP\nma59591.
Microsoft (R) Library Manager Version 6.00.8168
Copyright (C) Microsoft Corp 1992-1998. All rights reserved.

objchk\i386\miniport.obj 
objchk\i386\mpu.obj 

Stop.
Compiling c:\ntddk\src\wdm\audio\stdunk directory ********************
'nmake.exe /c BUILDMSG=Stop. -i NTTEST= UMTEST= NOLINK=1 386=1'
cl -nologo -Ii386\ -I. -I..\inc -Ic:\NTDDK\inc -Ic:\NTDDK\inc -Ic:\NTDDK\private\inc -Ic:\NTDDK\inc -D_X86_=1 -Di386=1  -DSTD_CALL -DCONDITION_HANDLING=1 -DNT_UP=1  -DNT_INST=0 -DWIN32=100 -D_NT1X_=100 -DWINNT=1 -D_WIN32_WINNT=0x0500 -DWINVER=0x0500 -D_WIN32_IE=0x0501    -DWIN32_LEAN_AND_MEAN=1 -DDBG=1 -DDEVL=1 -DFPO=0    -DNDEBUG -D_WIN32 -DUNICODE -D_UNICODE     /c /Zel /Zp8 /Gy  -W3 -WX /Gz  /QIfdiv- /QIf /QI0f /GB /Gi- /Gm- /GX-  /GR- /GF -Z7 /Oxs /Oy-   -FIc:\NTDDK\inc\warning.h  .\stdunk.cpp
stdunk.cpp
Слишком много параметров - 2                               
	lib -out:..\lib\i386\stdunk.lib -debugtype:cv -IGNORE:4001,4037,4039,4044,4065,4070,4078,4087,4089,4198  /newimplib -nodefaultlib -machine:ix86 @C:\WINDOWS\TEMP\nma56527.
Microsoft (R) Library Manager Version 6.00.8168
Copyright (C) Microsoft Corp 1992-1998. All rights reserved.

objchk\i386\stdunk.obj 

Stop.
Compiling c:\ntddk\src\wdm\audio\sb16 directory ********************
'nmake.exe /c BUILDMSG=Stop. -i NTTEST= UMTEST= NOLINK=1 386=1'
    rc -l 409 -z "MS Sans Serif,Helv/MS Shell Dlg"  -r -fo objchk\i386\sb16.tmp -D_X86_=1 -Di386=1  -DSTD_CALL -DCONDITION_HANDLING=1 -DNT_UP=1  -DNT_INST=0 -DWIN32=100 -D_NT1X_=100 -DWINNT=1 -D_WIN32_WINNT=0x0500 -DWINVER=0x0500 -D_WIN32_IE=0x0501    -DWIN32_LEAN_AND_MEAN=1 -DDBG=1 -DDEVL=1 -DFPO=0    -DNDEBUG -D_DLL=1  -D_WIN32 -DUNICODE -D_UNICODE -DDEBUG_LEVEL=DEBUGLVL_TERSE   -I..\inc -Ic:\NTDDK\inc -Ic:\NTDDK\inc -Ic:\NTDDK\inc\ddk -Ic:\NTDDK\inc\ddk\wdm -Ic:\NTDDK\private\inc -Ic:\NTDDK\inc .\sb16.rc
cl -nologo -Ii386\ -I. -I..\inc -Ic:\NTDDK\inc -Ic:\NTDDK\inc -Ic:\NTDDK\inc\ddk -Ic:\NTDDK\inc\ddk\wdm -Ic:\NTDDK\private\inc -Ic:\NTDDK\inc -D_X86_=1 -Di386=1  -DSTD_CALL -DCONDITION_HANDLING=1 -DNT_UP=1  -DNT_INST=0 -DWIN32=100 -D_NT1X_=100 -DWINNT=1 -D_WIN32_WINNT=0x0500 -DWINVER=0x0500 -D_WIN32_IE=0x0501    -DWIN32_LEAN_AND_MEAN=1 -DDBG=1 -DDEVL=1 -DFPO=0    -DNDEBUG -D_DLL=1  -D_WIN32 -DUNICODE -D_UNICODE -DDEBUG_LEVEL=DEBUGLVL_TERSE     /c /Zel /Zp8 /Gy -cbstring -W3 -WX /Gz  /QIfdiv- /QIf /QI0f /GB /Gi- /Gm- /GX-  /GR- /GF -Z7 /Oxs /Oy-   -FIc:\NTDDK\inc\warning.h  .\adapter.cpp
adapter.cpp
WARNING: Using system operator==/!= for GUIDs
cl -nologo -Ii386\ -I. -I..\inc -Ic:\NTDDK\inc -Ic:\NTDDK\inc -Ic:\NTDDK\inc\ddk -Ic:\NTDDK\inc\ddk\wdm -Ic:\NTDDK\private\inc -Ic:\NTDDK\inc -D_X86_=1 -Di386=1  -DSTD_CALL -DCONDITION_HANDLING=1 -DNT_UP=1  -DNT_INST=0 -DWIN32=100 -D_NT1X_=100 -DWINNT=1 -D_WIN32_WINNT=0x0500 -DWINVER=0x0500 -D_WIN32_IE=0x0501    -DWIN32_LEAN_AND_MEAN=1 -DDBG=1 -DDEVL=1 -DFPO=0    -DNDEBUG -D_DLL=1  -D_WIN32 -DUNICODE -D_UNICODE -DDEBUG_LEVEL=DEBUGLVL_TERSE     /c /Zel /Zp8 /Gy -cbstring -W3 -WX /Gz  /QIfdiv- /QIf /QI0f /GB /Gi- /Gm- /GX-  /GR- /GF -Z7 /Oxs /Oy-   -FIc:\NTDDK\inc\warning.h  .\common.cpp
common.cpp
WARNING: Using system operator==/!= for GUIDs
cl -nologo -Ii386\ -I. -I..\inc -Ic:\NTDDK\inc -Ic:\NTDDK\inc -Ic:\NTDDK\inc\ddk -Ic:\NTDDK\inc\ddk\wdm -Ic:\NTDDK\private\inc -Ic:\NTDDK\inc -D_X86_=1 -Di386=1  -DSTD_CALL -DCONDITION_HANDLING=1 -DNT_UP=1  -DNT_INST=0 -DWIN32=100 -D_NT1X_=100 -DWINNT=1 -D_WIN32_WINNT=0x0500 -DWINVER=0x0500 -D_WIN32_IE=0x0501    -DWIN32_LEAN_AND_MEAN=1 -DDBG=1 -DDEVL=1 -DFPO=0    -DNDEBUG -D_DLL=1  -D_WIN32 -DUNICODE -D_UNICODE -DDEBUG_LEVEL=DEBUGLVL_TERSE     /c /Zel /Zp8 /Gy -cbstring -W3 -WX /Gz  /QIfdiv- /QIf /QI0f /GB /Gi- /Gm- /GX-  /GR- /GF -Z7 /Oxs /Oy-   -FIc:\NTDDK\inc\warning.h  .\mintopo.cpp
mintopo.cpp
WARNING: Using system operator==/!= for GUIDs
cl -nologo -Ii386\ -I. -I..\inc -Ic:\NTDDK\inc -Ic:\NTDDK\inc -Ic:\NTDDK\inc\ddk -Ic:\NTDDK\inc\ddk\wdm -Ic:\NTDDK\private\inc -Ic:\NTDDK\inc -D_X86_=1 -Di386=1  -DSTD_CALL -DCONDITION_HANDLING=1 -DNT_UP=1  -DNT_INST=0 -DWIN32=100 -D_NT1X_=100 -DWINNT=1 -D_WIN32_WINNT=0x0500 -DWINVER=0x0500 -D_WIN32_IE=0x0501    -DWIN32_LEAN_AND_MEAN=1 -DDBG=1 -DDEVL=1 -DFPO=0    -DNDEBUG -D_DLL=1  -D_WIN32 -DUNICODE -D_UNICODE -DDEBUG_LEVEL=DEBUGLVL_TERSE     /c /Zel /Zp8 /Gy -cbstring -W3 -WX /Gz  /QIfdiv- /QIf /QI0f /GB /Gi- /Gm- /GX-  /GR- /GF -Z7 /Oxs /Oy-   -FIc:\NTDDK\inc\warning.h  .\minwave.cpp
minwave.cpp
WARNING: Using system operator==/!= for GUIDs

Stop.
Compiling c:\ntddk\src\wdm\audio\mpu401 directory ********************
'nmake.exe /c BUILDMSG=Stop. -i NTTEST= UMTEST= NOLINK=1 386=1'
    rc -l 409 -z "MS Sans Serif,Helv/MS Shell Dlg"  -r -fo objchk\i386\mpu401.tmp -D_X86_=1 -Di386=1  -DSTD_CALL -DCONDITION_HANDLING=1 -DNT_UP=1  -DNT_INST=0 -DWIN32=100 -D_NT1X_=100 -DWINNT=1 -D_WIN32_WINNT=0x0500 -DWINVER=0x0500 -D_WIN32_IE=0x0501    -DWIN32_LEAN_AND_MEAN=1 -DDBG=1 -DDEVL=1 -DFPO=0    -DNDEBUG -D_DLL=1 -D_WIN32 -DUNICODE -D_UNICODE -DUNDER_NT -DDEBUG_LEVEL=DEBUGLVL_TERSE   -I..\inc -Ic:\NTDDK\inc -Ic:\NTDDK\inc -Ic:\NTDDK\inc\ddk -Ic:\NTDDK\inc\ddk\wdm -Ic:\NTDDK\private\inc -Ic:\NTDDK\inc .\mpu401.rc
cl -nologo -Ii386\ -I. -I..\inc -Ic:\NTDDK\inc -Ic:\NTDDK\inc -Ic:\NTDDK\inc\ddk -Ic:\NTDDK\inc\ddk\wdm -Ic:\NTDDK\private\inc -Ic:\NTDDK\inc -D_X86_=1 -Di386=1  -DSTD_CALL -DCONDITION_HANDLING=1 -DNT_UP=1  -DNT_INST=0 -DWIN32=100 -D_NT1X_=100 -DWINNT=1 -D_WIN32_WINNT=0x0500 -DWINVER=0x0500 -D_WIN32_IE=0x0501    -DWIN32_LEAN_AND_MEAN=1 -DDBG=1 -DDEVL=1 -DFPO=0    -DNDEBUG -D_DLL=1 -D_WIN32 -DUNICODE -D_UNICODE -DUNDER_NT -DDEBUG_LEVEL=DEBUGLVL_TERSE     /c /Zel /Zp8 /Gy -cbstring -W3 -WX /Gz  /QIfdiv- /QIf /QI0f /GB /Gi- /Gm- /GX-  /GR- /GF -Z7 /Oxs /Oy-   -FIc:\NTDDK\inc\warning.h  .\adapter.cpp
adapter.cpp

Stop.
Compiling c:\ntddk\src\wdm\audio\ac97\ac97 directory ********************
'nmake.exe /c BUILDMSG=Stop. -i NTTEST= UMTEST= NOLINK=1 386=1'
    rc -l 409 -z "MS Sans Serif,Helv/MS Shell Dlg"  -r -fo objchk\i386\ac97smpl.tmp -D_X86_=1 -Di386=1  -DSTD_CALL -DCONDITION_HANDLING=1 -DNT_UP=1  -DNT_INST=0 -DWIN32=100 -D_NT1X_=100 -DWINNT=1 -D_WIN32_WINNT=0x0500 -DWINVER=0x0500 -D_WIN32_IE=0x0501    -DWIN32_LEAN_AND_MEAN=1 -DDBG=1 -DDEVL=1 -DFPO=0    -DNDEBUG -D_DLL=1   -DUNICODE -D_UNICODE -DUNDER_NT -DINCLUDE_PRIVATE_PROPERTY   -I..\..\inc -I.. -Ic:\NTDDK\inc -Ic:\NTDDK\inc -Ic:\NTDDK\inc\ddk -Ic:\NTDDK\inc\ddk\wdm -Ic:\NTDDK\private\inc -Ic:\NTDDK\inc .\ac97smpl.rc
cl -nologo -Ii386\ -I. -I..\..\inc -I.. -Ic:\NTDDK\inc -Ic:\NTDDK\inc -Ic:\NTDDK\inc\ddk -Ic:\NTDDK\inc\ddk\wdm -Ic:\NTDDK\private\inc -Ic:\NTDDK\inc -D_X86_=1 -Di386=1  -DSTD_CALL -DCONDITION_HANDLING=1 -DNT_UP=1  -DNT_INST=0 -DWIN32=100 -D_NT1X_=100 -DWINNT=1 -D_WIN32_WINNT=0x0500 -DWINVER=0x0500 -D_WIN32_IE=0x0501    -DWIN32_LEAN_AND_MEAN=1 -DDBG=1 -DDEVL=1 -DFPO=0    -DNDEBUG -D_DLL=1   -DUNICODE -D_UNICODE -DUNDER_NT -DINCLUDE_PRIVATE_PROPERTY     /c /Zel /Zp8 /Gy -cbstring -W3 -WX /Gz  /QIfdiv- /QIf /QI0f /GB /Gi- /Gm- /GX-  /GR- /GF -Z7 /Oxs /Oy-   -FIc:\NTDDK\inc\warning.h  .\adapter.cpp
adapter.cpp
cl -nologo -Ii386\ -I. -I..\..\inc -I.. -Ic:\NTDDK\inc -Ic:\NTDDK\inc -Ic:\NTDDK\inc\ddk -Ic:\NTDDK\inc\ddk\wdm -Ic:\NTDDK\private\inc -Ic:\NTDDK\inc -D_X86_=1 -Di386=1  -DSTD_CALL -DCONDITION_HANDLING=1 -DNT_UP=1  -DNT_INST=0 -DWIN32=100 -D_NT1X_=100 -DWINNT=1 -D_WIN32_WINNT=0x0500 -DWINVER=0x0500 -D_WIN32_IE=0x0501    -DWIN32_LEAN_AND_MEAN=1 -DDBG=1 -DDEVL=1 -DFPO=0    -DNDEBUG -D_DLL=1   -DUNICODE -D_UNICODE -DUNDER_NT -DINCLUDE_PRIVATE_PROPERTY     /c /Zel /Zp8 /Gy -cbstring -W3 -WX /Gz  /QIfdiv- /QIf /QI0f /GB /Gi- /Gm- /GX-  /GR- /GF -Z7 /Oxs /Oy-   -FIc:\NTDDK\inc\warning.h  .\common.cpp
common.cpp
cl -nologo -Ii386\ -I. -I..\..\inc -I.. -Ic:\NTDDK\inc -Ic:\NTDDK\inc -Ic:\NTDDK\inc\ddk -Ic:\NTDDK\inc\ddk\wdm -Ic:\NTDDK\private\inc -Ic:\NTDDK\inc -D_X86_=1 -Di386=1  -DSTD_CALL -DCONDITION_HANDLING=1 -DNT_UP=1  -DNT_INST=0 -DWIN32=100 -D_NT1X_=100 -DWINNT=1 -D_WIN32_WINNT=0x0500 -DWINVER=0x0500 -D_WIN32_IE=0x0501    -DWIN32_LEAN_AND_MEAN=1 -DDBG=1 -DDEVL=1 -DFPO=0    -DNDEBUG -D_DLL=1   -DUNICODE -D_UNICODE -DUNDER_NT -DINCLUDE_PRIVATE_PROPERTY     /c /Zel /Zp8 /Gy -cbstring -W3 -WX /Gz  /QIfdiv- /QIf /QI0f /GB /Gi- /Gm- /GX-  /GR- /GF -Z7 /Oxs /Oy-   -FIc:\NTDDK\inc\warning.h  .\mintopo.cpp
mintopo.cpp
cl -nologo -Ii386\ -I. -I..\..\inc -I.. -Ic:\NTDDK\inc -Ic:\NTDDK\inc -Ic:\NTDDK\inc\ddk -Ic:\NTDDK\inc\ddk\wdm -Ic:\NTDDK\private\inc -Ic:\NTDDK\inc -D_X86_=1 -Di386=1  -DSTD_CALL -DCONDITION_HANDLING=1 -DNT_UP=1  -DNT_INST=0 -DWIN32=100 -D_NT1X_=100 -DWINNT=1 -D_WIN32_WINNT=0x0500 -DWINVER=0x0500 -D_WIN32_IE=0x0501    -DWIN32_LEAN_AND_MEAN=1 -DDBG=1 -DDEVL=1 -DFPO=0    -DNDEBUG -D_DLL=1   -DUNICODE -D_UNICODE -DUNDER_NT -DINCLUDE_PRIVATE_PROPERTY     /c /Zel /Zp8 /Gy -cbstring -W3 -WX /Gz  /QIfdiv- /QIf /QI0f /GB /Gi- /Gm- /GX-  /GR- /GF -Z7 /Oxs /Oy-   -FIc:\NTDDK\inc\warning.h  .\minwave.cpp
minwave.cpp
cl -nologo -Ii386\ -I. -I..\..\inc -I.. -Ic:\NTDDK\inc -Ic:\NTDDK\inc -Ic:\NTDDK\inc\ddk -Ic:\NTDDK\inc\ddk\wdm -Ic:\NTDDK\private\inc -Ic:\NTDDK\inc -D_X86_=1 -Di386=1  -DSTD_CALL -DCONDITION_HANDLING=1 -DNT_UP=1  -DNT_INST=0 -DWIN32=100 -D_NT1X_=100 -DWINNT=1 -D_WIN32_WINNT=0x0500 -DWINVER=0x0500 -D_WIN32_IE=0x0501    -DWIN32_LEAN_AND_MEAN=1 -DDBG=1 -DDEVL=1 -DFPO=0    -DNDEBUG -D_DLL=1   -DUNICODE -D_UNICODE -DUNDER_NT -DINCLUDE_PRIVATE_PROPERTY     /c /Zel /Zp8 /Gy -cbstring -W3 -WX /Gz  /QIfdiv- /QIf /QI0f /GB /Gi- /Gm- /GX-  /GR- /GF -Z7 /Oxs /Oy-   -FIc:\NTDDK\inc\warning.h  .\prophnd.cpp
prophnd.cpp
cl -nologo -Ii386\ -I. -I..\..\inc -I.. -Ic:\NTDDK\inc -Ic:\NTDDK\inc -Ic:\NTDDK\inc\ddk -Ic:\NTDDK\inc\ddk\wdm -Ic:\NTDDK\private\inc -Ic:\NTDDK\inc -D_X86_=1 -Di386=1  -DSTD_CALL -DCONDITION_HANDLING=1 -DNT_UP=1  -DNT_INST=0 -DWIN32=100 -D_NT1X_=100 -DWINNT=1 -D_WIN32_WINNT=0x0500 -DWINVER=0x0500 -D_WIN32_IE=0x0501    -DWIN32_LEAN_AND_MEAN=1 -DDBG=1 -DDEVL=1 -DFPO=0    -DNDEBUG -D_DLL=1   -DUNICODE -D_UNICODE -DUNDER_NT -DINCLUDE_PRIVATE_PROPERTY     /c /Zel /Zp8 /Gy -cbstring -W3 -WX /Gz  /QIfdiv- /QIf /QI0f /GB /Gi- /Gm- /GX-  /GR- /GF -Z7 /Oxs /Oy-   -FIc:\NTDDK\inc\warning.h  .\ichwave.cpp
ichwave.cpp

Stop.
Compiling c:\ntddk\src\wdm\audio\ac97\proppage directory ********************
'nmake.exe /c BUILDMSG=Stop. -i NTTEST= UMTEST= NOLINK=1 386=1'
    rc -l 409 -z "MS Sans Serif,Helv/MS Shell Dlg"  -r -fo objchk\i386\ac97prop.tmp -D_X86_=1 -Di386=1  -DSTD_CALL -DCONDITION_HANDLING=1 -DNT_UP=1  -DNT_INST=0 -DWIN32=100 -D_NT1X_=100 -DWINNT=1 -D_WIN32_WINNT=0x0500 -DWINVER=0x0500 -D_WIN32_IE=0x0501    -DWIN32_LEAN_AND_MEAN=1 -DDBG=1 -DDEVL=1 -DFPO=0    -DNDEBUG -D_DLL=1  -DWIN32 -DUNICODE -D_UNICODE -DINCLUDE_PRIVATE_PROPERTY -DPROPERTY_SHOW_SET   -Ic:\NTDDK\inc\ddk -I.. -Ic:\NTDDK\inc -Ic:\NTDDK\inc -Ic:\NTDDK\private\inc -Ic:\NTDDK\inc .\ac97prop.rc
warning RC4005: 'WIN32' : redefinition
cl -nologo -Ii386\ -I. -Ic:\NTDDK\inc\ddk -I.. -Ic:\NTDDK\inc -Ic:\NTDDK\inc -Ic:\NTDDK\private\inc -Ic:\NTDDK\inc -D_X86_=1 -Di386=1  -DSTD_CALL -DCONDITION_HANDLING=1 -DNT_UP=1  -DNT_INST=0 -DWIN32=100 -D_NT1X_=100 -DWINNT=1 -D_WIN32_WINNT=0x0500 -DWINVER=0x0500 -D_WIN32_IE=0x0501    -DWIN32_LEAN_AND_MEAN=1 -DDBG=1 -DDEVL=1 -DFPO=0    -DNDEBUG -D_DLL=1  -DWIN32 -DUNICODE -D_UNICODE -DINCLUDE_PRIVATE_PROPERTY -DPROPERTY_SHOW_SET     /c /Zel /Zp8 /Gy  -W3 -WX /Gz  /QIfdiv- /QIf /QI0f /GB /Gi- /Gm- /GX-  /GR- /GF -Z7 /Oxs /Oy-   -FIc:\NTDDK\inc\warning.h  .\ac97prop.cpp
ac97prop.cpp
	lib -out:objchk\i386\ac97prop.lib @C:\WINDOWS\TEMP\nma62943.
Microsoft (R) Library Manager Version 6.00.8168
Copyright (C) Microsoft Corp 1992-1998. All rights reserved.

-debugtype:cv 
-IGNORE:4001,4037,4039,4044,4065,4070,4078,4087,4089,4198 
/newimplib 
-nodefaultlib 
-machine:ix86 
-def:ac97prop.def 
objchk\i386\ac97prop.res 
objchk\i386\ac97prop.obj 
   Creating library objchk\i386\ac97prop.lib and object objchk\i386\ac97prop.exp

Stop.
Compiling c:\ntddk\src\wdm\audio\ddksynth directory ********************
'nmake.exe /c BUILDMSG=Stop. -i NTTEST= UMTEST= NOLINK=1 386=1'
    rc -l 409 -z "MS Sans Serif,Helv/MS Shell Dlg"  -r -fo objchk\i386\ddksynth.tmp -D_X86_=1 -Di386=1  -DSTD_CALL -DCONDITION_HANDLING=1 -DNT_UP=1  -DNT_INST=0 -DWIN32=100 -D_NT1X_=100 -DWINNT=1 -D_WIN32_WINNT=0x0500 -DWINVER=0x0500 -D_WIN32_IE=0x0501    -DWIN32_LEAN_AND_MEAN=1 -DDBG=1 -DDEVL=1 -DFPO=0    -DNDEBUG -D_DLL=1  -D_WIN32 -DUNICODE -D_UNICODE -DUNDER_NT -DDEBUG_LEVEL=DEBUGLVL_TERSE   -I..\inc -Ic:\NTDDK\inc -Ic:\NTDDK\inc -Ic:\NTDDK\inc\ddk -Ic:\NTDDK\inc\ddk\wdm -Ic:\NTDDK\private\inc -Ic:\NTDDK\inc .\ddksynth.rc
cl -nologo -Ii386\ -I. -I..\inc -Ic:\NTDDK\inc -Ic:\NTDDK\inc -Ic:\NTDDK\inc\ddk -Ic:\NTDDK\inc\ddk\wdm -Ic:\NTDDK\private\inc -Ic:\NTDDK\inc -D_X86_=1 -Di386=1  -DSTD_CALL -DCONDITION_HANDLING=1 -DNT_UP=1  -DNT_INST=0 -DWIN32=100 -D_NT1X_=100 -DWINNT=1 -D_WIN32_WINNT=0x0500 -DWINVER=0x0500 -D_WIN32_IE=0x0501    -DWIN32_LEAN_AND_MEAN=1 -DDBG=1 -DDEVL=1 -DFPO=0    -DNDEBUG -D_DLL=1  -D_WIN32 -DUNICODE -D_UNICODE -DUNDER_NT -DDEBUG_LEVEL=DEBUGLVL_TERSE     /c /Zel /Zp8 /Gy -cbstring -W3 -WX /Gz  /QIfdiv- /QIf /QI0f /GB /Gi- /Gm- /GX-  /GR- /GF -Z7 /Oxs /Oy-   -FIc:\NTDDK\inc\warning.h  .\adapter.cpp
adapter.cpp
cl -nologo -Ii386\ -I. -I..\inc -Ic:\NTDDK\inc -Ic:\NTDDK\inc -Ic:\NTDDK\inc\ddk -Ic:\NTDDK\inc\ddk\wdm -Ic:\NTDDK\private\inc -Ic:\NTDDK\inc -D_X86_=1 -Di386=1  -DSTD_CALL -DCONDITION_HANDLING=1 -DNT_UP=1  -DNT_INST=0 -DWIN32=100 -D_NT1X_=100 -DWINNT=1 -D_WIN32_WINNT=0x0500 -DWINVER=0x0500 -D_WIN32_IE=0x0501    -DWIN32_LEAN_AND_MEAN=1 -DDBG=1 -DDEVL=1 -DFPO=0    -DNDEBUG -D_DLL=1  -D_WIN32 -DUNICODE -D_UNICODE -DUNDER_NT -DDEBUG_LEVEL=DEBUGLVL_TERSE     /c /Zel /Zp8 /Gy -cbstring -W3 -WX /Gz  /QIfdiv- /QIf /QI0f /GB /Gi- /Gm- /GX-  /GR- /GF -Z7 /Oxs /Oy-   -FIc:\NTDDK\inc\warning.h  .\clist.cpp
clist.cpp
cl -nologo -Ii386\ -I. -I..\inc -Ic:\NTDDK\inc -Ic:\NTDDK\inc -Ic:\NTDDK\inc\ddk -Ic:\NTDDK\inc\ddk\wdm -Ic:\NTDDK\private\inc -Ic:\NTDDK\inc -D_X86_=1 -Di386=1  -DSTD_CALL -DCONDITION_HANDLING=1 -DNT_UP=1  -DNT_INST=0 -DWIN32=100 -D_NT1X_=100 -DWINNT=1 -D_WIN32_WINNT=0x0500 -DWINVER=0x0500 -D_WIN32_IE=0x0501    -DWIN32_LEAN_AND_MEAN=1 -DDBG=1 -DDEVL=1 -DFPO=0    -DNDEBUG -D_DLL=1  -D_WIN32 -DUNICODE -D_UNICODE -DUNDER_NT -DDEBUG_LEVEL=DEBUGLVL_TERSE     /c /Zel /Zp8 /Gy -cbstring -W3 -WX /Gz  /QIfdiv- /QIf /QI0f /GB /Gi- /Gm- /GX-  /GR- /GF -Z7 /Oxs /Oy-   -FIc:\NTDDK\inc\warning.h  .\control.cpp
control.cpp
cl -nologo -Ii386\ -I. -I..\inc -Ic:\NTDDK\inc -Ic:\NTDDK\inc -Ic:\NTDDK\inc\ddk -Ic:\NTDDK\inc\ddk\wdm -Ic:\NTDDK\private\inc -Ic:\NTDDK\inc -D_X86_=1 -Di386=1  -DSTD_CALL -DCONDITION_HANDLING=1 -DNT_UP=1  -DNT_INST=0 -DWIN32=100 -D_NT1X_=100 -DWINNT=1 -D_WIN32_WINNT=0x0500 -DWINVER=0x0500 -D_WIN32_IE=0x0501    -DWIN32_LEAN_AND_MEAN=1 -DDBG=1 -DDEVL=1 -DFPO=0    -DNDEBUG -D_DLL=1  -D_WIN32 -DUNICODE -D_UNICODE -DUNDER_NT -DDEBUG_LEVEL=DEBUGLVL_TERSE     /c /Zel /Zp8 /Gy -cbstring -W3 -WX /Gz  /QIfdiv- /QIf /QI0f /GB /Gi- /Gm- /GX-  /GR- /GF -Z7 /Oxs /Oy-   -FIc:\NTDDK\inc\warning.h  .\csynth.cpp
csynth.cpp
cl -nologo -Ii386\ -I. -I..\inc -Ic:\NTDDK\inc -Ic:\NTDDK\inc -Ic:\NTDDK\inc\ddk -Ic:\NTDDK\inc\ddk\wdm -Ic:\NTDDK\private\inc -Ic:\NTDDK\inc -D_X86_=1 -Di386=1  -DSTD_CALL -DCONDITION_HANDLING=1 -DNT_UP=1  -DNT_INST=0 -DWIN32=100 -D_NT1X_=100 -DWINNT=1 -D_WIN32_WINNT=0x0500 -DWINVER=0x0500 -D_WIN32_IE=0x0501    -DWIN32_LEAN_AND_MEAN=1 -DDBG=1 -DDEVL=1 -DFPO=0    -DNDEBUG -D_DLL=1  -D_WIN32 -DUNICODE -D_UNICODE -DUNDER_NT -DDEBUG_LEVEL=DEBUGLVL_TERSE     /c /Zel /Zp8 /Gy -cbstring -W3 -WX /Gz  /QIfdiv- /QIf /QI0f /GB /Gi- /Gm- /GX-  /GR- /GF -Z7 /Oxs /Oy-   -FIc:\NTDDK\inc\warning.h  .\instr.cpp
instr.cpp
cl -nologo -Ii386\ -I. -I..\inc -Ic:\NTDDK\inc -Ic:\NTDDK\inc -Ic:\NTDDK\inc\ddk -Ic:\NTDDK\inc\ddk\wdm -Ic:\NTDDK\private\inc -Ic:\NTDDK\inc -D_X86_=1 -Di386=1  -DSTD_CALL -DCONDITION_HANDLING=1 -DNT_UP=1  -DNT_INST=0 -DWIN32=100 -D_NT1X_=100 -DWINNT=1 -D_WIN32_WINNT=0x0500 -DWINVER=0x0500 -D_WIN32_IE=0x0501    -DWIN32_LEAN_AND_MEAN=1 -DDBG=1 -DDEVL=1 -DFPO=0    -DNDEBUG -D_DLL=1  -D_WIN32 -DUNICODE -D_UNICODE -DUNDER_NT -DDEBUG_LEVEL=DEBUGLVL_TERSE     /c /Zel /Zp8 /Gy -cbstring -W3 -WX /Gz  /QIfdiv- /QIf /QI0f /GB /Gi- /Gm- /GX-  /GR- /GF -Z7 /Oxs /Oy-   -FIc:\NTDDK\inc\warning.h  .\kernhelp.cpp
kernhelp.cpp
cl -nologo -Ii386\ -I. -I..\inc -Ic:\NTDDK\inc -Ic:\NTDDK\inc -Ic:\NTDDK\inc\ddk -Ic:\NTDDK\inc\ddk\wdm -Ic:\NTDDK\private\inc -Ic:\NTDDK\inc -D_X86_=1 -Di386=1  -DSTD_CALL -DCONDITION_HANDLING=1 -DNT_UP=1  -DNT_INST=0 -DWIN32=100 -D_NT1X_=100 -DWINNT=1 -D_WIN32_WINNT=0x0500 -DWINVER=0x0500 -D_WIN32_IE=0x0501    -DWIN32_LEAN_AND_MEAN=1 -DDBG=1 -DDEVL=1 -DFPO=0    -DNDEBUG -D_DLL=1  -D_WIN32 -DUNICODE -D_UNICODE -DUNDER_NT -DDEBUG_LEVEL=DEBUGLVL_TERSE     /c /Zel /Zp8 /Gy -cbstring -W3 -WX /Gz  /QIfdiv- /QIf /QI0f /GB /Gi- /Gm- /GX-  /GR- /GF -Z7 /Oxs /Oy-   -FIc:\NTDDK\inc\warning.h  .\midi.cpp
midi.cpp
cl -nologo -Ii386\ -I. -I..\inc -Ic:\NTDDK\inc -Ic:\NTDDK\inc -Ic:\NTDDK\inc\ddk -Ic:\NTDDK\inc\ddk\wdm -Ic:\NTDDK\private\inc -Ic:\NTDDK\inc -D_X86_=1 -Di386=1  -DSTD_CALL -DCONDITION_HANDLING=1 -DNT_UP=1  -DNT_INST=0 -DWIN32=100 -D_NT1X_=100 -DWINNT=1 -D_WIN32_WINNT=0x0500 -DWINVER=0x0500 -D_WIN32_IE=0x0501    -DWIN32_LEAN_AND_MEAN=1 -DDBG=1 -DDEVL=1 -DFPO=0    -DNDEBUG -D_DLL=1  -D_WIN32 -DUNICODE -D_UNICODE -DUNDER_NT -DDEBUG_LEVEL=DEBUGLVL_TERSE     /c /Zel /Zp8 /Gy -cbstring -W3 -WX /Gz  /QIfdiv- /QIf /QI0f /GB /Gi- /Gm- /GX-  /GR- /GF -Z7 /Oxs /Oy-   -FIc:\NTDDK\inc\warning.h  .\miniport.cpp
miniport.cpp
cl -nologo -Ii386\ -I. -I..\inc -Ic:\NTDDK\inc -Ic:\NTDDK\inc -Ic:\NTDDK\inc\ddk -Ic:\NTDDK\inc\ddk\wdm -Ic:\NTDDK\private\inc -Ic:\NTDDK\inc -D_X86_=1 -Di386=1  -DSTD_CALL -DCONDITION_HANDLING=1 -DNT_UP=1  -DNT_INST=0 -DWIN32=100 -D_NT1X_=100 -DWINNT=1 -D_WIN32_WINNT=0x0500 -DWINVER=0x0500 -D_WIN32_IE=0x0501    -DWIN32_LEAN_AND_MEAN=1 -DDBG=1 -DDEVL=1 -DFPO=0    -DNDEBUG -D_DLL=1  -D_WIN32 -DUNICODE -D_UNICODE -DUNDER_NT -DDEBUG_LEVEL=DEBUGLVL_TERSE     /c /Zel /Zp8 /Gy -cbstring -W3 -WX /Gz  /QIfdiv- /QIf /QI0f /GB /Gi- /Gm- /GX-  /GR- /GF -Z7 /Oxs /Oy-   -FIc:\NTDDK\inc\warning.h  .\mix.cpp
mix.cpp
cl -nologo -Ii386\ -I. -I..\inc -Ic:\NTDDK\inc -Ic:\NTDDK\inc -Ic:\NTDDK\inc\ddk -Ic:\NTDDK\inc\ddk\wdm -Ic:\NTDDK\private\inc -Ic:\NTDDK\inc -D_X86_=1 -Di386=1  -DSTD_CALL -DCONDITION_HANDLING=1 -DNT_UP=1  -DNT_INST=0 -DWIN32=100 -D_NT1X_=100 -DWINNT=1 -D_WIN32_WINNT=0x0500 -DWINVER=0x0500 -D_WIN32_IE=0x0501    -DWIN32_LEAN_AND_MEAN=1 -DDBG=1 -DDEVL=1 -DFPO=0    -DNDEBUG -D_DLL=1  -D_WIN32 -DUNICODE -D_UNICODE -DUNDER_NT -DDEBUG_LEVEL=DEBUGLVL_TERSE     /c /Zel /Zp8 /Gy -cbstring -W3 -WX /Gz  /QIfdiv- /QIf /QI0f /GB /Gi- /Gm- /GX-  /GR- /GF -Z7 /Oxs /Oy-   -FIc:\NTDDK\inc\warning.h  .\plclock.cpp
plclock.cpp
cl -nologo -Ii386\ -I. -I..\inc -Ic:\NTDDK\inc -Ic:\NTDDK\inc -Ic:\NTDDK\inc\ddk -Ic:\NTDDK\inc\ddk\wdm -Ic:\NTDDK\private\inc -Ic:\NTDDK\inc -D_X86_=1 -Di386=1  -DSTD_CALL -DCONDITION_HANDLING=1 -DNT_UP=1  -DNT_INST=0 -DWIN32=100 -D_NT1X_=100 -DWINNT=1 -D_WIN32_WINNT=0x0500 -DWINVER=0x0500 -D_WIN32_IE=0x0501    -DWIN32_LEAN_AND_MEAN=1 -DDBG=1 -DDEVL=1 -DFPO=0    -DNDEBUG -D_DLL=1  -D_WIN32 -DUNICODE -D_UNICODE -DUNDER_NT -DDEBUG_LEVEL=DEBUGLVL_TERSE     /c /Zel /Zp8 /Gy -cbstring -W3 -WX /Gz  /QIfdiv- /QIf /QI0f /GB /Gi- /Gm- /GX-  /GR- /GF -Z7 /Oxs /Oy-   -FIc:\NTDDK\inc\warning.h  .\syslink.cpp
syslink.cpp
cl -nologo -Ii386\ -I. -I..\inc -Ic:\NTDDK\inc -Ic:\NTDDK\inc -Ic:\NTDDK\inc\ddk -Ic:\NTDDK\inc\ddk\wdm -Ic:\NTDDK\private\inc -Ic:\NTDDK\inc -D_X86_=1 -Di386=1  -DSTD_CALL -DCONDITION_HANDLING=1 -DNT_UP=1  -DNT_INST=0 -DWIN32=100 -D_NT1X_=100 -DWINNT=1 -D_WIN32_WINNT=0x0500 -DWINVER=0x0500 -D_WIN32_IE=0x0501    -DWIN32_LEAN_AND_MEAN=1 -DDBG=1 -DDEVL=1 -DFPO=0    -DNDEBUG -D_DLL=1  -D_WIN32 -DUNICODE -D_UNICODE -DUNDER_NT -DDEBUG_LEVEL=DEBUGLVL_TERSE     /c /Zel /Zp8 /Gy -cbstring -W3 -WX /Gz  /QIfdiv- /QIf /QI0f /GB /Gi- /Gm- /GX-  /GR- /GF -Z7 /Oxs /Oy-   -FIc:\NTDDK\inc\warning.h  .\voice.cpp
voice.cpp
cl -nologo -Ii386\ -I. -I..\inc -Ic:\NTDDK\inc -Ic:\NTDDK\inc -Ic:\NTDDK\inc\ddk -Ic:\NTDDK\inc\ddk\wdm -Ic:\NTDDK\private\inc -Ic:\NTDDK\inc -D_X86_=1 -Di386=1  -DSTD_CALL -DCONDITION_HANDLING=1 -DNT_UP=1  -DNT_INST=0 -DWIN32=100 -D_NT1X_=100 -DWINNT=1 -D_WIN32_WINNT=0x0500 -DWINVER=0x0500 -D_WIN32_IE=0x0501    -DWIN32_LEAN_AND_MEAN=1 -DDBG=1 -DDEVL=1 -DFPO=0    -DNDEBUG -D_DLL=1  -D_WIN32 -DUNICODE -D_UNICODE -DUNDER_NT -DDEBUG_LEVEL=DEBUGLVL_TERSE     /c /Zel /Zp8 /Gy -cbstring -W3 -WX /Gz  /QIfdiv- /QIf /QI0f /GB /Gi- /Gm- /GX-  /GR- /GF -Z7 /Oxs /Oy-   -FIc:\NTDDK\inc\warning.h  .\mmx.cpp
mmx.cpp

Stop.
Linking c:\ntddk\src\wdm\audio\sb16 directory ********************
'nmake.exe /c BUILDMSG=Stop. -i LINKONLY=1 NOPASS0=1 NTTEST= UMTEST= 386=1'
	link -out:objchk\i386\mssb16.sys -machine:ix86 @C:\WINDOWS\TEMP\nma63863.
Microsoft (R) Incremental Linker Version 5.12.8181
Copyright (C) Microsoft Corp 1992-1998. All rights reserved.

-map 
-STACK:262144,4096 
-MERGE:_PAGE=PAGE 
-MERGE:_TEXT=.text 
-SECTION:INIT,d 
-OPT:REF 
-OPT:ICF 
-IGNORE:4001,4037,4039,4044,4065,4070,4078,4087,4089,4198 
-INCREMENTAL:NO 
-FULLBUILD 
-FORCE:MULTIPLE 
-NOCOMMENT 
/release 
-NODEFAULTLIB 
-debug:FULL 
-debugtype:cv 
-version:5.00 
-osversion:5.00 
-optidata 
-driver 
-align:0x20 
-subsystem:native,5.00 
-base:0x10000 
-entry:DriverEntry@8 
-out:objchk\i386\mssb16.sys 
objchk\i386\sb16.res 
objchk\i386\adapter.obj 
objchk\i386\common.obj 
objchk\i386\mintopo.obj 
objchk\i386\minwave.obj 
c:\NTDDK\libchk\i386\ntoskrnl.lib 
c:\NTDDK\libchk\i386\hal.lib 
c:\NTDDK\libchk\i386\wmilib.lib 
c:\NTDDK\libchk\i386\portcls.lib 
c:\NTDDK\libchk\i386\libcntpr.lib 
..\lib\i386\stdunk.lib 

Stop.
Linking c:\ntddk\src\wdm\audio\mpu401 directory ********************
'nmake.exe /c BUILDMSG=Stop. -i LINKONLY=1 NOPASS0=1 NTTEST= UMTEST= 386=1'
	link -out:objchk\i386\msmpu401.sys -machine:ix86 @C:\WINDOWS\TEMP\nma63399.
Microsoft (R) Incremental Linker Version 5.12.8181
Copyright (C) Microsoft Corp 1992-1998. All rights reserved.

-map 
-STACK:262144,4096 
-MERGE:_PAGE=PAGE 
-MERGE:_TEXT=.text 
-SECTION:INIT,d 
-OPT:REF 
-OPT:ICF 
-IGNORE:4001,4037,4039,4044,4065,4070,4078,4087,4089,4198 
-INCREMENTAL:NO 
-FULLBUILD 
-FORCE:MULTIPLE 
-NOCOMMENT 
/release 
-NODEFAULTLIB 
-debug:FULL 
-debugtype:cv 
-version:5.00 
-osversion:5.00 
-optidata 
-driver 
-align:0x20 
-subsystem:native,5.00 
-base:0x10000 
-entry:DriverEntry@8 
-out:objchk\i386\msmpu401.sys 
objchk\i386\mpu401.res 
objchk\i386\adapter.obj 
c:\NTDDK\libchk\i386\ntoskrnl.lib 
c:\NTDDK\libchk\i386\hal.lib 
c:\NTDDK\libchk\i386\wmilib.lib 
c:\NTDDK\libchk\i386\portcls.lib 
c:\NTDDK\libchk\i386\libcntpr.lib 
c:\NTDDK\libchk\i386\ksguid.lib 
..\lib\i386\stdunk.lib 

Stop.
Linking c:\ntddk\src\wdm\audio\ac97\ac97 directory ********************
'nmake.exe /c BUILDMSG=Stop. -i LINKONLY=1 NOPASS0=1 NTTEST= UMTEST= 386=1'
	link -out:objchk\i386\ac97smpl.sys -machine:ix86 @C:\WINDOWS\TEMP\nma60611.
Microsoft (R) Incremental Linker Version 5.12.8181
Copyright (C) Microsoft Corp 1992-1998. All rights reserved.

-map 
-STACK:262144,4096 
-MERGE:_PAGE=PAGE 
-MERGE:_TEXT=.text 
-SECTION:INIT,d 
-OPT:REF 
-OPT:ICF 
-IGNORE:4001,4037,4039,4044,4065,4070,4078,4087,4089,4198 
-INCREMENTAL:NO 
-FULLBUILD 
-FORCE:MULTIPLE 
-NOCOMMENT 
/release 
-NODEFAULTLIB 
-debug:FULL 
-debugtype:cv 
-version:5.00 
-osversion:5.00 
-optidata 
-driver 
-align:0x20 
-subsystem:native,5.00 
-base:0x10000 
-entry:DriverEntry@8 
-out:objchk\i386\ac97smpl.sys 
objchk\i386\ac97smpl.res 
objchk\i386\adapter.obj 
objchk\i386\common.obj 
objchk\i386\mintopo.obj 
objchk\i386\minwave.obj 
objchk\i386\prophnd.obj 
objchk\i386\ichwave.obj 
c:\NTDDK\libchk\i386\ntoskrnl.lib 
c:\NTDDK\libchk\i386\hal.lib 
c:\NTDDK\libchk\i386\wmilib.lib 
c:\NTDDK\libchk\i386\portcls.lib 
c:\NTDDK\libchk\i386\libcntpr.lib 
..\..\lib\i386\stdunk.lib 

Stop.
Linking c:\ntddk\src\wdm\audio\ac97\proppage directory ********************
'nmake.exe /c BUILDMSG=Stop. -i LINKONLY=1 NOPASS0=1 NTTEST= UMTEST= MAKEDLL=1 386=1'
	link -out:objchk\i386\ac97prop.DLL -machine:ix86 @C:\WINDOWS\TEMP\nma62071.
Microsoft (R) Incremental Linker Version 5.12.8181
Copyright (C) Microsoft Corp 1992-1998. All rights reserved.

-map 
-STACK:262144,4096 
-MERGE:_PAGE=PAGE 
-MERGE:_TEXT=.text 
-SECTION:INIT,d 
-OPT:REF 
-OPT:ICF 
-IGNORE:4001,4037,4039,4044,4065,4070,4078,4087,4089,4198 
-INCREMENTAL:NO 
-FULLBUILD 
-FORCE:MULTIPLE 
-NOCOMMENT 
/release 
-NODEFAULTLIB 
-debug:FULL 
-debugtype:cv 
-version:5.00 
-osversion:5.00 
-merge:.rdata=.text 
-dll 
-optidata 
-base:@c:\NTDDK\bin\coffbase.txt,ac97prop 
-subsystem:windows,4.00 
-entry:DllMain@12 
objchk\i386\ac97prop.exp 
objchk\i386\ac97prop.res 
objchk\i386\ac97prop.obj 
c:\NTDDK\libchk\i386\int64.lib 
c:\NTDDK\libchk\i386\ntdll.lib 
c:\NTDDK\libchk\i386\setupapi.lib 
c:\NTDDK\libchk\i386\kernel32.lib 
c:\NTDDK\libchk\i386\comctl32.lib 
c:\NTDDK\libchk\i386\user32.lib 

Stop.
Linking c:\ntddk\src\wdm\audio\ddksynth directory ********************
'nmake.exe /c BUILDMSG=Stop. -i LINKONLY=1 NOPASS0=1 NTTEST= UMTEST= 386=1'
	link -out:objchk\i386\DDKSynth.sys -machine:ix86 @C:\WINDOWS\TEMP\nma61755.
Microsoft (R) Incremental Linker Version 5.12.8181
Copyright (C) Microsoft Corp 1992-1998. All rights reserved.

-map 
-STACK:262144,4096 
-MERGE:_PAGE=PAGE 
-MERGE:_TEXT=.text 
-SECTION:INIT,d 
-OPT:REF 
-OPT:ICF 
-IGNORE:4001,4037,4039,4044,4065,4070,4078,4087,4089,4198 
-INCREMENTAL:NO 
-FULLBUILD 
-FORCE:MULTIPLE 
-NOCOMMENT 
/release 
-NODEFAULTLIB 
-debug:FULL 
-debugtype:cv 
-version:5.00 
-osversion:5.00 
-map 
-optidata 
-driver 
-align:0x20 
-subsystem:native,5.00 
-base:0x10000 
-entry:DriverEntry@8 
-out:objchk\i386\DDKSynth.sys 
objchk\i386\ddksynth.res 
objchk\i386\adapter.obj 
objchk\i386\clist.obj 
objchk\i386\control.obj 
objchk\i386\csynth.obj 
objchk\i386\instr.obj 
objchk\i386\kernhelp.obj 
objchk\i386\midi.obj 
objchk\i386\miniport.obj 
objchk\i386\mix.obj 
objchk\i386\plclock.obj 
objchk\i386\syslink.obj 
objchk\i386\voice.obj 
objchk\i386\mmx.obj 
c:\NTDDK\libchk\i386\ntoskrnl.lib 
c:\NTDDK\libchk\i386\hal.lib 
c:\NTDDK\libchk\i386\wmilib.lib 
c:\NTDDK\libchk\i386\portcls.lib 
c:\NTDDK\libchk\i386\ksguid.lib 
c:\NTDDK\libchk\i386\libcntpr.lib 
..\lib\i386\stdunk.lib 
	mapsym -o objchk\i386\DDKSynth.sym objchk\i386\DDKSynth.map
Microsoft (R) Symbol File Generator  Version 6.00
Copyright (C) Microsoft Corp 1984 - 1995.  All rights reserved.
Line number support enabled
Program entry point at 0004:005a

Stop.
