 mssb16

 Timestamp is 69a4cfae (Mon Mar 02 01:45:50 2026)

 Preferred load address is 00010000

 Start         Length     Name                   Class
 0001:00000000 00000d72H .text                   CODE
 0002:00000000 0000007cH .idata$5                DATA
 0002:00000080 0000059fH .rdata                  DATA
 0003:00000000 00000cf0H .data                   DATA
 0003:00000cf0 00000010H .bss                    DATA
 0004:00000000 00004eb5H PAGE                    CODE
 0005:00000000 000000a1H INIT                    CODE
 0005:000000a4 0000003cH .idata$2                CODE
 0005:000000e0 00000014H .idata$3                CODE
 0005:000000f4 0000007cH .idata$4                CODE
 0005:00000170 00000262H .idata$6                CODE
 0006:00000000 00000058H .rsrc$01                DATA
 0006:00000060 00000360H .rsrc$02                DATA

  Address         Publics by Value              Rva+Base     Lib:Object

 0001:00000000       ?QueryInterface@CAdapterCommon@@UAGJABU_GUID@@PAPAX@Z 000102e0 f i common.obj
 0001:00000018       ?AddRef@CAdapterCommon@@UAGKXZ 000102f8 f i common.obj
 0001:0000002c       ?Release@CAdapterCommon@@UAGKXZ 0001030c f i common.obj
 0001:00000040       ?SetWaveMiniport@CAdapterCommon@@UAGXPAUIWaveMiniportSB16@@@Z 00010320 f i common.obj
 0001:00000050       ??_ECAdapterCommon@@UAEPAXI@Z 00010330 f i common.obj
 0001:00000050       ??_GCAdapterCommon@@UAEPAXI@Z 00010330 f i common.obj
 0001:00000120       ?ReadController@CAdapterCommon@@UAGEXZ 00010400 f   common.obj
 0001:00000264       ?WriteController@CAdapterCommon@@UAGEE@Z 00010544 f   common.obj
 0001:0000033e       ?MixerRegWrite@CAdapterCommon@@UAGXEE@Z 0001061e f   common.obj
 0001:000003aa       ?MixerRegRead@CAdapterCommon@@UAGEE@Z 0001068a f   common.obj
 0001:0000041a       ?MixerReset@CAdapterCommon@@UAGXXZ 000106fa f   common.obj
 0001:0000049c       ?AcknowledgeIRQ@CAdapterCommon@@AAEXXZ 0001077c f   common.obj
 0001:000004d8       ?ResetController@CAdapterCommon@@UAGJXZ 000107b8 f   common.obj
 0001:0000053e       ?RestoreMixerSettingsFromRegistry@CAdapterCommon@@UAGJXZ 0001081e f   common.obj
 0001:0000069a       ?SaveMixerSettingsToRegistry@CAdapterCommon@@UAGJXZ 0001097a f   common.obj
 0001:00000758       ?PowerChangeState@CAdapterCommon@@UAGXT_POWER_STATE@@@Z 00010a38 f   common.obj
 0001:000007de       ?QueryPowerChangeState@CAdapterCommon@@UAGJT_POWER_STATE@@@Z 00010abe f   common.obj
 0001:00000844       ?QueryDeviceCapabilities@CAdapterCommon@@UAGJPAU_DEVICE_CAPABILITIES@@@Z 00010b24 f   common.obj
 0001:00000916       ?InterruptServiceRoutine@@YGJPAUIInterruptSync@@PAX@Z 00010bf6 f   common.obj
 0001:00000998       ?QueryInterface@CAdapterCommon@@W3AGJABU_GUID@@PAPAX@Z 00010c78 f i common.obj
 0001:000009a2       ?AddRef@CAdapterCommon@@W3AGKXZ 00010c82 f i common.obj
 0001:000009ac       ?Release@CAdapterCommon@@W3AGKXZ 00010c8c f i common.obj
 0001:000009b6       ?DataRangeIntersection@CMiniportTopologySB16@@UAGJKPATKSDATAFORMAT@@0KPAXPAK@Z 00010c96 f i mintopo.obj
 0001:000009be       ??_GCMiniportTopologySB16@@UAEPAXI@Z 00010c9e f i mintopo.obj
 0001:000009be       ??_ECMiniportTopologySB16@@UAEPAXI@Z 00010c9e f i mintopo.obj
 0001:000009e2       ?AddRef@CMiniportWaveCyclicSB16@@UAGKXZ 00010cc2 f i minwave.obj
 0001:000009e2       ?AddRef@CMiniportTopologySB16@@UAGKXZ 00010cc2 f i minwave.obj
 0001:000009e2       ?AddRef@CMiniportWaveCyclicStreamSB16@@UAGKXZ 00010cc2 f i minwave.obj
 0001:000009f6       ?Release@CMiniportTopologySB16@@UAGKXZ 00010cd6 f i minwave.obj
 0001:000009f6       ?Release@CMiniportWaveCyclicStreamSB16@@UAGKXZ 00010cd6 f i minwave.obj
 0001:000009f6       ?Release@CMiniportWaveCyclicSB16@@UAGKXZ 00010cd6 f i minwave.obj
 0001:00000a0a       ??_ECMiniportWaveCyclicSB16@@UAEPAXI@Z 00010cea f i minwave.obj
 0001:00000a0a       ??_GCMiniportWaveCyclicSB16@@UAEPAXI@Z 00010cea f i minwave.obj
 0001:00000a2e       ?QueryInterface@CMiniportWaveCyclicStreamSB16@@UAGJABU_GUID@@PAPAX@Z 00010d0e f i minwave.obj
 0001:00000a2e       ?QueryInterface@CMiniportTopologySB16@@UAGJABU_GUID@@PAPAX@Z 00010d0e f i minwave.obj
 0001:00000a2e       ?QueryInterface@CMiniportWaveCyclicSB16@@UAGJABU_GUID@@PAPAX@Z 00010d0e f i minwave.obj
 0001:00000a46       ??_ECMiniportWaveCyclicStreamSB16@@UAEPAXI@Z 00010d26 f i minwave.obj
 0001:00000a46       ??_GCMiniportWaveCyclicStreamSB16@@UAEPAXI@Z 00010d26 f i minwave.obj
 0001:00000ae1       ?GetPosition@CMiniportWaveCyclicStreamSB16@@UAGJPAK@Z 00010dc1 f   minwave.obj
 0001:00000b58       ?NormalizePhysicalPosition@CMiniportWaveCyclicStreamSB16@@UAGJPA_J@Z 00010e38 f   minwave.obj
 0001:00000ba2       ?Silence@CMiniportWaveCyclicStreamSB16@@UAGXPAXK@Z 00010e82 f   minwave.obj
 0001:00000bde       _DbgPrint                  00010ebe f   ntoskrnl:ntoskrnl.exe
 0001:00000be4       __alldiv                   00010ec4 f   ntoskrnl:ntoskrnl.exe
 0001:00000bea       __allmul                   00010eca f   ntoskrnl:ntoskrnl.exe
 0001:00000bf0       _PcInitializeAdapterDriver@12 00010ed0 f   portcls:portcls.sys
 0001:00000bf6       _PcAddAdapterDevice@20     00010ed6 f   portcls:portcls.sys
 0001:00000bfc       _PcRegisterSubdevice@12    00010edc f   portcls:portcls.sys
 0001:00000c02       _PcNewMiniport@8           00010ee2 f   portcls:portcls.sys
 0001:00000c08       _PcNewPort@8               00010ee8 f   portcls:portcls.sys
 0001:00000c0e       _PcRegisterPhysicalConnection@20 00010eee f   portcls:portcls.sys
 0001:00000c14       _PcRegisterAdapterPowerManagement@8 00010ef4 f   portcls:portcls.sys
 0001:00000c1a       _PcNewResourceSublist@20   00010efa f   portcls:portcls.sys
 0001:00000c20       _PcNewInterruptSync@20     00010f00 f   portcls:portcls.sys
 0001:00000c26       _PcGetTimeInterval@8       00010f06 f   portcls:portcls.sys
 0001:00000c2c       _PcNewRegistryKey@36       00010f0c f   portcls:portcls.sys
 0001:00000c32       _PcNewServiceGroup@8       00010f12 f   portcls:portcls.sys
 0001:00000c38       ??0CUnknown@@QAE@PAUIUnknown@@@Z 00010f18 f   stdunk:stdunk.obj
 0001:00000c5a       ??_ECUnknown@@UAEPAXI@Z    00010f3a f i stdunk:stdunk.obj
 0001:00000c5a       ??_GCUnknown@@UAEPAXI@Z    00010f3a f i stdunk:stdunk.obj
 0001:00000c79       ??1CUnknown@@UAE@XZ        00010f59 f   stdunk:stdunk.obj
 0001:00000c80       ?NonDelegatingAddRef@CUnknown@@UAGKXZ 00010f60 f   stdunk:stdunk.obj
 0001:00000cb3       ?NonDelegatingRelease@CUnknown@@UAGKXZ 00010f93 f   stdunk:stdunk.obj
 0001:00000cff       ?NonDelegatingQueryInterface@CUnknown@@UAGJABU_GUID@@PAPAX@Z 00010fdf f   stdunk:stdunk.obj
 0002:00000000       __imp__KeStallExecutionProcessor@4 00011060     hal:HAL.dll
 0002:00000004       __imp__WRITE_PORT_UCHAR@8  00011064     hal:HAL.dll
 0002:00000008       __imp__READ_PORT_UCHAR@4   00011068     hal:HAL.dll
 0002:0000000c       __imp__KeGetCurrentIrql@0  0001106c     hal:HAL.dll
 0002:00000010       \177HAL_NULL_THUNK_DATA    00011070     hal:HAL.dll
 0002:00000014       __imp__KeReleaseMutex@8    00011074     ntoskrnl:ntoskrnl.exe
 0002:00000018       __imp__KeInitializeMutex@8 00011078     ntoskrnl:ntoskrnl.exe
 0002:0000001c       __imp__ExAllocatePoolWithTag@12 0001107c     ntoskrnl:ntoskrnl.exe
 0002:00000020       __imp___allmul             00011080     ntoskrnl:ntoskrnl.exe
 0002:00000024       __imp__RtlInitUnicodeString@8 00011084     ntoskrnl:ntoskrnl.exe
 0002:00000028       __imp__DbgPrint            00011088     ntoskrnl:ntoskrnl.exe
 0002:0000002c       __imp___alldiv             0001108c     ntoskrnl:ntoskrnl.exe
 0002:00000030       __imp__KeWaitForSingleObject@20 00011090     ntoskrnl:ntoskrnl.exe
 0002:00000034       __imp__ExFreePool@4        00011094     ntoskrnl:ntoskrnl.exe
 0002:00000038       __imp_@InterlockedDecrement@4 00011098     ntoskrnl:ntoskrnl.exe
 0002:0000003c       __imp__RtlAssert@16        0001109c     ntoskrnl:ntoskrnl.exe
 0002:00000040       __imp_@InterlockedIncrement@4 000110a0     ntoskrnl:ntoskrnl.exe
 0002:00000044       \177ntoskrnl_NULL_THUNK_DATA 000110a4     ntoskrnl:ntoskrnl.exe
 0002:00000048       __imp__PcNewMiniport@8     000110a8     portcls:portcls.sys
 0002:0000004c       __imp__PcNewPort@8         000110ac     portcls:portcls.sys
 0002:00000050       __imp__PcRegisterPhysicalConnection@20 000110b0     portcls:portcls.sys
 0002:00000054       __imp__PcRegisterAdapterPowerManagement@8 000110b4     portcls:portcls.sys
 0002:00000058       __imp__PcRegisterSubdevice@12 000110b8     portcls:portcls.sys
 0002:0000005c       __imp__PcAddAdapterDevice@20 000110bc     portcls:portcls.sys
 0002:00000060       __imp__PcNewInterruptSync@20 000110c0     portcls:portcls.sys
 0002:00000064       __imp__PcGetTimeInterval@8 000110c4     portcls:portcls.sys
 0002:00000068       __imp__PcNewRegistryKey@36 000110c8     portcls:portcls.sys
 0002:0000006c       __imp__PcNewServiceGroup@8 000110cc     portcls:portcls.sys
 0002:00000070       __imp__PcNewResourceSublist@20 000110d0     portcls:portcls.sys
 0002:00000074       __imp__PcInitializeAdapterDriver@12 000110d4     portcls:portcls.sys
 0002:00000078       \177portcls_NULL_THUNK_DATA 000110d8     portcls:portcls.sys
 0002:000000d8       _IID_IAdapterCommon        00011138     adapter.obj
 0002:000000e8       _CLSID_MiniportDriverFmSynth 00011148     adapter.obj
 0002:000000f8       _CLSID_PortWaveCyclic      00011158     adapter.obj
 0002:00000108       _CLSID_PortTopology        00011168     adapter.obj
 0002:00000118       _CLSID_PortMidi            00011178     adapter.obj
 0002:00000128       _IID_IAdapterPowerManagment 00011188     adapter.obj
 0002:00000138       _IID_IMiniportWaveCyclicStream 00011198     adapter.obj
 0002:00000148       _IID_IMiniportWaveCyclic   000111a8     adapter.obj
 0002:00000158       _IID_IPortWaveCyclic       000111b8     adapter.obj
 0002:00000168       _IID_IMiniportTopology     000111c8     adapter.obj
 0002:00000178       _IID_IMiniport             000111d8     adapter.obj
 0002:00000188       _IID_IUnknown              000111e8     adapter.obj
 0002:00000198       ??_C@_1BE@ENEK@?$AAR?$AAi?$AAg?$AAh?$AAt?$AAB?$AAa?$AAs?$AAs?$AA?$AA@ 000111f8     common.obj
 0002:000001ac       ??_C@_1BC@JMJO@?$AAL?$AAe?$AAf?$AAt?$AAB?$AAa?$AAs?$AAs?$AA?$AA@ 0001120c     common.obj
 0002:000001c0       ??_C@_1BI@KGAJ@?$AAR?$AAi?$AAg?$AAh?$AAt?$AAT?$AAr?$AAe?$AAb?$AAl?$AAe?$AA?$AA@ 00011220     common.obj
 0002:000001d8       ??_C@_1BG@BGGD@?$AAL?$AAe?$AAf?$AAt?$AAT?$AAr?$AAe?$AAb?$AAl?$AAe?$AA?$AA@ 00011238     common.obj
 0002:000001f0       ??_C@_1O@IECC@?$AAM?$AAi?$AAc?$AAA?$AAG?$AAC?$AA?$AA@ 00011250     common.obj
 0002:00000200       ??_C@_1CA@EJHI@?$AAR?$AAi?$AAg?$AAh?$AAt?$AAO?$AAu?$AAt?$AAp?$AAu?$AAt?$AAG?$AAa?$AAi?$AAn?$AA?$AA@ 00011260     common.obj
 0002:00000220       ??_C@_1BO@PPLI@?$AAL?$AAe?$AAf?$AAt?$AAO?$AAu?$AAt?$AAp?$AAu?$AAt?$AAG?$AAa?$AAi?$AAn?$AA?$AA@ 00011280     common.obj
 0002:00000240       ??_C@_1BO@PMCJ@?$AAR?$AAi?$AAg?$AAh?$AAt?$AAI?$AAn?$AAp?$AAu?$AAt?$AAG?$AAa?$AAi?$AAn?$AA?$AA@ 000112a0     common.obj
 0002:00000260       ??_C@_1BM@CFEM@?$AAL?$AAe?$AAf?$AAt?$AAI?$AAn?$AAp?$AAu?$AAt?$AAG?$AAa?$AAi?$AAn?$AA?$AA@ 000112c0     common.obj
 0002:0000027c       ??_C@_1CA@CIKM@?$AAR?$AAi?$AAg?$AAh?$AAt?$AAI?$AAn?$AAp?$AAu?$AAt?$AAM?$AAi?$AAx?$AAe?$AAr?$AA?$AA@ 000112dc     common.obj
 0002:0000029c       ??_C@_1BO@JOGM@?$AAL?$AAe?$AAf?$AAt?$AAI?$AAn?$AAp?$AAu?$AAt?$AAM?$AAi?$AAx?$AAe?$AAr?$AA?$AA@ 000112fc     common.obj
 0002:000002bc       ??_C@_1BI@BMOJ@?$AAO?$AAu?$AAt?$AAp?$AAu?$AAt?$AAM?$AAi?$AAx?$AAe?$AAr?$AA?$AA@ 0001131c     common.obj
 0002:000002d4       ??_C@_1BE@GLOL@?$AAP?$AAc?$AAS?$AAp?$AAk?$AAr?$AAV?$AAo?$AAl?$AA?$AA@ 00011334     common.obj
 0002:000002e8       ??_C@_1O@MNBB@?$AAM?$AAi?$AAc?$AAV?$AAo?$AAl?$AA?$AA@ 00011348     common.obj
 0002:000002f8       ??_C@_1BO@HCKE@?$AAR?$AAi?$AAg?$AAh?$AAt?$AAL?$AAi?$AAn?$AAe?$AAI?$AAn?$AAV?$AAo?$AAl?$AA?$AA@ 00011358     common.obj
 0002:00000318       ??_C@_1BM@KLMB@?$AAL?$AAe?$AAf?$AAt?$AAL?$AAi?$AAn?$AAe?$AAI?$AAn?$AAV?$AAo?$AAl?$AA?$AA@ 00011378     common.obj
 0002:00000334       ??_C@_1BG@COJL@?$AAR?$AAi?$AAg?$AAh?$AAt?$AAC?$AAD?$AAV?$AAo?$AAl?$AA?$AA@ 00011394     common.obj
 0002:0000034c       ??_C@_1BE@KMKA@?$AAL?$AAe?$AAf?$AAt?$AAC?$AAD?$AAV?$AAo?$AAl?$AA?$AA@ 000113ac     common.obj
 0002:00000360       ??_C@_1BK@JCIM@?$AAR?$AAi?$AAg?$AAh?$AAt?$AAM?$AAi?$AAd?$AAi?$AAV?$AAo?$AAl?$AA?$AA@ 000113c0     common.obj
 0002:0000037c       ??_C@_1BI@KBIJ@?$AAL?$AAe?$AAf?$AAt?$AAM?$AAi?$AAd?$AAi?$AAV?$AAo?$AAl?$AA?$AA@ 000113dc     common.obj
 0002:00000394       ??_C@_1BK@MFCG@?$AAR?$AAi?$AAg?$AAh?$AAt?$AAW?$AAa?$AAv?$AAe?$AAV?$AAo?$AAl?$AA?$AA@ 000113f4     common.obj
 0002:000003b0       ??_C@_1BI@PGCD@?$AAL?$AAe?$AAf?$AAt?$AAW?$AAa?$AAv?$AAe?$AAV?$AAo?$AAl?$AA?$AA@ 00011410     common.obj
 0002:000003c8       ??_C@_1BO@NHA@?$AAR?$AAi?$AAg?$AAh?$AAt?$AAM?$AAa?$AAs?$AAt?$AAe?$AAr?$AAV?$AAo?$AAl?$AA?$AA@ 00011428     common.obj
 0002:000003e8       ??_C@_1BM@NEBF@?$AAL?$AAe?$AAf?$AAt?$AAM?$AAa?$AAs?$AAt?$AAe?$AAr?$AAV?$AAo?$AAl?$AA?$AA@ 00011448     common.obj
 0002:00000404       ??_7CAdapterCommon@@6BCUnknown@@@ 00011464     common.obj
 0002:00000414       ??_7CAdapterCommon@@6BIAdapterPowerManagement@@@ 00011474     common.obj
 0002:0000042c       ??_7CAdapterCommon@@6BIAdapterCommon@@@ 0001148c     common.obj
 0002:00000530       ??_7CMiniportTopologySB16@@6BCUnknown@@@ 00011590     mintopo.obj
 0002:00000540       ??_7CMiniportTopologySB16@@6BIMiniportTopology@@@ 000115a0     mintopo.obj
 0002:00000558       ??_7CMiniportWaveCyclicSB16@@6BCUnknown@@@ 000115b8     minwave.obj
 0002:00000568       ??_7CMiniportWaveCyclicSB16@@6BIMiniportWaveCyclic@@@ 000115c8     minwave.obj
 0002:00000584       ??_7CMiniportWaveCyclicStreamSB16@@6BIMiniportWaveCyclicStream@@@ 000115e4     minwave.obj
 0002:000005a8       ??_7CMiniportWaveCyclicStreamSB16@@6BCUnknown@@@ 00011608     minwave.obj
 0002:000005b8       ??_7CUnknown@@6B@          00011618     stdunk:stdunk.obj
 0002:000005c8       ??_C@_0BB@CHNF@m_lRefCount?5?$DO?$DN?50?$AA@ 00011628     stdunk:stdunk.obj
 0002:000005dc       ??_C@_0CJ@OFAO@c?3?2ntddk?2src?2wdm?2audio?2stdunk?2st@ 0001163c     stdunk:stdunk.obj
 0002:00000608       ??_C@_0BA@HPDB@m_lRefCount?5?$DO?50?$AA@ 00011668     stdunk:stdunk.obj
 0002:00000618       ??_C@_06DPDC@ppVoid?$AA@   00011678     stdunk:stdunk.obj
 0003:00000000       __GUID_b7902fe9_fb0a_11d1_81b0_0060083316c1 00011680     adapter.obj
 0003:00000010       __GUID_d3f0ce1c_fffc_11d1_81b0_0060083316c1 00011690     adapter.obj
 0003:00000020       __GUID_c096df9c_fb09_11d1_81b0_0060083316c1 000116a0     adapter.obj
 0003:000007e8       __GUID_185fedf6_9905_11d1_95a9_00c04fb925d3 00011e68     mintopo.obj
 0003:000007f8       __GUID_185fedef_9905_11d1_95a9_00c04fb925d3 00011e78     mintopo.obj
 0003:00000808       __GUID_185fede1_9905_11d1_95a9_00c04fb925d3 00011e88     mintopo.obj
 0003:00000818       __GUID_185fede0_9905_11d1_95a9_00c04fb925d3 00011e98     mintopo.obj
 0003:00000828       __GUID_7607e580_c557_11d0_8a2b_00a0c9255ac1 00011ea8     mintopo.obj
 0003:00000838       __GUID_185fede3_9905_11d1_95a9_00c04fb925d3 00011eb8     mintopo.obj
 0003:00000848       __GUID_da441a60_c556_11d0_8a2b_00a0c9255ac1 00011ec8     mintopo.obj
 0003:00000858       __GUID_185fedee_9905_11d1_95a9_00c04fb925d3 00011ed8     mintopo.obj
 0003:00000868       __GUID_02b223c0_c557_11d0_8a2b_00a0c9255ac1 00011ee8     mintopo.obj
 0003:00000878       __GUID_185feded_9905_11d1_95a9_00c04fb925d3 00011ef8     mintopo.obj
 0003:00000888       __GUID_e88c9ba0_c557_11d0_8a2b_00a0c9255ac1 00011f08     mintopo.obj
 0003:00000898       __GUID_185fedec_9905_11d1_95a9_00c04fb925d3 00011f18     mintopo.obj
 0003:000008a8       __GUID_185fedeb_9905_11d1_95a9_00c04fb925d3 00011f28     mintopo.obj
 0003:000008b8       __GUID_185fedea_9905_11d1_95a9_00c04fb925d3 00011f38     mintopo.obj
 0003:000008c8       __GUID_185fede9_9905_11d1_95a9_00c04fb925d3 00011f48     mintopo.obj
 0003:000008d8       __GUID_185fede8_9905_11d1_95a9_00c04fb925d3 00011f58     mintopo.obj
 0003:000008e8       __GUID_e573adc0_c555_11d0_8a2b_00a0c9255ac1 00011f68     mintopo.obj
 0003:000008f8       __GUID_185fede7_9905_11d1_95a9_00c04fb925d3 00011f78     mintopo.obj
 0003:00000908       __GUID_185fede5_9905_11d1_95a9_00c04fb925d3 00011f88     mintopo.obj
 0003:00000918       __GUID_3a5acc00_c557_11d0_8a2b_00a0c9255ac1 00011f98     mintopo.obj
 0003:00000928       __GUID_45ffaaa0_6e1b_11d0_bcf2_444553540000 00011fa8     mintopo.obj
 0003:00000938       __GUID_6994ad04_93ef_11d0_a3cc_00a0c9223196 00011fb8     mintopo.obj
 0003:00000948       __GUID_185fedf7_9905_11d1_95a9_00c04fb925d3 00011fc8     mintopo.obj
 0003:00000958       __GUID_dff21ce1_f70f_11d0_b917_00a0c9223196 00011fd8     mintopo.obj
 0003:00000968       __GUID_dff21be1_f70f_11d0_b917_00a0c9223196 00011fe8     mintopo.obj
 0003:00000978       __GUID_185fedf9_9905_11d1_95a9_00c04fb925d3 00011ff8     mintopo.obj
 0003:00000988       __GUID_dff21fe3_f70f_11d0_b917_00a0c9223196 00012008     mintopo.obj
 0003:00000998       __GUID_185fedfb_9905_11d1_95a9_00c04fb925d3 00012018     mintopo.obj
 0003:000009a8       __GUID_dff220e3_f70f_11d0_b917_00a0c9223196 00012028     mintopo.obj
 0003:000009b8       __GUID_185fedf8_9905_11d1_95a9_00c04fb925d3 00012038     mintopo.obj
 0003:000009c8       __GUID_dff220f3_f70f_11d0_b917_00a0c9223196 00012048     mintopo.obj
 0003:000009d8       __GUID_dff21fe4_f70f_11d0_b917_00a0c9223196 00012058     mintopo.obj
 0003:000009e8       __GUID_97e99ba0_bdea_11cf_a5d6_28db04c10000 00012068     mintopo.obj
 0003:00000c60       __GUID_507ae360_c554_11d0_8a2b_00a0c9255ac1 000122e0     minwave.obj
 0003:00000c70       __GUID_4d837fe0_c555_11d0_8a2b_00a0c9255ac1 000122f0     minwave.obj
 0003:00000c80       __GUID_185fedfa_9905_11d1_95a9_00c04fb925d3 00012300     minwave.obj
 0003:00000c90       __GUID_fb6c4281_0353_11d1_905f_0000c0cc16ba 00012310     minwave.obj
 0003:00000ca0       __GUID_05589f81_c356_11ce_bf01_00aa0055595a 00012320     minwave.obj
 0003:00000cb0       __GUID_00000001_0000_0010_8000_00aa00389b71 00012330     minwave.obj
 0003:00000cc0       __GUID_73647561_0000_0010_8000_00aa00389b71 00012340     minwave.obj
 0003:00000cd0       __GUID_0f6417d6_c318_11d0_a43f_00a0c9223196 00012350     minwave.obj
 0003:00000ce0       __GUID_518590a2_a184_11d0_8522_00c04fd9baf3 00012360     minwave.obj
 0003:00000cf0       __GUID_00000000_0000_0000_0000_000000000000 00012370     adapter.obj
 0004:00000056       _AddDevice@8               000123d6 f   adapter.obj
 0004:000002b2       ?InstallSubdevice@@YGJPAU_DEVICE_OBJECT@@PAU_IRP@@PAGABU_GUID@@3P6GJPAPAUIUnknown@@3PAU4@W4_POOL_TYPE@@@Z5PAUIResourceList@@344@Z 00012632 f   adapter.obj
 0004:00000608       ?StartDevice@@YGJPAU_DEVICE_OBJECT@@PAU_IRP@@PAUIResourceList@@@Z 00012988 f   adapter.obj
 0004:00000d8a       ?AssignResources@@YGJPAUIResourceList@@PAPAU1@11111@Z 0001310a f   adapter.obj
 0004:000011d2       ?NewAdapterCommon@@YGJPAPAUIUnknown@@ABU_GUID@@PAU1@W4_POOL_TYPE@@@Z 00013552 f   common.obj
 0004:00001402       ?Init@CAdapterCommon@@UAGJPAUIResourceList@@PAU_DEVICE_OBJECT@@@Z 00013782 f   common.obj
 0004:000015ea       ??1CAdapterCommon@@UAE@XZ  0001396a f   common.obj
 0004:000016e9       ?NonDelegatingQueryInterface@CAdapterCommon@@UAGJABU_GUID@@PAPAX@Z 00013a69 f   common.obj
 0004:0000184c       ?GetInterruptSync@CAdapterCommon@@UAGPAUIInterruptSync@@XZ 00013bcc f   common.obj
 0004:00001918       ?CreateMiniportTopologySB16@@YGJPAPAUIUnknown@@ABU_GUID@@PAU1@W4_POOL_TYPE@@@Z 00013c98 f   mintopo.obj
 0004:00001a88       ?ProcessResources@CMiniportTopologySB16@@AAEJPAUIResourceList@@@Z 00013e08 f   mintopo.obj
 0004:00001bbb       ?NonDelegatingQueryInterface@CMiniportTopologySB16@@UAGJABU_GUID@@PAPAX@Z 00013f3b f   mintopo.obj
 0004:00001d06       ??1CMiniportTopologySB16@@UAE@XZ 00014086 f   mintopo.obj
 0004:00001e69       ?Init@CMiniportTopologySB16@@UAGJPAUIUnknown@@PAUIResourceList@@PAUIPortTopology@@@Z 000141e9 f   mintopo.obj
 0004:00001fd0       ?GetDescription@CMiniportTopologySB16@@UAGJPAPAUPCFILTER_DESCRIPTOR@@@Z 00014350 f   mintopo.obj
 0004:000030ca       ?ReadBitsFromMixer@CMiniportTopologySB16@@AAEEEEE@Z 0001544a f   mintopo.obj
 0004:000030f2       ?WriteBitsToMixer@CMiniportTopologySB16@@AAEXEEEE@Z 00015472 f   mintopo.obj
 0004:000031d0       ?CreateMiniportWaveCyclicSB16@@YGJPAPAUIUnknown@@ABU_GUID@@PAU1@W4_POOL_TYPE@@@Z 00015550 f   minwave.obj
 0004:000032fe       ?MapUsingTable@@YGHKPAKK@Z 0001567e f   minwave.obj
 0004:000033c4       ?ConfigureDevice@CMiniportWaveCyclicSB16@@AAEEKKK@Z 00015744 f   minwave.obj
 0004:000035e8       ?ProcessResources@CMiniportWaveCyclicSB16@@AAEJPAUIResourceList@@@Z 00015968 f   minwave.obj
 0004:000038b7       ?ValidateFormat@CMiniportWaveCyclicSB16@@AAEJPATKSDATAFORMAT@@@Z 00015c37 f   minwave.obj
 0004:00003a81       ?NonDelegatingQueryInterface@CMiniportWaveCyclicSB16@@UAGJABU_GUID@@PAPAX@Z 00015e01 f   minwave.obj
 0004:00003bd2       ??1CMiniportWaveCyclicSB16@@UAE@XZ 00015f52 f   minwave.obj
 0004:00003d7c       ?Init@CMiniportWaveCyclicSB16@@UAGJPAUIUnknown@@PAUIResourceList@@PAUIPortWaveCyclic@@@Z 000160fc f   minwave.obj
 0004:00003f2e       ?GetDescription@CMiniportWaveCyclicSB16@@UAGJPAPAUPCFILTER_DESCRIPTOR@@@Z 000162ae f   minwave.obj
 0004:00003f92       ?DataRangeIntersection@CMiniportWaveCyclicSB16@@UAGJKPATKSDATAFORMAT@@0KPAXPAK@Z 00016312 f   minwave.obj
 0004:00004318       ?NewStream@CMiniportWaveCyclicSB16@@UAGJPAPAUIMiniportWaveCyclicStream@@PAUIUnknown@@W4_POOL_TYPE@@KEPATKSDATAFORMAT@@PAPAUIDmaChannel@@PAPAUIServiceGroup@@@Z 00016698 f   minwave.obj
 0004:00004577       ?NonDelegatingQueryInterface@CMiniportWaveCyclicStreamSB16@@UAGJABU_GUID@@PAPAX@Z 000168f7 f   minwave.obj
 0004:000046a2       ??1CMiniportWaveCyclicStreamSB16@@UAE@XZ 00016a22 f   minwave.obj
 0004:00004892       ?Init@CMiniportWaveCyclicStreamSB16@@QAEJPAVCMiniportWaveCyclicSB16@@KEPATKSDATAFORMAT@@PAUIDmaChannelSlave@@@Z 00016c12 f   minwave.obj
 0004:00004a14       ?SetNotificationFreq@CMiniportWaveCyclicStreamSB16@@UAGKKPAK@Z 00016d94 f   minwave.obj
 0004:00004b15       ?SetFormat@CMiniportWaveCyclicStreamSB16@@UAGJPATKSDATAFORMAT@@@Z 00016e95 f   minwave.obj
 0004:00004c70       ?SetState@CMiniportWaveCyclicStreamSB16@@UAGJW4KSSTATE@@@Z 00016ff0 f   minwave.obj
 0005:00000056       _DriverEntry@8             00017296 f   adapter.obj
 0005:000000a4       __IMPORT_DESCRIPTOR_ntoskrnl 000172e4     ntoskrnl:ntoskrnl.exe
 0005:000000b8       __IMPORT_DESCRIPTOR_HAL    000172f8     hal:HAL.dll
 0005:000000cc       __IMPORT_DESCRIPTOR_portcls 0001730c     portcls:portcls.sys
 0005:000000e0       __NULL_IMPORT_DESCRIPTOR   00017320     ntoskrnl:ntoskrnl.exe

 entry point at        0005:00000056

 Static symbols

 0004:000020c4       ?PropertyHandler_OnOff@@YGJPAU_PCPROPERTY_REQUEST@@@Z 00014444 f   mintopo.obj
 0004:0000233e       ?PropertyHandler_Level@@YGJPAU_PCPROPERTY_REQUEST@@@Z 000146be f   mintopo.obj
 0004:0000279e       ?BasicSupportHandler@@YGJPAU_PCPROPERTY_REQUEST@@@Z 00014b1e f   mintopo.obj
 0004:00002946       ?PropertyHandler_SuperMixCaps@@YGJPAU_PCPROPERTY_REQUEST@@@Z 00014cc6 f   mintopo.obj
 0004:00002c0a       ?PropertyHandler_SuperMixTable@@YGJPAU_PCPROPERTY_REQUEST@@@Z 00014f8a f   mintopo.obj
 0004:00002ff2       ?PropertyHandler_CpuResources@@YGJPAU_PCPROPERTY_REQUEST@@@Z 00015372 f   mintopo.obj

 124 bytes saved through ICF

